Archive member included to satisfy reference by file (symbol)

c:/altera_lite/16.0/nios2eds/bin/gnu/h-x86_64-mingw32/bin/../lib/gcc/nios2-elf/5.2.0/mno-hw-mul\libgcc.a(lib2-divmod.o)
                              obj/default/sensor.o (__divsi3)
c:/altera_lite/16.0/nios2eds/bin/gnu/h-x86_64-mingw32/bin/../lib/gcc/nios2-elf/5.2.0/mno-hw-mul\libgcc.a(lib2-mul.o)
                              obj/default/main.o (__mulsi3)
c:/altera_lite/16.0/nios2eds/bin/gnu/h-x86_64-mingw32/bin/../lib/gcc/nios2-elf/5.2.0/mno-hw-mul\libgcc.a(fixsfsi.o)
                              obj/default/sensor.o (__fixsfsi)
c:/altera_lite/16.0/nios2eds/bin/gnu/h-x86_64-mingw32/bin/../lib/gcc/nios2-elf/5.2.0/../../../../../H-x86_64-mingw32/nios2-elf/lib/mno-hw-mul\libsmallc.a(lib_a-memcpy.o)
                              obj/default/main.o (memcpy)
c:/altera_lite/16.0/nios2eds/bin/gnu/h-x86_64-mingw32/bin/../lib/gcc/nios2-elf/5.2.0/../../../../../H-x86_64-mingw32/nios2-elf/lib/mno-hw-mul\libsmallc.a(lib_a-memset.o)
                              obj/default/sensor.o (memset)
c:/altera_lite/16.0/nios2eds/bin/gnu/h-x86_64-mingw32/bin/../lib/gcc/nios2-elf/5.2.0/../../../../../H-x86_64-mingw32/nios2-elf/lib/mno-hw-mul\libsmallc.a(lib_a-strlen.o)
                              obj/default/vga_util.o (strlen)
../C_eng_job4_bsp/\libhal_bsp.a(alt_load.o)
                              ../C_eng_job4_bsp//obj/HAL/src/crt0.o (alt_load)
../C_eng_job4_bsp/\libhal_bsp.a(alt_main.o)
                              ../C_eng_job4_bsp//obj/HAL/src/crt0.o (alt_main)
../C_eng_job4_bsp/\libhal_bsp.a(alt_sys_init.o)
                              ../C_eng_job4_bsp/\libhal_bsp.a(alt_main.o) (alt_irq_init)
../C_eng_job4_bsp/\libhal_bsp.a(altera_avalon_jtag_uart_fd.o)
                              ../C_eng_job4_bsp/\libhal_bsp.a(alt_sys_init.o) (altera_avalon_jtag_uart_read_fd)
../C_eng_job4_bsp/\libhal_bsp.a(altera_avalon_jtag_uart_read.o)
                              ../C_eng_job4_bsp/\libhal_bsp.a(altera_avalon_jtag_uart_fd.o) (altera_avalon_jtag_uart_read)
../C_eng_job4_bsp/\libhal_bsp.a(altera_avalon_jtag_uart_write.o)
                              ../C_eng_job4_bsp/\libhal_bsp.a(altera_avalon_jtag_uart_fd.o) (altera_avalon_jtag_uart_write)
../C_eng_job4_bsp/\libhal_bsp.a(altera_avalon_spi.o)
                              obj/default/sensor.o (alt_avalon_spi_command)
../C_eng_job4_bsp/\libhal_bsp.a(altera_modular_adc.o)
                              ../C_eng_job4_bsp/\libhal_bsp.a(alt_sys_init.o) (altera_modular_adc_init)
../C_eng_job4_bsp/\libhal_bsp.a(alt_close.o)
                              ../C_eng_job4_bsp/\libhal_bsp.a(alt_main.o) (close)
../C_eng_job4_bsp/\libhal_bsp.a(alt_dcache_flush_all.o)
                              ../C_eng_job4_bsp/\libhal_bsp.a(alt_load.o) (alt_dcache_flush_all)
../C_eng_job4_bsp/\libhal_bsp.a(alt_dev.o)
                              ../C_eng_job4_bsp/\libhal_bsp.a(alt_close.o) (alt_fd_list)
../C_eng_job4_bsp/\libhal_bsp.a(alt_dev_llist_insert.o)
                              ../C_eng_job4_bsp/\libhal_bsp.a(alt_sys_init.o) (alt_dev_llist_insert)
../C_eng_job4_bsp/\libhal_bsp.a(alt_errno.o)
                              ../C_eng_job4_bsp/\libhal_bsp.a(alt_close.o) (alt_errno)
../C_eng_job4_bsp/\libhal_bsp.a(alt_find_dev.o)
                              ../C_eng_job4_bsp/\libhal_bsp.a(altera_modular_adc.o) (alt_find_dev)
../C_eng_job4_bsp/\libhal_bsp.a(alt_icache_flush_all.o)
                              ../C_eng_job4_bsp/\libhal_bsp.a(alt_load.o) (alt_icache_flush_all)
../C_eng_job4_bsp/\libhal_bsp.a(alt_iic.o)
                              ../C_eng_job4_bsp/\libhal_bsp.a(altera_modular_adc.o) (alt_ic_isr_register)
../C_eng_job4_bsp/\libhal_bsp.a(alt_iic_isr_register.o)
                              ../C_eng_job4_bsp/\libhal_bsp.a(alt_iic.o) (alt_iic_isr_register)
../C_eng_job4_bsp/\libhal_bsp.a(alt_io_redirect.o)
                              ../C_eng_job4_bsp/\libhal_bsp.a(alt_main.o) (alt_io_redirect)
../C_eng_job4_bsp/\libhal_bsp.a(alt_irq_entry.o)
                              ../C_eng_job4_bsp/\libhal_bsp.a(alt_iic_isr_register.o) (alt_irq_entry)
../C_eng_job4_bsp/\libhal_bsp.a(alt_irq_handler.o)
                              ../C_eng_job4_bsp/\libhal_bsp.a(alt_iic_isr_register.o) (alt_irq_handler)
../C_eng_job4_bsp/\libhal_bsp.a(alt_irq_vars.o)
                              ../C_eng_job4_bsp/\libhal_bsp.a(alt_iic.o) (alt_irq_active)
../C_eng_job4_bsp/\libhal_bsp.a(alt_open.o)
                              ../C_eng_job4_bsp/\libhal_bsp.a(alt_io_redirect.o) (open)
../C_eng_job4_bsp/\libhal_bsp.a(alt_release_fd.o)
                              ../C_eng_job4_bsp/\libhal_bsp.a(alt_close.o) (alt_release_fd)
../C_eng_job4_bsp/\libhal_bsp.a(altera_nios2_gen2_irq.o)
                              ../C_eng_job4_bsp/\libhal_bsp.a(alt_sys_init.o) (altera_nios2_gen2_irq_init)
../C_eng_job4_bsp/\libhal_bsp.a(alt_exception_entry.o)
                              ../C_eng_job4_bsp/\libhal_bsp.a(alt_irq_entry.o) (alt_exception)
../C_eng_job4_bsp/\libhal_bsp.a(alt_find_file.o)
                              ../C_eng_job4_bsp/\libhal_bsp.a(alt_open.o) (alt_find_file)
../C_eng_job4_bsp/\libhal_bsp.a(alt_get_fd.o)
                              ../C_eng_job4_bsp/\libhal_bsp.a(alt_open.o) (alt_get_fd)
../C_eng_job4_bsp/\libhal_bsp.a(alt_instruction_exception_entry.o)
                              ../C_eng_job4_bsp/\libhal_bsp.a(alt_exception_entry.o) (alt_instruction_exception_entry)
c:/altera_lite/16.0/nios2eds/bin/gnu/h-x86_64-mingw32/bin/../lib/gcc/nios2-elf/5.2.0/../../../../../H-x86_64-mingw32/nios2-elf/lib/mno-hw-mul\libsmallc.a(lib_a-exit.o)
                              ../C_eng_job4_bsp/\libhal_bsp.a(alt_main.o) (exit)
c:/altera_lite/16.0/nios2eds/bin/gnu/h-x86_64-mingw32/bin/../lib/gcc/nios2-elf/5.2.0/../../../../../H-x86_64-mingw32/nios2-elf/lib/mno-hw-mul\libsmallc.a(lib_a-int_errno.o)
                              ../C_eng_job4_bsp/\libhal_bsp.a(alt_close.o) (errno)
c:/altera_lite/16.0/nios2eds/bin/gnu/h-x86_64-mingw32/bin/../lib/gcc/nios2-elf/5.2.0/../../../../../H-x86_64-mingw32/nios2-elf/lib/mno-hw-mul\libsmallc.a(lib_a-memcmp.o)
                              ../C_eng_job4_bsp/\libhal_bsp.a(alt_find_dev.o) (memcmp)
c:/altera_lite/16.0/nios2eds/bin/gnu/h-x86_64-mingw32/bin/../lib/gcc/nios2-elf/5.2.0/../../../../../H-x86_64-mingw32/nios2-elf/lib/mno-hw-mul\libsmallc.a(lib_a-__call_atexit.o)
                              c:/altera_lite/16.0/nios2eds/bin/gnu/h-x86_64-mingw32/bin/../lib/gcc/nios2-elf/5.2.0/../../../../../H-x86_64-mingw32/nios2-elf/lib/mno-hw-mul\libsmallc.a(lib_a-exit.o) (__call_exitprocs)
c:/altera_lite/16.0/nios2eds/bin/gnu/h-x86_64-mingw32/bin/../lib/gcc/nios2-elf/5.2.0/../../../../../H-x86_64-mingw32/nios2-elf/lib/mno-hw-mul\libsmallc.a(lib_a-impure.o)
                              c:/altera_lite/16.0/nios2eds/bin/gnu/h-x86_64-mingw32/bin/../lib/gcc/nios2-elf/5.2.0/../../../../../H-x86_64-mingw32/nios2-elf/lib/mno-hw-mul\libsmallc.a(lib_a-__call_atexit.o) (_global_impure_ptr)
../C_eng_job4_bsp/\libhal_bsp.a(alt_exit.o)
                              c:/altera_lite/16.0/nios2eds/bin/gnu/h-x86_64-mingw32/bin/../lib/gcc/nios2-elf/5.2.0/../../../../../H-x86_64-mingw32/nios2-elf/lib/mno-hw-mul\libsmallc.a(lib_a-exit.o) (_exit)

Allocating common symbols
Common symbol       size              file

alt_irq             0x100             ../C_eng_job4_bsp/\libhal_bsp.a(alt_irq_handler.o)
errno               0x4               c:/altera_lite/16.0/nios2eds/bin/gnu/h-x86_64-mingw32/bin/../lib/gcc/nios2-elf/5.2.0/../../../../../H-x86_64-mingw32/nios2-elf/lib/mno-hw-mul\libsmallc.a(lib_a-int_errno.o)

Memory Configuration

Name             Origin             Length             Attributes
reset            0x0000000000800000 0x0000000000000020
SDRAM_Controller 0x0000000000800020 0x00000000007fffe0
*default*        0x0000000000000000 0xffffffffffffffff

Linker script and memory map

LOAD ../C_eng_job4_bsp//obj/HAL/src/crt0.o
LOAD obj/default/main.o
LOAD obj/default/sensor.o
LOAD obj/default/vga_util.o
LOAD c:/altera_lite/16.0/nios2eds/bin/gnu/h-x86_64-mingw32/bin/../lib/gcc/nios2-elf/5.2.0/../../../../../H-x86_64-mingw32/nios2-elf/lib/mno-hw-mul\libstdc++.a
LOAD c:/altera_lite/16.0/nios2eds/bin/gnu/h-x86_64-mingw32/bin/../lib/gcc/nios2-elf/5.2.0/../../../../../H-x86_64-mingw32/nios2-elf/lib/mno-hw-mul\libm.a
LOAD c:/altera_lite/16.0/nios2eds/bin/gnu/h-x86_64-mingw32/bin/../lib/gcc/nios2-elf/5.2.0/mno-hw-mul\libgcc.a
START GROUP
LOAD c:/altera_lite/16.0/nios2eds/bin/gnu/h-x86_64-mingw32/bin/../lib/gcc/nios2-elf/5.2.0/../../../../../H-x86_64-mingw32/nios2-elf/lib/mno-hw-mul\libsmallc.a
LOAD c:/altera_lite/16.0/nios2eds/bin/gnu/h-x86_64-mingw32/bin/../lib/gcc/nios2-elf/5.2.0/mno-hw-mul\libgcc.a
LOAD ../C_eng_job4_bsp/\libhal_bsp.a
LOAD c:/altera_lite/16.0/nios2eds/bin/gnu/h-x86_64-mingw32/bin/../lib/gcc/nios2-elf/5.2.0/../../../../../H-x86_64-mingw32/nios2-elf/lib/mno-hw-mul\libm.a
END GROUP
LOAD c:/altera_lite/16.0/nios2eds/bin/gnu/h-x86_64-mingw32/bin/../lib/gcc/nios2-elf/5.2.0/mno-hw-mul\libgcc.a
                0x0000000000800000                __alt_mem_SDRAM_Controller = 0x800000

.entry          0x0000000000800000       0x20
 *(.entry)
 .entry         0x0000000000800000       0x20 ../C_eng_job4_bsp//obj/HAL/src/crt0.o
                0x0000000000800000                __reset

.exceptions     0x0000000000800020      0x160
                0x0000000000800020                PROVIDE (__ram_exceptions_start, ABSOLUTE (.))
                0x0000000000800020                . = ALIGN (0x20)
 *(.irq)
 *(.exceptions.entry.label)
 .exceptions.entry.label
                0x0000000000800020        0x0 ../C_eng_job4_bsp/\libhal_bsp.a(alt_irq_entry.o)
                0x0000000000800020                alt_irq_entry
 .exceptions.entry.label
                0x0000000000800020        0x0 ../C_eng_job4_bsp/\libhal_bsp.a(alt_exception_entry.o)
                0x0000000000800020                alt_exception
 *(.exceptions.entry.user)
 *(.exceptions.entry.ecc_fatal)
 *(.exceptions.entry)
 .exceptions.entry
                0x0000000000800020       0x54 ../C_eng_job4_bsp/\libhal_bsp.a(alt_exception_entry.o)
 *(.exceptions.irqtest.user)
 *(.exceptions.irqtest)
 .exceptions.irqtest
                0x0000000000800074       0x10 ../C_eng_job4_bsp/\libhal_bsp.a(alt_irq_entry.o)
 *(.exceptions.irqhandler.user)
 *(.exceptions.irqhandler)
 .exceptions.irqhandler
                0x0000000000800084        0x4 ../C_eng_job4_bsp/\libhal_bsp.a(alt_irq_entry.o)
 *(.exceptions.irqreturn.user)
 *(.exceptions.irqreturn)
 .exceptions.irqreturn
                0x0000000000800088        0x4 ../C_eng_job4_bsp/\libhal_bsp.a(alt_irq_entry.o)
 *(.exceptions.notirq.label)
 .exceptions.notirq.label
                0x000000000080008c        0x0 ../C_eng_job4_bsp/\libhal_bsp.a(alt_irq_entry.o)
 *(.exceptions.notirq.user)
 *(.exceptions.notirq)
 .exceptions.notirq
                0x000000000080008c        0x8 ../C_eng_job4_bsp/\libhal_bsp.a(alt_exception_entry.o)
 *(.exceptions.soft.user)
 *(.exceptions.soft)
 *(.exceptions.unknown.user)
 *(.exceptions.unknown)
 .exceptions.unknown
                0x0000000000800094       0x14 ../C_eng_job4_bsp/\libhal_bsp.a(alt_exception_entry.o)
 *(.exceptions.exit.label)
 .exceptions.exit.label
                0x00000000008000a8        0x0 ../C_eng_job4_bsp/\libhal_bsp.a(alt_irq_entry.o)
 .exceptions.exit.label
                0x00000000008000a8        0x0 ../C_eng_job4_bsp/\libhal_bsp.a(alt_exception_entry.o)
 *(.exceptions.exit.user)
 *(.exceptions.exit)
 .exceptions.exit
                0x00000000008000a8       0x54 ../C_eng_job4_bsp/\libhal_bsp.a(alt_exception_entry.o)
 *(.exceptions)
 .exceptions    0x00000000008000fc       0x60 ../C_eng_job4_bsp/\libhal_bsp.a(alt_irq_handler.o)
                0x00000000008000fc                alt_irq_handler
 .exceptions    0x000000000080015c       0x24 ../C_eng_job4_bsp/\libhal_bsp.a(alt_instruction_exception_entry.o)
                0x000000000080015c                alt_instruction_exception_entry
                0x0000000000800180                PROVIDE (__ram_exceptions_end, ABSOLUTE (.))
                0x0000000000800020                PROVIDE (__flash_exceptions_start, LOADADDR (.exceptions))

.text           0x0000000000800180     0x328c
                [!provide]                        PROVIDE (stext, ABSOLUTE (.))
 *(.interp)
 *(.hash)
 *(.dynsym)
 *(.dynstr)
 *(.gnu.version)
 *(.gnu.version_d)
 *(.gnu.version_r)
 *(.rel.init)
 *(.rela.init)
 *(.rel.text .rel.text.* .rel.gnu.linkonce.t.*)
 *(.rela.text .rela.text.* .rela.gnu.linkonce.t.*)
 *(.rel.fini)
 *(.rela.fini)
 *(.rel.rodata .rel.rodata.* .rel.gnu.linkonce.r.*)
 *(.rela.rodata .rela.rodata.* .rela.gnu.linkonce.r.*)
 *(.rel.data .rel.data.* .rel.gnu.linkonce.d.*)
 *(.rela.data .rela.data.* .rela.gnu.linkonce.d.*)
 *(.rel.tdata .rel.tdata.* .rel.gnu.linkonce.td.*)
 *(.rela.tdata .rela.tdata.* .rela.gnu.linkonce.td.*)
 *(.rel.tbss .rel.tbss.* .rel.gnu.linkonce.tb.*)
 *(.rela.tbss .rela.tbss.* .rela.gnu.linkonce.tb.*)
 *(.rel.ctors)
 *(.rela.ctors)
 *(.rel.dtors)
 *(.rela.dtors)
 *(.rel.got)
 *(.rela.got)
 *(.rel.sdata .rel.sdata.* .rel.gnu.linkonce.s.*)
 *(.rela.sdata .rela.sdata.* .rela.gnu.linkonce.s.*)
 *(.rel.sbss .rel.sbss.* .rel.gnu.linkonce.sb.*)
 *(.rela.sbss .rela.sbss.* .rela.gnu.linkonce.sb.*)
 *(.rel.sdata2 .rel.sdata2.* .rel.gnu.linkonce.s2.*)
 *(.rela.sdata2 .rela.sdata2.* .rela.gnu.linkonce.s2.*)
 *(.rel.sbss2 .rel.sbss2.* .rel.gnu.linkonce.sb2.*)
 *(.rela.sbss2 .rela.sbss2.* .rela.gnu.linkonce.sb2.*)
 *(.rel.bss .rel.bss.* .rel.gnu.linkonce.b.*)
 *(.rela.bss .rela.bss.* .rela.gnu.linkonce.b.*)
 *(.rel.plt)
 *(.rela.plt)
 *(.rel.dyn)
 *(.init)
 *(.plt)
 *(.text .stub .text.* .gnu.linkonce.t.*)
 .text          0x0000000000800180       0x3c ../C_eng_job4_bsp//obj/HAL/src/crt0.o
                0x0000000000800180                _start
 .text          0x00000000008001bc      0x680 obj/default/main.o
                0x00000000008001bc                main
 .text          0x000000000080083c      0xab8 obj/default/sensor.o
                0x000000000080083c                queue_init
                0x00000000008008c8                queue_enqueue
                0x0000000000800a54                queue_dequeue
                0x0000000000800abc                queue_print
                0x0000000000800b0c                queue_print_screen
                0x0000000000800e84                read_temp
                0x0000000000800f04                read_light
                0x0000000000800f84                config_time_base
                0x0000000000800fb8                init_measurement
                0x0000000000801004                draw_graph
                0x0000000000801118                update_graph
                0x00000000008011c0                read_accelerometerX
                0x00000000008012d4                do_nothing
 .text          0x00000000008012f4      0xf64 obj/default/vga_util.o
                0x00000000008012f4                i2bcd
                0x0000000000801390                update_time
                0x00000000008015f8                high_lite_dot2Hz_sampling_on_screen
                0x00000000008016cc                high_lite_1Hz_sampling_on_screen
                0x0000000000801790                high_lite_5Hz_sampling_on_screen
                0x000000000080187c                draw_sampling_frequecy_sub_screen
                0x0000000000801984                print_pix
                0x0000000000801a30                print_hline
                0x0000000000801b00                print_vline
                0x0000000000801bd0                print_char
                0x0000000000801d00                print_str
                0x0000000000801da8                print_symmetry_dots_circle
                0x0000000000801f00                print_empty_circle
                0x0000000000802054                print_circle
                0x00000000008020c8                clear_screen
                0x000000000080214c                read_pixel_ram_int
                0x00000000008021b0                print_welcome_screen
 .text          0x0000000000802258      0x1b4 c:/altera_lite/16.0/nios2eds/bin/gnu/h-x86_64-mingw32/bin/../lib/gcc/nios2-elf/5.2.0/mno-hw-mul\libgcc.a(lib2-divmod.o)
                0x0000000000802258                __divsi3
                0x00000000008022dc                __modsi3
                0x0000000000802350                __udivsi3
                0x00000000008023b4                __umodsi3
 .text          0x000000000080240c       0x28 c:/altera_lite/16.0/nios2eds/bin/gnu/h-x86_64-mingw32/bin/../lib/gcc/nios2-elf/5.2.0/mno-hw-mul\libgcc.a(lib2-mul.o)
                0x000000000080240c                __mulsi3
 .text          0x0000000000802434       0x70 c:/altera_lite/16.0/nios2eds/bin/gnu/h-x86_64-mingw32/bin/../lib/gcc/nios2-elf/5.2.0/mno-hw-mul\libgcc.a(fixsfsi.o)
                0x0000000000802434                __fixsfsi
 .text          0x00000000008024a4        0x0 c:/altera_lite/16.0/nios2eds/bin/gnu/h-x86_64-mingw32/bin/../lib/gcc/nios2-elf/5.2.0/../../../../../H-x86_64-mingw32/nios2-elf/lib/mno-hw-mul\libsmallc.a(lib_a-memcpy.o)
 .text.memcpy   0x00000000008024a4       0x28 c:/altera_lite/16.0/nios2eds/bin/gnu/h-x86_64-mingw32/bin/../lib/gcc/nios2-elf/5.2.0/../../../../../H-x86_64-mingw32/nios2-elf/lib/mno-hw-mul\libsmallc.a(lib_a-memcpy.o)
                0x00000000008024a4                memcpy
 .text          0x00000000008024cc        0x0 c:/altera_lite/16.0/nios2eds/bin/gnu/h-x86_64-mingw32/bin/../lib/gcc/nios2-elf/5.2.0/../../../../../H-x86_64-mingw32/nios2-elf/lib/mno-hw-mul\libsmallc.a(lib_a-memset.o)
 .text.memset   0x00000000008024cc       0x20 c:/altera_lite/16.0/nios2eds/bin/gnu/h-x86_64-mingw32/bin/../lib/gcc/nios2-elf/5.2.0/../../../../../H-x86_64-mingw32/nios2-elf/lib/mno-hw-mul\libsmallc.a(lib_a-memset.o)
                0x00000000008024cc                memset
 .text          0x00000000008024ec        0x0 c:/altera_lite/16.0/nios2eds/bin/gnu/h-x86_64-mingw32/bin/../lib/gcc/nios2-elf/5.2.0/../../../../../H-x86_64-mingw32/nios2-elf/lib/mno-hw-mul\libsmallc.a(lib_a-strlen.o)
 .text.strlen   0x00000000008024ec       0x1c c:/altera_lite/16.0/nios2eds/bin/gnu/h-x86_64-mingw32/bin/../lib/gcc/nios2-elf/5.2.0/../../../../../H-x86_64-mingw32/nios2-elf/lib/mno-hw-mul\libsmallc.a(lib_a-strlen.o)
                0x00000000008024ec                strlen
 .text          0x0000000000802508       0xe0 ../C_eng_job4_bsp/\libhal_bsp.a(alt_load.o)
                0x0000000000802508                alt_load
 .text          0x00000000008025e8       0x50 ../C_eng_job4_bsp/\libhal_bsp.a(alt_main.o)
                0x00000000008025e8                alt_main
 .text          0x0000000000802638       0x58 ../C_eng_job4_bsp/\libhal_bsp.a(alt_sys_init.o)
                0x0000000000802638                alt_irq_init
                0x0000000000802658                alt_sys_init
 .text          0x0000000000802690       0x20 ../C_eng_job4_bsp/\libhal_bsp.a(altera_avalon_jtag_uart_fd.o)
                0x0000000000802690                altera_avalon_jtag_uart_read_fd
                0x00000000008026a0                altera_avalon_jtag_uart_write_fd
 .text          0x00000000008026b0       0x5c ../C_eng_job4_bsp/\libhal_bsp.a(altera_avalon_jtag_uart_read.o)
                0x00000000008026b0                altera_avalon_jtag_uart_read
 .text          0x000000000080270c       0x34 ../C_eng_job4_bsp/\libhal_bsp.a(altera_avalon_jtag_uart_write.o)
                0x000000000080270c                altera_avalon_jtag_uart_write
 .text          0x0000000000802740       0xe8 ../C_eng_job4_bsp/\libhal_bsp.a(altera_avalon_spi.o)
                0x0000000000802740                alt_avalon_spi_command
 .text          0x0000000000802828      0x264 ../C_eng_job4_bsp/\libhal_bsp.a(altera_modular_adc.o)
                0x0000000000802828                alt_adc_word_read
                0x0000000000802860                altera_modular_adc_init
                0x00000000008028c4                altera_modular_adc_open
                0x00000000008028cc                adc_stop
                0x00000000008028ec                adc_start
                0x00000000008028fc                adc_set_mode_run_once
                0x0000000000802914                adc_set_mode_run_continuously
                0x0000000000802928                adc_recalibrate
                0x000000000080297c                adc_interrupt_enable
                0x0000000000802990                adc_interrupt_disable
                0x00000000008029a8                adc_clear_interrupt_status
                0x0000000000802a14                alt_adc_register_callback
                0x0000000000802a68                adc_interrupt_asserted
                0x0000000000802a78                adc_wait_for_interrupt
 .text          0x0000000000802a8c       0xc8 ../C_eng_job4_bsp/\libhal_bsp.a(alt_close.o)
                0x0000000000802a8c                close
 .text          0x0000000000802b54        0x4 ../C_eng_job4_bsp/\libhal_bsp.a(alt_dcache_flush_all.o)
                0x0000000000802b54                alt_dcache_flush_all
 .text          0x0000000000802b58        0x8 ../C_eng_job4_bsp/\libhal_bsp.a(alt_dev.o)
 .text          0x0000000000802b60       0x78 ../C_eng_job4_bsp/\libhal_bsp.a(alt_dev_llist_insert.o)
                0x0000000000802b60                alt_dev_llist_insert
 .text          0x0000000000802bd8        0x0 ../C_eng_job4_bsp/\libhal_bsp.a(alt_errno.o)
 .text          0x0000000000802bd8       0x74 ../C_eng_job4_bsp/\libhal_bsp.a(alt_find_dev.o)
                0x0000000000802bd8                alt_find_dev
 .text          0x0000000000802c4c        0x4 ../C_eng_job4_bsp/\libhal_bsp.a(alt_icache_flush_all.o)
                0x0000000000802c4c                alt_icache_flush_all
 .text          0x0000000000802c50       0x9c ../C_eng_job4_bsp/\libhal_bsp.a(alt_iic.o)
                0x0000000000802c50                alt_ic_isr_register
                0x0000000000802c54                alt_ic_irq_enable
                0x0000000000802c94                alt_ic_irq_disable
                0x0000000000802cd4                alt_ic_irq_enabled
 .text          0x0000000000802cec       0x68 ../C_eng_job4_bsp/\libhal_bsp.a(alt_iic_isr_register.o)
                0x0000000000802cec                alt_iic_isr_register
 .text          0x0000000000802d54       0xfc ../C_eng_job4_bsp/\libhal_bsp.a(alt_io_redirect.o)
                0x0000000000802ddc                alt_io_redirect
 .text          0x0000000000802e50        0x0 ../C_eng_job4_bsp/\libhal_bsp.a(alt_irq_entry.o)
 .text          0x0000000000802e50        0x0 ../C_eng_job4_bsp/\libhal_bsp.a(alt_irq_handler.o)
 .text          0x0000000000802e50        0x0 ../C_eng_job4_bsp/\libhal_bsp.a(alt_irq_vars.o)
 .text          0x0000000000802e50      0x1b8 ../C_eng_job4_bsp/\libhal_bsp.a(alt_open.o)
                0x0000000000802e50                open
 .text          0x0000000000803008       0x5c ../C_eng_job4_bsp/\libhal_bsp.a(alt_release_fd.o)
                0x0000000000803008                alt_release_fd
 .text          0x0000000000803064        0x8 ../C_eng_job4_bsp/\libhal_bsp.a(altera_nios2_gen2_irq.o)
                0x0000000000803064                altera_nios2_gen2_irq_init
 .text          0x000000000080306c        0x0 ../C_eng_job4_bsp/\libhal_bsp.a(alt_exception_entry.o)
 .text          0x000000000080306c       0xac ../C_eng_job4_bsp/\libhal_bsp.a(alt_find_file.o)
                0x000000000080306c                alt_find_file
 .text          0x0000000000803118       0x8c ../C_eng_job4_bsp/\libhal_bsp.a(alt_get_fd.o)
                0x0000000000803118                alt_get_fd
 .text          0x00000000008031a4       0x74 ../C_eng_job4_bsp/\libhal_bsp.a(alt_instruction_exception_entry.o)
                0x00000000008031a4                alt_exception_cause_generated_bad_addr
 .text          0x0000000000803218        0x0 c:/altera_lite/16.0/nios2eds/bin/gnu/h-x86_64-mingw32/bin/../lib/gcc/nios2-elf/5.2.0/../../../../../H-x86_64-mingw32/nios2-elf/lib/mno-hw-mul\libsmallc.a(lib_a-exit.o)
 .text.exit     0x0000000000803218       0x20 c:/altera_lite/16.0/nios2eds/bin/gnu/h-x86_64-mingw32/bin/../lib/gcc/nios2-elf/5.2.0/../../../../../H-x86_64-mingw32/nios2-elf/lib/mno-hw-mul\libsmallc.a(lib_a-exit.o)
                0x0000000000803218                exit
 .text          0x0000000000803238        0x0 c:/altera_lite/16.0/nios2eds/bin/gnu/h-x86_64-mingw32/bin/../lib/gcc/nios2-elf/5.2.0/../../../../../H-x86_64-mingw32/nios2-elf/lib/mno-hw-mul\libsmallc.a(lib_a-int_errno.o)
 .text          0x0000000000803238        0x0 c:/altera_lite/16.0/nios2eds/bin/gnu/h-x86_64-mingw32/bin/../lib/gcc/nios2-elf/5.2.0/../../../../../H-x86_64-mingw32/nios2-elf/lib/mno-hw-mul\libsmallc.a(lib_a-memcmp.o)
 .text.memcmp   0x0000000000803238       0x30 c:/altera_lite/16.0/nios2eds/bin/gnu/h-x86_64-mingw32/bin/../lib/gcc/nios2-elf/5.2.0/../../../../../H-x86_64-mingw32/nios2-elf/lib/mno-hw-mul\libsmallc.a(lib_a-memcmp.o)
                0x0000000000803238                memcmp
 .text          0x0000000000803268        0x0 c:/altera_lite/16.0/nios2eds/bin/gnu/h-x86_64-mingw32/bin/../lib/gcc/nios2-elf/5.2.0/../../../../../H-x86_64-mingw32/nios2-elf/lib/mno-hw-mul\libsmallc.a(lib_a-__call_atexit.o)
 .text.__call_exitprocs
                0x0000000000803268      0x190 c:/altera_lite/16.0/nios2eds/bin/gnu/h-x86_64-mingw32/bin/../lib/gcc/nios2-elf/5.2.0/../../../../../H-x86_64-mingw32/nios2-elf/lib/mno-hw-mul\libsmallc.a(lib_a-__call_atexit.o)
                0x0000000000803268                __call_exitprocs
 .text          0x00000000008033f8        0x0 c:/altera_lite/16.0/nios2eds/bin/gnu/h-x86_64-mingw32/bin/../lib/gcc/nios2-elf/5.2.0/../../../../../H-x86_64-mingw32/nios2-elf/lib/mno-hw-mul\libsmallc.a(lib_a-impure.o)
 .text          0x00000000008033f8       0x14 ../C_eng_job4_bsp/\libhal_bsp.a(alt_exit.o)
                0x00000000008033f8                _exit
 *(.gnu.warning.*)
 *(.fini)
                [!provide]                        PROVIDE (__etext, ABSOLUTE (.))
                [!provide]                        PROVIDE (_etext, ABSOLUTE (.))
                [!provide]                        PROVIDE (etext, ABSOLUTE (.))
 *(.eh_frame_hdr)
                0x000000000080340c                . = ALIGN (0x4)
                [!provide]                        PROVIDE (__preinit_array_start, ABSOLUTE (.))
 *(.preinit_array)
                [!provide]                        PROVIDE (__preinit_array_end, ABSOLUTE (.))
                [!provide]                        PROVIDE (__init_array_start, ABSOLUTE (.))
 *(.init_array)
                [!provide]                        PROVIDE (__init_array_end, ABSOLUTE (.))
                [!provide]                        PROVIDE (__fini_array_start, ABSOLUTE (.))
 *(.fini_array)
                [!provide]                        PROVIDE (__fini_array_end, ABSOLUTE (.))
 *(.eh_frame)
 *(.gcc_except_table .gcc_except_table.*)
 *(.dynamic)
                [!provide]                        PROVIDE (__CTOR_LIST__, ABSOLUTE (.))
 *(.ctors)
 *(SORT(.ctors.*))
                [!provide]                        PROVIDE (__CTOR_END__, ABSOLUTE (.))
                [!provide]                        PROVIDE (__DTOR_LIST__, ABSOLUTE (.))
 *(.dtors)
 *(SORT(.dtors.*))
                [!provide]                        PROVIDE (__DTOR_END__, ABSOLUTE (.))
 *(.jcr)
                0x000000000080340c                . = ALIGN (0x4)

.rodata         0x000000000080340c      0x4b4
                0x000000000080340c                PROVIDE (__ram_rodata_start, ABSOLUTE (.))
                0x000000000080340c                . = ALIGN (0x4)
 *(.rodata .rodata.* .gnu.linkonce.r.*)
 .rodata        0x000000000080340c      0x46e obj/default/vga_util.o
 *fill*         0x000000000080387a        0x2 
 .rodata.str1.4
                0x000000000080387c       0x11 ../C_eng_job4_bsp/\libhal_bsp.a(alt_main.o)
 *fill*         0x000000000080388d        0x3 
 .rodata.str1.4
                0x0000000000803890       0x21 ../C_eng_job4_bsp/\libhal_bsp.a(alt_sys_init.o)
                                         0x35 (size before relaxing)
 *fill*         0x00000000008038b1        0x3 
 .rodata.str1.4
                0x00000000008038b4        0xc ../C_eng_job4_bsp/\libhal_bsp.a(alt_dev.o)
                                          0xa (size before relaxing)
 *(.rodata1)
                0x00000000008038c0                . = ALIGN (0x4)
                0x00000000008038c0                PROVIDE (__ram_rodata_end, ABSOLUTE (.))
                0x000000000080340c                PROVIDE (__flash_rodata_start, LOADADDR (.rodata))

.rwdata         0x00000000008038c0      0x31c load address 0x0000000000803bdc
                0x00000000008038c0                PROVIDE (__ram_rwdata_start, ABSOLUTE (.))
                0x00000000008038c0                . = ALIGN (0x4)
 *(.got.plt)
 *(.got)
 *(.data1)
 *(.data .data.* .gnu.linkonce.d.*)
 .data          0x00000000008038c0        0x0 ../C_eng_job4_bsp//obj/HAL/src/crt0.o
 .data          0x00000000008038c0        0x0 obj/default/main.o
 .data          0x00000000008038c0        0x0 obj/default/sensor.o
 .data          0x00000000008038c0        0x0 obj/default/vga_util.o
 .data          0x00000000008038c0        0x0 c:/altera_lite/16.0/nios2eds/bin/gnu/h-x86_64-mingw32/bin/../lib/gcc/nios2-elf/5.2.0/mno-hw-mul\libgcc.a(lib2-divmod.o)
 .data          0x00000000008038c0        0x0 c:/altera_lite/16.0/nios2eds/bin/gnu/h-x86_64-mingw32/bin/../lib/gcc/nios2-elf/5.2.0/mno-hw-mul\libgcc.a(lib2-mul.o)
 .data          0x00000000008038c0        0x0 c:/altera_lite/16.0/nios2eds/bin/gnu/h-x86_64-mingw32/bin/../lib/gcc/nios2-elf/5.2.0/mno-hw-mul\libgcc.a(fixsfsi.o)
 .data          0x00000000008038c0        0x0 c:/altera_lite/16.0/nios2eds/bin/gnu/h-x86_64-mingw32/bin/../lib/gcc/nios2-elf/5.2.0/../../../../../H-x86_64-mingw32/nios2-elf/lib/mno-hw-mul\libsmallc.a(lib_a-memcpy.o)
 .data          0x00000000008038c0        0x0 c:/altera_lite/16.0/nios2eds/bin/gnu/h-x86_64-mingw32/bin/../lib/gcc/nios2-elf/5.2.0/../../../../../H-x86_64-mingw32/nios2-elf/lib/mno-hw-mul\libsmallc.a(lib_a-memset.o)
 .data          0x00000000008038c0        0x0 c:/altera_lite/16.0/nios2eds/bin/gnu/h-x86_64-mingw32/bin/../lib/gcc/nios2-elf/5.2.0/../../../../../H-x86_64-mingw32/nios2-elf/lib/mno-hw-mul\libsmallc.a(lib_a-strlen.o)
 .data          0x00000000008038c0        0x0 ../C_eng_job4_bsp/\libhal_bsp.a(alt_load.o)
 .data          0x00000000008038c0        0x0 ../C_eng_job4_bsp/\libhal_bsp.a(alt_main.o)
 .data          0x00000000008038c0       0x68 ../C_eng_job4_bsp/\libhal_bsp.a(alt_sys_init.o)
 .data          0x0000000000803928        0x0 ../C_eng_job4_bsp/\libhal_bsp.a(altera_avalon_jtag_uart_fd.o)
 .data          0x0000000000803928        0x0 ../C_eng_job4_bsp/\libhal_bsp.a(altera_avalon_jtag_uart_read.o)
 .data          0x0000000000803928        0x0 ../C_eng_job4_bsp/\libhal_bsp.a(altera_avalon_jtag_uart_write.o)
 .data          0x0000000000803928        0x0 ../C_eng_job4_bsp/\libhal_bsp.a(altera_avalon_spi.o)
 .data          0x0000000000803928        0x0 ../C_eng_job4_bsp/\libhal_bsp.a(altera_modular_adc.o)
 .data          0x0000000000803928        0x0 ../C_eng_job4_bsp/\libhal_bsp.a(alt_close.o)
 .data          0x0000000000803928        0x0 ../C_eng_job4_bsp/\libhal_bsp.a(alt_dcache_flush_all.o)
 .data          0x0000000000803928      0x1a8 ../C_eng_job4_bsp/\libhal_bsp.a(alt_dev.o)
                0x0000000000803928                alt_fd_list
                0x0000000000803aa8                alt_dev_null
 .data          0x0000000000803ad0        0x0 ../C_eng_job4_bsp/\libhal_bsp.a(alt_dev_llist_insert.o)
 .data          0x0000000000803ad0        0x0 ../C_eng_job4_bsp/\libhal_bsp.a(alt_errno.o)
 .data          0x0000000000803ad0        0x0 ../C_eng_job4_bsp/\libhal_bsp.a(alt_find_dev.o)
 .data          0x0000000000803ad0        0x0 ../C_eng_job4_bsp/\libhal_bsp.a(alt_icache_flush_all.o)
 .data          0x0000000000803ad0        0x0 ../C_eng_job4_bsp/\libhal_bsp.a(alt_iic.o)
 .data          0x0000000000803ad0        0x0 ../C_eng_job4_bsp/\libhal_bsp.a(alt_iic_isr_register.o)
 .data          0x0000000000803ad0        0x0 ../C_eng_job4_bsp/\libhal_bsp.a(alt_io_redirect.o)
 .data          0x0000000000803ad0        0x0 ../C_eng_job4_bsp/\libhal_bsp.a(alt_irq_entry.o)
 .data          0x0000000000803ad0        0x0 ../C_eng_job4_bsp/\libhal_bsp.a(alt_irq_handler.o)
 .data          0x0000000000803ad0        0x0 ../C_eng_job4_bsp/\libhal_bsp.a(alt_irq_vars.o)
 .data          0x0000000000803ad0        0x0 ../C_eng_job4_bsp/\libhal_bsp.a(alt_open.o)
 .data          0x0000000000803ad0        0x0 ../C_eng_job4_bsp/\libhal_bsp.a(alt_release_fd.o)
 .data          0x0000000000803ad0        0x0 ../C_eng_job4_bsp/\libhal_bsp.a(altera_nios2_gen2_irq.o)
 .data          0x0000000000803ad0        0x0 ../C_eng_job4_bsp/\libhal_bsp.a(alt_exception_entry.o)
 .data          0x0000000000803ad0        0x0 ../C_eng_job4_bsp/\libhal_bsp.a(alt_find_file.o)
 .data          0x0000000000803ad0        0x0 ../C_eng_job4_bsp/\libhal_bsp.a(alt_get_fd.o)
 .data          0x0000000000803ad0        0x0 ../C_eng_job4_bsp/\libhal_bsp.a(alt_instruction_exception_entry.o)
 .data          0x0000000000803ad0        0x0 c:/altera_lite/16.0/nios2eds/bin/gnu/h-x86_64-mingw32/bin/../lib/gcc/nios2-elf/5.2.0/../../../../../H-x86_64-mingw32/nios2-elf/lib/mno-hw-mul\libsmallc.a(lib_a-exit.o)
 .data          0x0000000000803ad0        0x0 c:/altera_lite/16.0/nios2eds/bin/gnu/h-x86_64-mingw32/bin/../lib/gcc/nios2-elf/5.2.0/../../../../../H-x86_64-mingw32/nios2-elf/lib/mno-hw-mul\libsmallc.a(lib_a-int_errno.o)
 .data          0x0000000000803ad0        0x0 c:/altera_lite/16.0/nios2eds/bin/gnu/h-x86_64-mingw32/bin/../lib/gcc/nios2-elf/5.2.0/../../../../../H-x86_64-mingw32/nios2-elf/lib/mno-hw-mul\libsmallc.a(lib_a-memcmp.o)
 .data          0x0000000000803ad0        0x0 c:/altera_lite/16.0/nios2eds/bin/gnu/h-x86_64-mingw32/bin/../lib/gcc/nios2-elf/5.2.0/../../../../../H-x86_64-mingw32/nios2-elf/lib/mno-hw-mul\libsmallc.a(lib_a-__call_atexit.o)
 .data          0x0000000000803ad0        0x0 c:/altera_lite/16.0/nios2eds/bin/gnu/h-x86_64-mingw32/bin/../lib/gcc/nios2-elf/5.2.0/../../../../../H-x86_64-mingw32/nios2-elf/lib/mno-hw-mul\libsmallc.a(lib_a-impure.o)
 .data.impure_data
                0x0000000000803ad0       0xe0 c:/altera_lite/16.0/nios2eds/bin/gnu/h-x86_64-mingw32/bin/../lib/gcc/nios2-elf/5.2.0/../../../../../H-x86_64-mingw32/nios2-elf/lib/mno-hw-mul\libsmallc.a(lib_a-impure.o)
 .data          0x0000000000803bb0        0x0 ../C_eng_job4_bsp/\libhal_bsp.a(alt_exit.o)
                0x000000000080bbb0                _gp = ABSOLUTE ((. + 0x8000))
                [!provide]                        PROVIDE (gp, _gp)
 *(.rwdata .rwdata.*)
 *(.sdata .sdata.* .gnu.linkonce.s.*)
 .sdata         0x0000000000803bb0        0x8 ../C_eng_job4_bsp/\libhal_bsp.a(altera_modular_adc.o)
                0x0000000000803bb0                altera_modular_adc_list
 .sdata         0x0000000000803bb8       0x14 ../C_eng_job4_bsp/\libhal_bsp.a(alt_dev.o)
                0x0000000000803bb8                alt_max_fd
                0x0000000000803bbc                alt_dev_list
                0x0000000000803bc4                alt_fs_list
 .sdata         0x0000000000803bcc        0x4 ../C_eng_job4_bsp/\libhal_bsp.a(alt_errno.o)
                0x0000000000803bcc                alt_errno
 .sdata         0x0000000000803bd0        0x4 ../C_eng_job4_bsp/\libhal_bsp.a(alt_irq_vars.o)
                0x0000000000803bd0                alt_priority_mask
 .sdata._global_impure_ptr
                0x0000000000803bd4        0x4 c:/altera_lite/16.0/nios2eds/bin/gnu/h-x86_64-mingw32/bin/../lib/gcc/nios2-elf/5.2.0/../../../../../H-x86_64-mingw32/nios2-elf/lib/mno-hw-mul\libsmallc.a(lib_a-impure.o)
                0x0000000000803bd4                _global_impure_ptr
 .sdata._impure_ptr
                0x0000000000803bd8        0x4 c:/altera_lite/16.0/nios2eds/bin/gnu/h-x86_64-mingw32/bin/../lib/gcc/nios2-elf/5.2.0/../../../../../H-x86_64-mingw32/nios2-elf/lib/mno-hw-mul\libsmallc.a(lib_a-impure.o)
                0x0000000000803bd8                _impure_ptr
 *(.sdata2 .sdata2.* .gnu.linkonce.s2.*)
                0x0000000000803bdc                . = ALIGN (0x4)
                0x0000000000803bdc                _edata = ABSOLUTE (.)
                [!provide]                        PROVIDE (edata, ABSOLUTE (.))
                0x0000000000803bdc                PROVIDE (__ram_rwdata_end, ABSOLUTE (.))
                0x0000000000803bdc                PROVIDE (__flash_rwdata_start, LOADADDR (.rwdata))

.bss            0x0000000000803ef8      0x3a4
                0x0000000000803ef8                __bss_start = ABSOLUTE (.)
                [!provide]                        PROVIDE (__sbss_start, ABSOLUTE (.))
                [!provide]                        PROVIDE (___sbss_start, ABSOLUTE (.))
 *(.dynsbss)
 *(.sbss .sbss.* .gnu.linkonce.sb.*)
 .sbss          0x0000000000803ef8       0x10 obj/default/vga_util.o
 .sbss          0x0000000000803f08        0xc ../C_eng_job4_bsp/\libhal_bsp.a(alt_main.o)
                0x0000000000803f08                alt_envp
                0x0000000000803f0c                alt_argv
                0x0000000000803f10                alt_argc
 .sbss          0x0000000000803f14        0x4 ../C_eng_job4_bsp/\libhal_bsp.a(alt_irq_vars.o)
                0x0000000000803f14                alt_irq_active
 .sbss          0x0000000000803f18        0x4 ../C_eng_job4_bsp/\libhal_bsp.a(alt_instruction_exception_entry.o)
                0x0000000000803f18                alt_instruction_exception_handler
 .sbss          0x0000000000803f1c        0x4 c:/altera_lite/16.0/nios2eds/bin/gnu/h-x86_64-mingw32/bin/../lib/gcc/nios2-elf/5.2.0/../../../../../H-x86_64-mingw32/nios2-elf/lib/mno-hw-mul\libsmallc.a(lib_a-int_errno.o)
                0x0000000000803f1c                errno
 *(.sbss2 .sbss2.* .gnu.linkonce.sb2.*)
 *(.scommon)
                [!provide]                        PROVIDE (__sbss_end, ABSOLUTE (.))
                [!provide]                        PROVIDE (___sbss_end, ABSOLUTE (.))
 *(.dynbss)
 *(.bss .bss.* .gnu.linkonce.b.*)
 .bss           0x0000000000803f20        0x0 ../C_eng_job4_bsp//obj/HAL/src/crt0.o
 .bss           0x0000000000803f20      0x27c obj/default/main.o
 .bss           0x000000000080419c        0x0 obj/default/sensor.o
 .bss           0x000000000080419c        0x0 obj/default/vga_util.o
 .bss           0x000000000080419c        0x0 c:/altera_lite/16.0/nios2eds/bin/gnu/h-x86_64-mingw32/bin/../lib/gcc/nios2-elf/5.2.0/mno-hw-mul\libgcc.a(lib2-divmod.o)
 .bss           0x000000000080419c        0x0 c:/altera_lite/16.0/nios2eds/bin/gnu/h-x86_64-mingw32/bin/../lib/gcc/nios2-elf/5.2.0/mno-hw-mul\libgcc.a(lib2-mul.o)
 .bss           0x000000000080419c        0x0 c:/altera_lite/16.0/nios2eds/bin/gnu/h-x86_64-mingw32/bin/../lib/gcc/nios2-elf/5.2.0/mno-hw-mul\libgcc.a(fixsfsi.o)
 .bss           0x000000000080419c        0x0 c:/altera_lite/16.0/nios2eds/bin/gnu/h-x86_64-mingw32/bin/../lib/gcc/nios2-elf/5.2.0/../../../../../H-x86_64-mingw32/nios2-elf/lib/mno-hw-mul\libsmallc.a(lib_a-memcpy.o)
 .bss           0x000000000080419c        0x0 c:/altera_lite/16.0/nios2eds/bin/gnu/h-x86_64-mingw32/bin/../lib/gcc/nios2-elf/5.2.0/../../../../../H-x86_64-mingw32/nios2-elf/lib/mno-hw-mul\libsmallc.a(lib_a-memset.o)
 .bss           0x000000000080419c        0x0 c:/altera_lite/16.0/nios2eds/bin/gnu/h-x86_64-mingw32/bin/../lib/gcc/nios2-elf/5.2.0/../../../../../H-x86_64-mingw32/nios2-elf/lib/mno-hw-mul\libsmallc.a(lib_a-strlen.o)
 .bss           0x000000000080419c        0x0 ../C_eng_job4_bsp/\libhal_bsp.a(alt_load.o)
 .bss           0x000000000080419c        0x0 ../C_eng_job4_bsp/\libhal_bsp.a(alt_main.o)
 .bss           0x000000000080419c        0x0 ../C_eng_job4_bsp/\libhal_bsp.a(alt_sys_init.o)
 .bss           0x000000000080419c        0x0 ../C_eng_job4_bsp/\libhal_bsp.a(altera_avalon_jtag_uart_fd.o)
 .bss           0x000000000080419c        0x0 ../C_eng_job4_bsp/\libhal_bsp.a(altera_avalon_jtag_uart_read.o)
 .bss           0x000000000080419c        0x0 ../C_eng_job4_bsp/\libhal_bsp.a(altera_avalon_jtag_uart_write.o)
 .bss           0x000000000080419c        0x0 ../C_eng_job4_bsp/\libhal_bsp.a(altera_avalon_spi.o)
 .bss           0x000000000080419c        0x0 ../C_eng_job4_bsp/\libhal_bsp.a(altera_modular_adc.o)
 .bss           0x000000000080419c        0x0 ../C_eng_job4_bsp/\libhal_bsp.a(alt_close.o)
 .bss           0x000000000080419c        0x0 ../C_eng_job4_bsp/\libhal_bsp.a(alt_dcache_flush_all.o)
 .bss           0x000000000080419c        0x0 ../C_eng_job4_bsp/\libhal_bsp.a(alt_dev.o)
 .bss           0x000000000080419c        0x0 ../C_eng_job4_bsp/\libhal_bsp.a(alt_dev_llist_insert.o)
 .bss           0x000000000080419c        0x0 ../C_eng_job4_bsp/\libhal_bsp.a(alt_errno.o)
 .bss           0x000000000080419c        0x0 ../C_eng_job4_bsp/\libhal_bsp.a(alt_find_dev.o)
 .bss           0x000000000080419c        0x0 ../C_eng_job4_bsp/\libhal_bsp.a(alt_icache_flush_all.o)
 .bss           0x000000000080419c        0x0 ../C_eng_job4_bsp/\libhal_bsp.a(alt_iic.o)
 .bss           0x000000000080419c        0x0 ../C_eng_job4_bsp/\libhal_bsp.a(alt_iic_isr_register.o)
 .bss           0x000000000080419c        0x0 ../C_eng_job4_bsp/\libhal_bsp.a(alt_io_redirect.o)
 .bss           0x000000000080419c        0x0 ../C_eng_job4_bsp/\libhal_bsp.a(alt_irq_entry.o)
 .bss           0x000000000080419c        0x0 ../C_eng_job4_bsp/\libhal_bsp.a(alt_irq_handler.o)
 .bss           0x000000000080419c        0x0 ../C_eng_job4_bsp/\libhal_bsp.a(alt_irq_vars.o)
 .bss           0x000000000080419c        0x0 ../C_eng_job4_bsp/\libhal_bsp.a(alt_open.o)
 .bss           0x000000000080419c        0x0 ../C_eng_job4_bsp/\libhal_bsp.a(alt_release_fd.o)
 .bss           0x000000000080419c        0x0 ../C_eng_job4_bsp/\libhal_bsp.a(altera_nios2_gen2_irq.o)
 .bss           0x000000000080419c        0x0 ../C_eng_job4_bsp/\libhal_bsp.a(alt_exception_entry.o)
 .bss           0x000000000080419c        0x0 ../C_eng_job4_bsp/\libhal_bsp.a(alt_find_file.o)
 .bss           0x000000000080419c        0x0 ../C_eng_job4_bsp/\libhal_bsp.a(alt_get_fd.o)
 .bss           0x000000000080419c        0x0 ../C_eng_job4_bsp/\libhal_bsp.a(alt_instruction_exception_entry.o)
 .bss           0x000000000080419c        0x0 c:/altera_lite/16.0/nios2eds/bin/gnu/h-x86_64-mingw32/bin/../lib/gcc/nios2-elf/5.2.0/../../../../../H-x86_64-mingw32/nios2-elf/lib/mno-hw-mul\libsmallc.a(lib_a-exit.o)
 .bss           0x000000000080419c        0x0 c:/altera_lite/16.0/nios2eds/bin/gnu/h-x86_64-mingw32/bin/../lib/gcc/nios2-elf/5.2.0/../../../../../H-x86_64-mingw32/nios2-elf/lib/mno-hw-mul\libsmallc.a(lib_a-int_errno.o)
 .bss           0x000000000080419c        0x0 c:/altera_lite/16.0/nios2eds/bin/gnu/h-x86_64-mingw32/bin/../lib/gcc/nios2-elf/5.2.0/../../../../../H-x86_64-mingw32/nios2-elf/lib/mno-hw-mul\libsmallc.a(lib_a-memcmp.o)
 .bss           0x000000000080419c        0x0 c:/altera_lite/16.0/nios2eds/bin/gnu/h-x86_64-mingw32/bin/../lib/gcc/nios2-elf/5.2.0/../../../../../H-x86_64-mingw32/nios2-elf/lib/mno-hw-mul\libsmallc.a(lib_a-__call_atexit.o)
 .bss           0x000000000080419c        0x0 c:/altera_lite/16.0/nios2eds/bin/gnu/h-x86_64-mingw32/bin/../lib/gcc/nios2-elf/5.2.0/../../../../../H-x86_64-mingw32/nios2-elf/lib/mno-hw-mul\libsmallc.a(lib_a-impure.o)
 .bss           0x000000000080419c        0x0 ../C_eng_job4_bsp/\libhal_bsp.a(alt_exit.o)
 *(COMMON)
 COMMON         0x000000000080419c      0x100 ../C_eng_job4_bsp/\libhal_bsp.a(alt_irq_handler.o)
                0x000000000080419c                alt_irq
                0x000000000080429c                . = ALIGN (0x4)
                0x000000000080429c                __bss_end = ABSOLUTE (.)

.SDRAM_Controller
                0x000000000080429c        0x0
                [!provide]                        PROVIDE (_alt_partition_SDRAM_Controller_start, ABSOLUTE (.))
 *(.SDRAM_Controller .SDRAM_Controller. SDRAM_Controller.*)
                0x000000000080429c                . = ALIGN (0x4)
                [!provide]                        PROVIDE (_alt_partition_SDRAM_Controller_end, ABSOLUTE (.))
                0x000000000080429c                _end = ABSOLUTE (.)
                0x000000000080429c                end = ABSOLUTE (.)
                0x000000000080429c                __alt_stack_base = ABSOLUTE (.)
                [!provide]                        PROVIDE (_alt_partition_SDRAM_Controller_load_addr, LOADADDR (.SDRAM_Controller))

.stab
 *(.stab)

.stabstr
 *(.stabstr)

.stab.excl
 *(.stab.excl)

.stab.exclstr
 *(.stab.exclstr)

.stab.index
 *(.stab.index)

.stab.indexstr
 *(.stab.indexstr)

.comment        0x0000000000000000       0x23
 *(.comment)
 .comment       0x0000000000000000       0x23 obj/default/main.o
                                         0x24 (size before relaxing)
 .comment       0x0000000000000023       0x24 obj/default/sensor.o
 .comment       0x0000000000000023       0x24 obj/default/vga_util.o
 .comment       0x0000000000000023       0x24 c:/altera_lite/16.0/nios2eds/bin/gnu/h-x86_64-mingw32/bin/../lib/gcc/nios2-elf/5.2.0/mno-hw-mul\libgcc.a(lib2-divmod.o)
 .comment       0x0000000000000023       0x24 c:/altera_lite/16.0/nios2eds/bin/gnu/h-x86_64-mingw32/bin/../lib/gcc/nios2-elf/5.2.0/mno-hw-mul\libgcc.a(lib2-mul.o)
 .comment       0x0000000000000023       0x24 c:/altera_lite/16.0/nios2eds/bin/gnu/h-x86_64-mingw32/bin/../lib/gcc/nios2-elf/5.2.0/mno-hw-mul\libgcc.a(fixsfsi.o)
 .comment       0x0000000000000023       0x24 c:/altera_lite/16.0/nios2eds/bin/gnu/h-x86_64-mingw32/bin/../lib/gcc/nios2-elf/5.2.0/../../../../../H-x86_64-mingw32/nios2-elf/lib/mno-hw-mul\libsmallc.a(lib_a-memcpy.o)
 .comment       0x0000000000000023       0x24 c:/altera_lite/16.0/nios2eds/bin/gnu/h-x86_64-mingw32/bin/../lib/gcc/nios2-elf/5.2.0/../../../../../H-x86_64-mingw32/nios2-elf/lib/mno-hw-mul\libsmallc.a(lib_a-memset.o)
 .comment       0x0000000000000023       0x24 c:/altera_lite/16.0/nios2eds/bin/gnu/h-x86_64-mingw32/bin/../lib/gcc/nios2-elf/5.2.0/../../../../../H-x86_64-mingw32/nios2-elf/lib/mno-hw-mul\libsmallc.a(lib_a-strlen.o)
 .comment       0x0000000000000023       0x24 ../C_eng_job4_bsp/\libhal_bsp.a(alt_load.o)
 .comment       0x0000000000000023       0x24 ../C_eng_job4_bsp/\libhal_bsp.a(alt_main.o)
 .comment       0x0000000000000023       0x24 ../C_eng_job4_bsp/\libhal_bsp.a(alt_sys_init.o)
 .comment       0x0000000000000023       0x24 ../C_eng_job4_bsp/\libhal_bsp.a(altera_avalon_jtag_uart_fd.o)
 .comment       0x0000000000000023       0x24 ../C_eng_job4_bsp/\libhal_bsp.a(altera_avalon_jtag_uart_read.o)
 .comment       0x0000000000000023       0x24 ../C_eng_job4_bsp/\libhal_bsp.a(altera_avalon_jtag_uart_write.o)
 .comment       0x0000000000000023       0x24 ../C_eng_job4_bsp/\libhal_bsp.a(altera_avalon_spi.o)
 .comment       0x0000000000000023       0x24 ../C_eng_job4_bsp/\libhal_bsp.a(altera_modular_adc.o)
 .comment       0x0000000000000023       0x24 ../C_eng_job4_bsp/\libhal_bsp.a(alt_close.o)
 .comment       0x0000000000000023       0x24 ../C_eng_job4_bsp/\libhal_bsp.a(alt_dcache_flush_all.o)
 .comment       0x0000000000000023       0x24 ../C_eng_job4_bsp/\libhal_bsp.a(alt_dev.o)
 .comment       0x0000000000000023       0x24 ../C_eng_job4_bsp/\libhal_bsp.a(alt_dev_llist_insert.o)
 .comment       0x0000000000000023       0x24 ../C_eng_job4_bsp/\libhal_bsp.a(alt_errno.o)
 .comment       0x0000000000000023       0x24 ../C_eng_job4_bsp/\libhal_bsp.a(alt_find_dev.o)
 .comment       0x0000000000000023       0x24 ../C_eng_job4_bsp/\libhal_bsp.a(alt_icache_flush_all.o)
 .comment       0x0000000000000023       0x24 ../C_eng_job4_bsp/\libhal_bsp.a(alt_iic.o)
 .comment       0x0000000000000023       0x24 ../C_eng_job4_bsp/\libhal_bsp.a(alt_iic_isr_register.o)
 .comment       0x0000000000000023       0x24 ../C_eng_job4_bsp/\libhal_bsp.a(alt_io_redirect.o)
 .comment       0x0000000000000023       0x24 ../C_eng_job4_bsp/\libhal_bsp.a(alt_irq_handler.o)
 .comment       0x0000000000000023       0x24 ../C_eng_job4_bsp/\libhal_bsp.a(alt_irq_vars.o)
 .comment       0x0000000000000023       0x24 ../C_eng_job4_bsp/\libhal_bsp.a(alt_open.o)
 .comment       0x0000000000000023       0x24 ../C_eng_job4_bsp/\libhal_bsp.a(alt_release_fd.o)
 .comment       0x0000000000000023       0x24 ../C_eng_job4_bsp/\libhal_bsp.a(altera_nios2_gen2_irq.o)
 .comment       0x0000000000000023       0x24 ../C_eng_job4_bsp/\libhal_bsp.a(alt_find_file.o)
 .comment       0x0000000000000023       0x24 ../C_eng_job4_bsp/\libhal_bsp.a(alt_get_fd.o)
 .comment       0x0000000000000023       0x24 ../C_eng_job4_bsp/\libhal_bsp.a(alt_instruction_exception_entry.o)
 .comment       0x0000000000000023       0x24 c:/altera_lite/16.0/nios2eds/bin/gnu/h-x86_64-mingw32/bin/../lib/gcc/nios2-elf/5.2.0/../../../../../H-x86_64-mingw32/nios2-elf/lib/mno-hw-mul\libsmallc.a(lib_a-exit.o)
 .comment       0x0000000000000023       0x24 c:/altera_lite/16.0/nios2eds/bin/gnu/h-x86_64-mingw32/bin/../lib/gcc/nios2-elf/5.2.0/../../../../../H-x86_64-mingw32/nios2-elf/lib/mno-hw-mul\libsmallc.a(lib_a-int_errno.o)
 .comment       0x0000000000000023       0x24 c:/altera_lite/16.0/nios2eds/bin/gnu/h-x86_64-mingw32/bin/../lib/gcc/nios2-elf/5.2.0/../../../../../H-x86_64-mingw32/nios2-elf/lib/mno-hw-mul\libsmallc.a(lib_a-memcmp.o)
 .comment       0x0000000000000023       0x24 c:/altera_lite/16.0/nios2eds/bin/gnu/h-x86_64-mingw32/bin/../lib/gcc/nios2-elf/5.2.0/../../../../../H-x86_64-mingw32/nios2-elf/lib/mno-hw-mul\libsmallc.a(lib_a-__call_atexit.o)
 .comment       0x0000000000000023       0x24 c:/altera_lite/16.0/nios2eds/bin/gnu/h-x86_64-mingw32/bin/../lib/gcc/nios2-elf/5.2.0/../../../../../H-x86_64-mingw32/nios2-elf/lib/mno-hw-mul\libsmallc.a(lib_a-impure.o)
 .comment       0x0000000000000023       0x24 ../C_eng_job4_bsp/\libhal_bsp.a(alt_exit.o)

.debug
 *(.debug)

.line
 *(.line)

.debug_srcinfo
 *(.debug_srcinfo)

.debug_sfnames
 *(.debug_sfnames)

.debug_aranges  0x0000000000000000      0x240
 *(.debug_aranges)
 .debug_aranges
                0x0000000000000000       0x28 ../C_eng_job4_bsp//obj/HAL/src/crt0.o
 .debug_aranges
                0x0000000000000028       0x20 obj/default/main.o
 .debug_aranges
                0x0000000000000048       0x20 obj/default/sensor.o
 .debug_aranges
                0x0000000000000068       0x20 obj/default/vga_util.o
 .debug_aranges
                0x0000000000000088       0x20 c:/altera_lite/16.0/nios2eds/bin/gnu/h-x86_64-mingw32/bin/../lib/gcc/nios2-elf/5.2.0/mno-hw-mul\libgcc.a(lib2-divmod.o)
 .debug_aranges
                0x00000000000000a8       0x20 c:/altera_lite/16.0/nios2eds/bin/gnu/h-x86_64-mingw32/bin/../lib/gcc/nios2-elf/5.2.0/mno-hw-mul\libgcc.a(lib2-mul.o)
 .debug_aranges
                0x00000000000000c8       0x20 c:/altera_lite/16.0/nios2eds/bin/gnu/h-x86_64-mingw32/bin/../lib/gcc/nios2-elf/5.2.0/mno-hw-mul\libgcc.a(fixsfsi.o)
 .debug_aranges
                0x00000000000000e8       0x20 c:/altera_lite/16.0/nios2eds/bin/gnu/h-x86_64-mingw32/bin/../lib/gcc/nios2-elf/5.2.0/../../../../../H-x86_64-mingw32/nios2-elf/lib/mno-hw-mul\libsmallc.a(lib_a-memcpy.o)
 .debug_aranges
                0x0000000000000108       0x20 c:/altera_lite/16.0/nios2eds/bin/gnu/h-x86_64-mingw32/bin/../lib/gcc/nios2-elf/5.2.0/../../../../../H-x86_64-mingw32/nios2-elf/lib/mno-hw-mul\libsmallc.a(lib_a-memset.o)
 .debug_aranges
                0x0000000000000128       0x20 c:/altera_lite/16.0/nios2eds/bin/gnu/h-x86_64-mingw32/bin/../lib/gcc/nios2-elf/5.2.0/../../../../../H-x86_64-mingw32/nios2-elf/lib/mno-hw-mul\libsmallc.a(lib_a-strlen.o)
 .debug_aranges
                0x0000000000000148       0x30 ../C_eng_job4_bsp/\libhal_bsp.a(alt_irq_entry.o)
 .debug_aranges
                0x0000000000000178       0x38 ../C_eng_job4_bsp/\libhal_bsp.a(alt_exception_entry.o)
 .debug_aranges
                0x00000000000001b0       0x20 c:/altera_lite/16.0/nios2eds/bin/gnu/h-x86_64-mingw32/bin/../lib/gcc/nios2-elf/5.2.0/../../../../../H-x86_64-mingw32/nios2-elf/lib/mno-hw-mul\libsmallc.a(lib_a-exit.o)
 .debug_aranges
                0x00000000000001d0       0x18 c:/altera_lite/16.0/nios2eds/bin/gnu/h-x86_64-mingw32/bin/../lib/gcc/nios2-elf/5.2.0/../../../../../H-x86_64-mingw32/nios2-elf/lib/mno-hw-mul\libsmallc.a(lib_a-int_errno.o)
 .debug_aranges
                0x00000000000001e8       0x20 c:/altera_lite/16.0/nios2eds/bin/gnu/h-x86_64-mingw32/bin/../lib/gcc/nios2-elf/5.2.0/../../../../../H-x86_64-mingw32/nios2-elf/lib/mno-hw-mul\libsmallc.a(lib_a-memcmp.o)
 .debug_aranges
                0x0000000000000208       0x20 c:/altera_lite/16.0/nios2eds/bin/gnu/h-x86_64-mingw32/bin/../lib/gcc/nios2-elf/5.2.0/../../../../../H-x86_64-mingw32/nios2-elf/lib/mno-hw-mul\libsmallc.a(lib_a-__call_atexit.o)
 .debug_aranges
                0x0000000000000228       0x18 c:/altera_lite/16.0/nios2eds/bin/gnu/h-x86_64-mingw32/bin/../lib/gcc/nios2-elf/5.2.0/../../../../../H-x86_64-mingw32/nios2-elf/lib/mno-hw-mul\libsmallc.a(lib_a-impure.o)

.debug_pubnames
 *(.debug_pubnames)

.debug_info     0x0000000000000000     0x2834
 *(.debug_info .gnu.linkonce.wi.*)
 .debug_info    0x0000000000000000       0x8d ../C_eng_job4_bsp//obj/HAL/src/crt0.o
 .debug_info    0x000000000000008d      0x3a0 obj/default/main.o
 .debug_info    0x000000000000042d      0x617 obj/default/sensor.o
 .debug_info    0x0000000000000a44      0x677 obj/default/vga_util.o
 .debug_info    0x00000000000010bb      0x2c3 c:/altera_lite/16.0/nios2eds/bin/gnu/h-x86_64-mingw32/bin/../lib/gcc/nios2-elf/5.2.0/mno-hw-mul\libgcc.a(lib2-divmod.o)
 .debug_info    0x000000000000137e       0xb4 c:/altera_lite/16.0/nios2eds/bin/gnu/h-x86_64-mingw32/bin/../lib/gcc/nios2-elf/5.2.0/mno-hw-mul\libgcc.a(lib2-mul.o)
 .debug_info    0x0000000000001432      0x18b c:/altera_lite/16.0/nios2eds/bin/gnu/h-x86_64-mingw32/bin/../lib/gcc/nios2-elf/5.2.0/mno-hw-mul\libgcc.a(fixsfsi.o)
 .debug_info    0x00000000000015bd      0x119 c:/altera_lite/16.0/nios2eds/bin/gnu/h-x86_64-mingw32/bin/../lib/gcc/nios2-elf/5.2.0/../../../../../H-x86_64-mingw32/nios2-elf/lib/mno-hw-mul\libsmallc.a(lib_a-memcpy.o)
 .debug_info    0x00000000000016d6       0xdc c:/altera_lite/16.0/nios2eds/bin/gnu/h-x86_64-mingw32/bin/../lib/gcc/nios2-elf/5.2.0/../../../../../H-x86_64-mingw32/nios2-elf/lib/mno-hw-mul\libsmallc.a(lib_a-memset.o)
 .debug_info    0x00000000000017b2       0xc9 c:/altera_lite/16.0/nios2eds/bin/gnu/h-x86_64-mingw32/bin/../lib/gcc/nios2-elf/5.2.0/../../../../../H-x86_64-mingw32/nios2-elf/lib/mno-hw-mul\libsmallc.a(lib_a-strlen.o)
 .debug_info    0x000000000000187b       0x96 ../C_eng_job4_bsp/\libhal_bsp.a(alt_irq_entry.o)
 .debug_info    0x0000000000001911       0x9c ../C_eng_job4_bsp/\libhal_bsp.a(alt_exception_entry.o)
 .debug_info    0x00000000000019ad       0xe5 c:/altera_lite/16.0/nios2eds/bin/gnu/h-x86_64-mingw32/bin/../lib/gcc/nios2-elf/5.2.0/../../../../../H-x86_64-mingw32/nios2-elf/lib/mno-hw-mul\libsmallc.a(lib_a-exit.o)
 .debug_info    0x0000000000001a92       0x8a c:/altera_lite/16.0/nios2eds/bin/gnu/h-x86_64-mingw32/bin/../lib/gcc/nios2-elf/5.2.0/../../../../../H-x86_64-mingw32/nios2-elf/lib/mno-hw-mul\libsmallc.a(lib_a-int_errno.o)
 .debug_info    0x0000000000001b1c       0xf4 c:/altera_lite/16.0/nios2eds/bin/gnu/h-x86_64-mingw32/bin/../lib/gcc/nios2-elf/5.2.0/../../../../../H-x86_64-mingw32/nios2-elf/lib/mno-hw-mul\libsmallc.a(lib_a-memcmp.o)
 .debug_info    0x0000000000001c10      0x67b c:/altera_lite/16.0/nios2eds/bin/gnu/h-x86_64-mingw32/bin/../lib/gcc/nios2-elf/5.2.0/../../../../../H-x86_64-mingw32/nios2-elf/lib/mno-hw-mul\libsmallc.a(lib_a-__call_atexit.o)
 .debug_info    0x000000000000228b      0x5a9 c:/altera_lite/16.0/nios2eds/bin/gnu/h-x86_64-mingw32/bin/../lib/gcc/nios2-elf/5.2.0/../../../../../H-x86_64-mingw32/nios2-elf/lib/mno-hw-mul\libsmallc.a(lib_a-impure.o)

.debug_abbrev   0x0000000000000000      0xd51
 *(.debug_abbrev)
 .debug_abbrev  0x0000000000000000       0x12 ../C_eng_job4_bsp//obj/HAL/src/crt0.o
 .debug_abbrev  0x0000000000000012      0x132 obj/default/main.o
 .debug_abbrev  0x0000000000000144      0x18c obj/default/sensor.o
 .debug_abbrev  0x00000000000002d0      0x181 obj/default/vga_util.o
 .debug_abbrev  0x0000000000000451      0x10e c:/altera_lite/16.0/nios2eds/bin/gnu/h-x86_64-mingw32/bin/../lib/gcc/nios2-elf/5.2.0/mno-hw-mul\libgcc.a(lib2-divmod.o)
 .debug_abbrev  0x000000000000055f       0x6f c:/altera_lite/16.0/nios2eds/bin/gnu/h-x86_64-mingw32/bin/../lib/gcc/nios2-elf/5.2.0/mno-hw-mul\libgcc.a(lib2-mul.o)
 .debug_abbrev  0x00000000000005ce      0x135 c:/altera_lite/16.0/nios2eds/bin/gnu/h-x86_64-mingw32/bin/../lib/gcc/nios2-elf/5.2.0/mno-hw-mul\libgcc.a(fixsfsi.o)
 .debug_abbrev  0x0000000000000703       0x9c c:/altera_lite/16.0/nios2eds/bin/gnu/h-x86_64-mingw32/bin/../lib/gcc/nios2-elf/5.2.0/../../../../../H-x86_64-mingw32/nios2-elf/lib/mno-hw-mul\libsmallc.a(lib_a-memcpy.o)
 .debug_abbrev  0x000000000000079f       0x8e c:/altera_lite/16.0/nios2eds/bin/gnu/h-x86_64-mingw32/bin/../lib/gcc/nios2-elf/5.2.0/../../../../../H-x86_64-mingw32/nios2-elf/lib/mno-hw-mul\libsmallc.a(lib_a-memset.o)
 .debug_abbrev  0x000000000000082d       0x7f c:/altera_lite/16.0/nios2eds/bin/gnu/h-x86_64-mingw32/bin/../lib/gcc/nios2-elf/5.2.0/../../../../../H-x86_64-mingw32/nios2-elf/lib/mno-hw-mul\libsmallc.a(lib_a-strlen.o)
 .debug_abbrev  0x00000000000008ac       0x12 ../C_eng_job4_bsp/\libhal_bsp.a(alt_irq_entry.o)
 .debug_abbrev  0x00000000000008be       0x12 ../C_eng_job4_bsp/\libhal_bsp.a(alt_exception_entry.o)
 .debug_abbrev  0x00000000000008d0       0x8b c:/altera_lite/16.0/nios2eds/bin/gnu/h-x86_64-mingw32/bin/../lib/gcc/nios2-elf/5.2.0/../../../../../H-x86_64-mingw32/nios2-elf/lib/mno-hw-mul\libsmallc.a(lib_a-exit.o)
 .debug_abbrev  0x000000000000095b       0x37 c:/altera_lite/16.0/nios2eds/bin/gnu/h-x86_64-mingw32/bin/../lib/gcc/nios2-elf/5.2.0/../../../../../H-x86_64-mingw32/nios2-elf/lib/mno-hw-mul\libsmallc.a(lib_a-int_errno.o)
 .debug_abbrev  0x0000000000000992       0x7f c:/altera_lite/16.0/nios2eds/bin/gnu/h-x86_64-mingw32/bin/../lib/gcc/nios2-elf/5.2.0/../../../../../H-x86_64-mingw32/nios2-elf/lib/mno-hw-mul\libsmallc.a(lib_a-memcmp.o)
 .debug_abbrev  0x0000000000000a11      0x1f6 c:/altera_lite/16.0/nios2eds/bin/gnu/h-x86_64-mingw32/bin/../lib/gcc/nios2-elf/5.2.0/../../../../../H-x86_64-mingw32/nios2-elf/lib/mno-hw-mul\libsmallc.a(lib_a-__call_atexit.o)
 .debug_abbrev  0x0000000000000c07      0x14a c:/altera_lite/16.0/nios2eds/bin/gnu/h-x86_64-mingw32/bin/../lib/gcc/nios2-elf/5.2.0/../../../../../H-x86_64-mingw32/nios2-elf/lib/mno-hw-mul\libsmallc.a(lib_a-impure.o)

.debug_line     0x0000000000000000     0x13a7
 *(.debug_line)
 .debug_line    0x0000000000000000       0x66 ../C_eng_job4_bsp//obj/HAL/src/crt0.o
 .debug_line    0x0000000000000066      0x118 obj/default/main.o
 .debug_line    0x000000000000017e      0x1bb obj/default/sensor.o
 .debug_line    0x0000000000000339      0x27a obj/default/vga_util.o
 .debug_line    0x00000000000005b3      0x105 c:/altera_lite/16.0/nios2eds/bin/gnu/h-x86_64-mingw32/bin/../lib/gcc/nios2-elf/5.2.0/mno-hw-mul\libgcc.a(lib2-divmod.o)
 .debug_line    0x00000000000006b8       0x80 c:/altera_lite/16.0/nios2eds/bin/gnu/h-x86_64-mingw32/bin/../lib/gcc/nios2-elf/5.2.0/mno-hw-mul\libgcc.a(lib2-mul.o)
 .debug_line    0x0000000000000738       0x9a c:/altera_lite/16.0/nios2eds/bin/gnu/h-x86_64-mingw32/bin/../lib/gcc/nios2-elf/5.2.0/mno-hw-mul\libgcc.a(fixsfsi.o)
 .debug_line    0x00000000000007d2      0x15e c:/altera_lite/16.0/nios2eds/bin/gnu/h-x86_64-mingw32/bin/../lib/gcc/nios2-elf/5.2.0/../../../../../H-x86_64-mingw32/nios2-elf/lib/mno-hw-mul\libsmallc.a(lib_a-memcpy.o)
 .debug_line    0x0000000000000930      0x15d c:/altera_lite/16.0/nios2eds/bin/gnu/h-x86_64-mingw32/bin/../lib/gcc/nios2-elf/5.2.0/../../../../../H-x86_64-mingw32/nios2-elf/lib/mno-hw-mul\libsmallc.a(lib_a-memset.o)
 .debug_line    0x0000000000000a8d      0x15c c:/altera_lite/16.0/nios2eds/bin/gnu/h-x86_64-mingw32/bin/../lib/gcc/nios2-elf/5.2.0/../../../../../H-x86_64-mingw32/nios2-elf/lib/mno-hw-mul\libsmallc.a(lib_a-strlen.o)
 .debug_line    0x0000000000000be9       0x6b ../C_eng_job4_bsp/\libhal_bsp.a(alt_irq_entry.o)
 .debug_line    0x0000000000000c54       0xb3 ../C_eng_job4_bsp/\libhal_bsp.a(alt_exception_entry.o)
 .debug_line    0x0000000000000d07      0x159 c:/altera_lite/16.0/nios2eds/bin/gnu/h-x86_64-mingw32/bin/../lib/gcc/nios2-elf/5.2.0/../../../../../H-x86_64-mingw32/nios2-elf/lib/mno-hw-mul\libsmallc.a(lib_a-exit.o)
 .debug_line    0x0000000000000e60       0x5f c:/altera_lite/16.0/nios2eds/bin/gnu/h-x86_64-mingw32/bin/../lib/gcc/nios2-elf/5.2.0/../../../../../H-x86_64-mingw32/nios2-elf/lib/mno-hw-mul\libsmallc.a(lib_a-int_errno.o)
 .debug_line    0x0000000000000ebf      0x160 c:/altera_lite/16.0/nios2eds/bin/gnu/h-x86_64-mingw32/bin/../lib/gcc/nios2-elf/5.2.0/../../../../../H-x86_64-mingw32/nios2-elf/lib/mno-hw-mul\libsmallc.a(lib_a-memcmp.o)
 .debug_line    0x000000000000101f      0x232 c:/altera_lite/16.0/nios2eds/bin/gnu/h-x86_64-mingw32/bin/../lib/gcc/nios2-elf/5.2.0/../../../../../H-x86_64-mingw32/nios2-elf/lib/mno-hw-mul\libsmallc.a(lib_a-__call_atexit.o)
 .debug_line    0x0000000000001251      0x156 c:/altera_lite/16.0/nios2eds/bin/gnu/h-x86_64-mingw32/bin/../lib/gcc/nios2-elf/5.2.0/../../../../../H-x86_64-mingw32/nios2-elf/lib/mno-hw-mul\libsmallc.a(lib_a-impure.o)

.debug_frame    0x0000000000000000      0x694
 *(.debug_frame)
 .debug_frame   0x0000000000000000       0x34 obj/default/main.o
 .debug_frame   0x0000000000000034      0x218 obj/default/sensor.o
 .debug_frame   0x000000000000024c      0x2bc obj/default/vga_util.o
 .debug_frame   0x0000000000000508       0x50 c:/altera_lite/16.0/nios2eds/bin/gnu/h-x86_64-mingw32/bin/../lib/gcc/nios2-elf/5.2.0/mno-hw-mul\libgcc.a(lib2-divmod.o)
 .debug_frame   0x0000000000000558       0x20 c:/altera_lite/16.0/nios2eds/bin/gnu/h-x86_64-mingw32/bin/../lib/gcc/nios2-elf/5.2.0/mno-hw-mul\libgcc.a(lib2-mul.o)
 .debug_frame   0x0000000000000578       0x20 c:/altera_lite/16.0/nios2eds/bin/gnu/h-x86_64-mingw32/bin/../lib/gcc/nios2-elf/5.2.0/mno-hw-mul\libgcc.a(fixsfsi.o)
 .debug_frame   0x0000000000000598       0x20 c:/altera_lite/16.0/nios2eds/bin/gnu/h-x86_64-mingw32/bin/../lib/gcc/nios2-elf/5.2.0/../../../../../H-x86_64-mingw32/nios2-elf/lib/mno-hw-mul\libsmallc.a(lib_a-memcpy.o)
 .debug_frame   0x00000000000005b8       0x20 c:/altera_lite/16.0/nios2eds/bin/gnu/h-x86_64-mingw32/bin/../lib/gcc/nios2-elf/5.2.0/../../../../../H-x86_64-mingw32/nios2-elf/lib/mno-hw-mul\libsmallc.a(lib_a-memset.o)
 .debug_frame   0x00000000000005d8       0x20 c:/altera_lite/16.0/nios2eds/bin/gnu/h-x86_64-mingw32/bin/../lib/gcc/nios2-elf/5.2.0/../../../../../H-x86_64-mingw32/nios2-elf/lib/mno-hw-mul\libsmallc.a(lib_a-strlen.o)
 .debug_frame   0x00000000000005f8       0x28 c:/altera_lite/16.0/nios2eds/bin/gnu/h-x86_64-mingw32/bin/../lib/gcc/nios2-elf/5.2.0/../../../../../H-x86_64-mingw32/nios2-elf/lib/mno-hw-mul\libsmallc.a(lib_a-exit.o)
 .debug_frame   0x0000000000000620       0x20 c:/altera_lite/16.0/nios2eds/bin/gnu/h-x86_64-mingw32/bin/../lib/gcc/nios2-elf/5.2.0/../../../../../H-x86_64-mingw32/nios2-elf/lib/mno-hw-mul\libsmallc.a(lib_a-memcmp.o)
 .debug_frame   0x0000000000000640       0x54 c:/altera_lite/16.0/nios2eds/bin/gnu/h-x86_64-mingw32/bin/../lib/gcc/nios2-elf/5.2.0/../../../../../H-x86_64-mingw32/nios2-elf/lib/mno-hw-mul\libsmallc.a(lib_a-__call_atexit.o)

.debug_str      0x0000000000000000      0xef9
 *(.debug_str)
 .debug_str     0x0000000000000000      0x24d obj/default/main.o
                                        0x2af (size before relaxing)
 .debug_str     0x000000000000024d      0x12e obj/default/sensor.o
                                        0x36b (size before relaxing)
 .debug_str     0x000000000000037b      0x1e1 obj/default/vga_util.o
                                        0x32a (size before relaxing)
 .debug_str     0x000000000000055c      0x187 c:/altera_lite/16.0/nios2eds/bin/gnu/h-x86_64-mingw32/bin/../lib/gcc/nios2-elf/5.2.0/mno-hw-mul\libgcc.a(lib2-divmod.o)
                                        0x1d2 (size before relaxing)
 .debug_str     0x00000000000006e3       0x40 c:/altera_lite/16.0/nios2eds/bin/gnu/h-x86_64-mingw32/bin/../lib/gcc/nios2-elf/5.2.0/mno-hw-mul\libgcc.a(lib2-mul.o)
                                        0x193 (size before relaxing)
 .debug_str     0x0000000000000723       0x85 c:/altera_lite/16.0/nios2eds/bin/gnu/h-x86_64-mingw32/bin/../lib/gcc/nios2-elf/5.2.0/mno-hw-mul\libgcc.a(fixsfsi.o)
                                        0x219 (size before relaxing)
 .debug_str     0x00000000000007a8      0x155 c:/altera_lite/16.0/nios2eds/bin/gnu/h-x86_64-mingw32/bin/../lib/gcc/nios2-elf/5.2.0/../../../../../H-x86_64-mingw32/nios2-elf/lib/mno-hw-mul\libsmallc.a(lib_a-memcpy.o)
                                        0x1f3 (size before relaxing)
 .debug_str     0x00000000000008fd       0x44 c:/altera_lite/16.0/nios2eds/bin/gnu/h-x86_64-mingw32/bin/../lib/gcc/nios2-elf/5.2.0/../../../../../H-x86_64-mingw32/nios2-elf/lib/mno-hw-mul\libsmallc.a(lib_a-memset.o)
                                        0x1df (size before relaxing)
 .debug_str     0x0000000000000941       0x44 c:/altera_lite/16.0/nios2eds/bin/gnu/h-x86_64-mingw32/bin/../lib/gcc/nios2-elf/5.2.0/../../../../../H-x86_64-mingw32/nios2-elf/lib/mno-hw-mul\libsmallc.a(lib_a-strlen.o)
                                        0x1e5 (size before relaxing)
 .debug_str     0x0000000000000985       0xec c:/altera_lite/16.0/nios2eds/bin/gnu/h-x86_64-mingw32/bin/../lib/gcc/nios2-elf/5.2.0/../../../../../H-x86_64-mingw32/nios2-elf/lib/mno-hw-mul\libsmallc.a(lib_a-exit.o)
                                        0x1f0 (size before relaxing)
 .debug_str     0x0000000000000a71       0xd3 c:/altera_lite/16.0/nios2eds/bin/gnu/h-x86_64-mingw32/bin/../lib/gcc/nios2-elf/5.2.0/../../../../../H-x86_64-mingw32/nios2-elf/lib/mno-hw-mul\libsmallc.a(lib_a-int_errno.o)
                                        0x1d8 (size before relaxing)
 .debug_str     0x0000000000000b44       0x44 c:/altera_lite/16.0/nios2eds/bin/gnu/h-x86_64-mingw32/bin/../lib/gcc/nios2-elf/5.2.0/../../../../../H-x86_64-mingw32/nios2-elf/lib/mno-hw-mul\libsmallc.a(lib_a-memcmp.o)
                                        0x1df (size before relaxing)
 .debug_str     0x0000000000000b88      0x329 c:/altera_lite/16.0/nios2eds/bin/gnu/h-x86_64-mingw32/bin/../lib/gcc/nios2-elf/5.2.0/../../../../../H-x86_64-mingw32/nios2-elf/lib/mno-hw-mul\libsmallc.a(lib_a-__call_atexit.o)
                                        0x4eb (size before relaxing)
 .debug_str     0x0000000000000eb1       0x48 c:/altera_lite/16.0/nios2eds/bin/gnu/h-x86_64-mingw32/bin/../lib/gcc/nios2-elf/5.2.0/../../../../../H-x86_64-mingw32/nios2-elf/lib/mno-hw-mul\libsmallc.a(lib_a-impure.o)
                                        0x4be (size before relaxing)

.debug_loc      0x0000000000000000      0xa05
 *(.debug_loc)
 .debug_loc     0x0000000000000000      0x4ae c:/altera_lite/16.0/nios2eds/bin/gnu/h-x86_64-mingw32/bin/../lib/gcc/nios2-elf/5.2.0/mno-hw-mul\libgcc.a(lib2-divmod.o)
 .debug_loc     0x00000000000004ae       0x93 c:/altera_lite/16.0/nios2eds/bin/gnu/h-x86_64-mingw32/bin/../lib/gcc/nios2-elf/5.2.0/mno-hw-mul\libgcc.a(lib2-mul.o)
 .debug_loc     0x0000000000000541       0xc3 c:/altera_lite/16.0/nios2eds/bin/gnu/h-x86_64-mingw32/bin/../lib/gcc/nios2-elf/5.2.0/mno-hw-mul\libgcc.a(fixsfsi.o)
 .debug_loc     0x0000000000000604      0x135 c:/altera_lite/16.0/nios2eds/bin/gnu/h-x86_64-mingw32/bin/../lib/gcc/nios2-elf/5.2.0/../../../../../H-x86_64-mingw32/nios2-elf/lib/mno-hw-mul\libsmallc.a(lib_a-memcpy.o)
 .debug_loc     0x0000000000000739       0xa5 c:/altera_lite/16.0/nios2eds/bin/gnu/h-x86_64-mingw32/bin/../lib/gcc/nios2-elf/5.2.0/../../../../../H-x86_64-mingw32/nios2-elf/lib/mno-hw-mul\libsmallc.a(lib_a-memset.o)
 .debug_loc     0x00000000000007de       0x1e c:/altera_lite/16.0/nios2eds/bin/gnu/h-x86_64-mingw32/bin/../lib/gcc/nios2-elf/5.2.0/../../../../../H-x86_64-mingw32/nios2-elf/lib/mno-hw-mul\libsmallc.a(lib_a-strlen.o)
 .debug_loc     0x00000000000007fc       0x1e c:/altera_lite/16.0/nios2eds/bin/gnu/h-x86_64-mingw32/bin/../lib/gcc/nios2-elf/5.2.0/../../../../../H-x86_64-mingw32/nios2-elf/lib/mno-hw-mul\libsmallc.a(lib_a-exit.o)
 .debug_loc     0x000000000000081a       0x94 c:/altera_lite/16.0/nios2eds/bin/gnu/h-x86_64-mingw32/bin/../lib/gcc/nios2-elf/5.2.0/../../../../../H-x86_64-mingw32/nios2-elf/lib/mno-hw-mul\libsmallc.a(lib_a-memcmp.o)
 .debug_loc     0x00000000000008ae      0x157 c:/altera_lite/16.0/nios2eds/bin/gnu/h-x86_64-mingw32/bin/../lib/gcc/nios2-elf/5.2.0/../../../../../H-x86_64-mingw32/nios2-elf/lib/mno-hw-mul\libsmallc.a(lib_a-__call_atexit.o)

.debug_macinfo
 *(.debug_macinfo)

.debug_weaknames
 *(.debug_weaknames)

.debug_funcnames
 *(.debug_funcnames)

.debug_typenames
 *(.debug_typenames)

.debug_varnames
 *(.debug_varnames)

.debug_alt_sim_info
                0x0000000000000000       0x10
 *(.debug_alt_sim_info)
 .debug_alt_sim_info
                0x0000000000000000       0x10 ../C_eng_job4_bsp//obj/HAL/src/crt0.o
                0x0000000001000000                __alt_data_end = 0x1000000
                0x0000000001000000                PROVIDE (__alt_stack_pointer, __alt_data_end)
                [!provide]                        PROVIDE (__alt_stack_limit, __alt_stack_base)
                [!provide]                        PROVIDE (__alt_heap_start, end)
                [!provide]                        PROVIDE (__alt_heap_limit, 0x1000000)
OUTPUT(C_eng_job4.elf elf32-littlenios2)

.debug_ranges   0x0000000000000000      0x180
 .debug_ranges  0x0000000000000000       0x20 ../C_eng_job4_bsp//obj/HAL/src/crt0.o
 .debug_ranges  0x0000000000000020       0x60 c:/altera_lite/16.0/nios2eds/bin/gnu/h-x86_64-mingw32/bin/../lib/gcc/nios2-elf/5.2.0/mno-hw-mul\libgcc.a(lib2-divmod.o)
 .debug_ranges  0x0000000000000080       0x30 c:/altera_lite/16.0/nios2eds/bin/gnu/h-x86_64-mingw32/bin/../lib/gcc/nios2-elf/5.2.0/mno-hw-mul\libgcc.a(fixsfsi.o)
 .debug_ranges  0x00000000000000b0       0x10 c:/altera_lite/16.0/nios2eds/bin/gnu/h-x86_64-mingw32/bin/../lib/gcc/nios2-elf/5.2.0/../../../../../H-x86_64-mingw32/nios2-elf/lib/mno-hw-mul\libsmallc.a(lib_a-memcpy.o)
 .debug_ranges  0x00000000000000c0       0x10 c:/altera_lite/16.0/nios2eds/bin/gnu/h-x86_64-mingw32/bin/../lib/gcc/nios2-elf/5.2.0/../../../../../H-x86_64-mingw32/nios2-elf/lib/mno-hw-mul\libsmallc.a(lib_a-memset.o)
 .debug_ranges  0x00000000000000d0       0x10 c:/altera_lite/16.0/nios2eds/bin/gnu/h-x86_64-mingw32/bin/../lib/gcc/nios2-elf/5.2.0/../../../../../H-x86_64-mingw32/nios2-elf/lib/mno-hw-mul\libsmallc.a(lib_a-strlen.o)
 .debug_ranges  0x00000000000000e0       0x28 ../C_eng_job4_bsp/\libhal_bsp.a(alt_irq_entry.o)
 .debug_ranges  0x0000000000000108       0x30 ../C_eng_job4_bsp/\libhal_bsp.a(alt_exception_entry.o)
 .debug_ranges  0x0000000000000138       0x10 c:/altera_lite/16.0/nios2eds/bin/gnu/h-x86_64-mingw32/bin/../lib/gcc/nios2-elf/5.2.0/../../../../../H-x86_64-mingw32/nios2-elf/lib/mno-hw-mul\libsmallc.a(lib_a-exit.o)
 .debug_ranges  0x0000000000000148       0x10 c:/altera_lite/16.0/nios2eds/bin/gnu/h-x86_64-mingw32/bin/../lib/gcc/nios2-elf/5.2.0/../../../../../H-x86_64-mingw32/nios2-elf/lib/mno-hw-mul\libsmallc.a(lib_a-memcmp.o)
 .debug_ranges  0x0000000000000158       0x28 c:/altera_lite/16.0/nios2eds/bin/gnu/h-x86_64-mingw32/bin/../lib/gcc/nios2-elf/5.2.0/../../../../../H-x86_64-mingw32/nios2-elf/lib/mno-hw-mul\libsmallc.a(lib_a-__call_atexit.o)
