Archive member included to satisfy reference by file (symbol)

c:/altera_lite/16.0/nios2eds/bin/gnu/h-x86_64-mingw32/bin/../lib/gcc/nios2-elf/5.2.0/mno-hw-mul\libgcc.a(lib2-divmod.o)
                              obj/default/sensor.o (__divsi3)
c:/altera_lite/16.0/nios2eds/bin/gnu/h-x86_64-mingw32/bin/../lib/gcc/nios2-elf/5.2.0/mno-hw-mul\libgcc.a(lib2-mul.o)
                              obj/default/main.o (__mulsi3)
c:/altera_lite/16.0/nios2eds/bin/gnu/h-x86_64-mingw32/bin/../lib/gcc/nios2-elf/5.2.0/mno-hw-mul\libgcc.a(fixsfsi.o)
                              obj/default/sensor.o (__fixsfsi)
c:/altera_lite/16.0/nios2eds/bin/gnu/h-x86_64-mingw32/bin/../lib/gcc/nios2-elf/5.2.0/../../../../../H-x86_64-mingw32/nios2-elf/lib/mno-hw-mul\libsmallc.a(lib_a-memcpy.o)
                              obj/default/main.o (memcpy)
c:/altera_lite/16.0/nios2eds/bin/gnu/h-x86_64-mingw32/bin/../lib/gcc/nios2-elf/5.2.0/../../../../../H-x86_64-mingw32/nios2-elf/lib/mno-hw-mul\libsmallc.a(lib_a-memset.o)
                              obj/default/main.o (memset)
c:/altera_lite/16.0/nios2eds/bin/gnu/h-x86_64-mingw32/bin/../lib/gcc/nios2-elf/5.2.0/../../../../../H-x86_64-mingw32/nios2-elf/lib/mno-hw-mul\libsmallc.a(lib_a-strlen.o)
                              obj/default/vga_util.o (strlen)
../C_eng_job4_bsp/\libhal_bsp.a(alt_load.o)
                              ../C_eng_job4_bsp//obj/HAL/src/crt0.o (alt_load)
../C_eng_job4_bsp/\libhal_bsp.a(alt_main.o)
                              ../C_eng_job4_bsp//obj/HAL/src/crt0.o (alt_main)
../C_eng_job4_bsp/\libhal_bsp.a(alt_sys_init.o)
                              ../C_eng_job4_bsp/\libhal_bsp.a(alt_main.o) (alt_irq_init)
../C_eng_job4_bsp/\libhal_bsp.a(altera_avalon_jtag_uart_fd.o)
                              ../C_eng_job4_bsp/\libhal_bsp.a(alt_sys_init.o) (altera_avalon_jtag_uart_read_fd)
../C_eng_job4_bsp/\libhal_bsp.a(altera_avalon_jtag_uart_read.o)
                              ../C_eng_job4_bsp/\libhal_bsp.a(altera_avalon_jtag_uart_fd.o) (altera_avalon_jtag_uart_read)
../C_eng_job4_bsp/\libhal_bsp.a(altera_avalon_jtag_uart_write.o)
                              ../C_eng_job4_bsp/\libhal_bsp.a(altera_avalon_jtag_uart_fd.o) (altera_avalon_jtag_uart_write)
../C_eng_job4_bsp/\libhal_bsp.a(altera_avalon_spi.o)
                              obj/default/sensor.o (alt_avalon_spi_command)
../C_eng_job4_bsp/\libhal_bsp.a(altera_modular_adc.o)
                              ../C_eng_job4_bsp/\libhal_bsp.a(alt_sys_init.o) (altera_modular_adc_init)
../C_eng_job4_bsp/\libhal_bsp.a(alt_close.o)
                              ../C_eng_job4_bsp/\libhal_bsp.a(alt_main.o) (close)
../C_eng_job4_bsp/\libhal_bsp.a(alt_dcache_flush_all.o)
                              ../C_eng_job4_bsp/\libhal_bsp.a(alt_load.o) (alt_dcache_flush_all)
../C_eng_job4_bsp/\libhal_bsp.a(alt_dev.o)
                              ../C_eng_job4_bsp/\libhal_bsp.a(alt_sys_init.o) (alt_dev_list)
../C_eng_job4_bsp/\libhal_bsp.a(alt_dev_llist_insert.o)
                              ../C_eng_job4_bsp/\libhal_bsp.a(alt_sys_init.o) (alt_dev_llist_insert)
../C_eng_job4_bsp/\libhal_bsp.a(alt_errno.o)
                              ../C_eng_job4_bsp/\libhal_bsp.a(alt_close.o) (alt_errno)
../C_eng_job4_bsp/\libhal_bsp.a(alt_find_dev.o)
                              ../C_eng_job4_bsp/\libhal_bsp.a(altera_modular_adc.o) (alt_find_dev)
../C_eng_job4_bsp/\libhal_bsp.a(alt_icache_flush_all.o)
                              ../C_eng_job4_bsp/\libhal_bsp.a(alt_load.o) (alt_icache_flush_all)
../C_eng_job4_bsp/\libhal_bsp.a(alt_iic.o)
                              ../C_eng_job4_bsp/\libhal_bsp.a(altera_modular_adc.o) (alt_ic_isr_register)
../C_eng_job4_bsp/\libhal_bsp.a(alt_iic_isr_register.o)
                              ../C_eng_job4_bsp/\libhal_bsp.a(alt_iic.o) (alt_iic_isr_register)
../C_eng_job4_bsp/\libhal_bsp.a(alt_io_redirect.o)
                              ../C_eng_job4_bsp/\libhal_bsp.a(alt_main.o) (alt_io_redirect)
../C_eng_job4_bsp/\libhal_bsp.a(alt_irq_entry.o)
                              ../C_eng_job4_bsp/\libhal_bsp.a(alt_iic_isr_register.o) (alt_irq_entry)
../C_eng_job4_bsp/\libhal_bsp.a(alt_irq_handler.o)
                              ../C_eng_job4_bsp/\libhal_bsp.a(alt_iic_isr_register.o) (alt_irq)
../C_eng_job4_bsp/\libhal_bsp.a(alt_irq_vars.o)
                              ../C_eng_job4_bsp/\libhal_bsp.a(alt_iic.o) (alt_irq_active)
../C_eng_job4_bsp/\libhal_bsp.a(alt_open.o)
                              ../C_eng_job4_bsp/\libhal_bsp.a(alt_io_redirect.o) (open)
../C_eng_job4_bsp/\libhal_bsp.a(alt_release_fd.o)
                              ../C_eng_job4_bsp/\libhal_bsp.a(alt_close.o) (alt_release_fd)
../C_eng_job4_bsp/\libhal_bsp.a(altera_nios2_gen2_irq.o)
                              ../C_eng_job4_bsp/\libhal_bsp.a(alt_sys_init.o) (altera_nios2_gen2_irq_init)
../C_eng_job4_bsp/\libhal_bsp.a(alt_exception_entry.o)
                              ../C_eng_job4_bsp/\libhal_bsp.a(alt_irq_entry.o) (alt_exception)
../C_eng_job4_bsp/\libhal_bsp.a(alt_find_file.o)
                              ../C_eng_job4_bsp/\libhal_bsp.a(alt_open.o) (alt_find_file)
../C_eng_job4_bsp/\libhal_bsp.a(alt_get_fd.o)
                              ../C_eng_job4_bsp/\libhal_bsp.a(alt_open.o) (alt_get_fd)
../C_eng_job4_bsp/\libhal_bsp.a(alt_instruction_exception_entry.o)
                              ../C_eng_job4_bsp/\libhal_bsp.a(alt_exception_entry.o) (alt_instruction_exception_entry)
c:/altera_lite/16.0/nios2eds/bin/gnu/h-x86_64-mingw32/bin/../lib/gcc/nios2-elf/5.2.0/../../../../../H-x86_64-mingw32/nios2-elf/lib/mno-hw-mul\libsmallc.a(lib_a-exit.o)
                              ../C_eng_job4_bsp/\libhal_bsp.a(alt_main.o) (exit)
c:/altera_lite/16.0/nios2eds/bin/gnu/h-x86_64-mingw32/bin/../lib/gcc/nios2-elf/5.2.0/../../../../../H-x86_64-mingw32/nios2-elf/lib/mno-hw-mul\libsmallc.a(lib_a-int_errno.o)
                              ../C_eng_job4_bsp/\libhal_bsp.a(alt_close.o) (errno)
c:/altera_lite/16.0/nios2eds/bin/gnu/h-x86_64-mingw32/bin/../lib/gcc/nios2-elf/5.2.0/../../../../../H-x86_64-mingw32/nios2-elf/lib/mno-hw-mul\libsmallc.a(lib_a-memcmp.o)
                              ../C_eng_job4_bsp/\libhal_bsp.a(alt_find_dev.o) (memcmp)
c:/altera_lite/16.0/nios2eds/bin/gnu/h-x86_64-mingw32/bin/../lib/gcc/nios2-elf/5.2.0/../../../../../H-x86_64-mingw32/nios2-elf/lib/mno-hw-mul\libsmallc.a(lib_a-__call_atexit.o)
                              c:/altera_lite/16.0/nios2eds/bin/gnu/h-x86_64-mingw32/bin/../lib/gcc/nios2-elf/5.2.0/../../../../../H-x86_64-mingw32/nios2-elf/lib/mno-hw-mul\libsmallc.a(lib_a-exit.o) (__call_exitprocs)
c:/altera_lite/16.0/nios2eds/bin/gnu/h-x86_64-mingw32/bin/../lib/gcc/nios2-elf/5.2.0/../../../../../H-x86_64-mingw32/nios2-elf/lib/mno-hw-mul\libsmallc.a(lib_a-impure.o)
                              c:/altera_lite/16.0/nios2eds/bin/gnu/h-x86_64-mingw32/bin/../lib/gcc/nios2-elf/5.2.0/../../../../../H-x86_64-mingw32/nios2-elf/lib/mno-hw-mul\libsmallc.a(lib_a-__call_atexit.o) (_global_impure_ptr)
../C_eng_job4_bsp/\libhal_bsp.a(alt_exit.o)
                              c:/altera_lite/16.0/nios2eds/bin/gnu/h-x86_64-mingw32/bin/../lib/gcc/nios2-elf/5.2.0/../../../../../H-x86_64-mingw32/nios2-elf/lib/mno-hw-mul\libsmallc.a(lib_a-exit.o) (_exit)

Allocating common symbols
Common symbol       size              file

alt_irq             0x100             ../C_eng_job4_bsp/\libhal_bsp.a(alt_irq_handler.o)
errno               0x4               c:/altera_lite/16.0/nios2eds/bin/gnu/h-x86_64-mingw32/bin/../lib/gcc/nios2-elf/5.2.0/../../../../../H-x86_64-mingw32/nios2-elf/lib/mno-hw-mul\libsmallc.a(lib_a-int_errno.o)

Memory Configuration

Name             Origin             Length             Attributes
reset            0x0000000000800000 0x0000000000000020
SDRAM_Controller 0x0000000000800020 0x00000000007fffe0
*default*        0x0000000000000000 0xffffffffffffffff

Linker script and memory map

LOAD ../C_eng_job4_bsp//obj/HAL/src/crt0.o
LOAD obj/default/main.o
LOAD obj/default/sensor.o
LOAD obj/default/vga_util.o
LOAD c:/altera_lite/16.0/nios2eds/bin/gnu/h-x86_64-mingw32/bin/../lib/gcc/nios2-elf/5.2.0/../../../../../H-x86_64-mingw32/nios2-elf/lib/mno-hw-mul\libstdc++.a
LOAD c:/altera_lite/16.0/nios2eds/bin/gnu/h-x86_64-mingw32/bin/../lib/gcc/nios2-elf/5.2.0/../../../../../H-x86_64-mingw32/nios2-elf/lib/mno-hw-mul\libm.a
LOAD c:/altera_lite/16.0/nios2eds/bin/gnu/h-x86_64-mingw32/bin/../lib/gcc/nios2-elf/5.2.0/mno-hw-mul\libgcc.a
START GROUP
LOAD c:/altera_lite/16.0/nios2eds/bin/gnu/h-x86_64-mingw32/bin/../lib/gcc/nios2-elf/5.2.0/../../../../../H-x86_64-mingw32/nios2-elf/lib/mno-hw-mul\libsmallc.a
LOAD c:/altera_lite/16.0/nios2eds/bin/gnu/h-x86_64-mingw32/bin/../lib/gcc/nios2-elf/5.2.0/mno-hw-mul\libgcc.a
LOAD ../C_eng_job4_bsp/\libhal_bsp.a
LOAD c:/altera_lite/16.0/nios2eds/bin/gnu/h-x86_64-mingw32/bin/../lib/gcc/nios2-elf/5.2.0/../../../../../H-x86_64-mingw32/nios2-elf/lib/mno-hw-mul\libm.a
END GROUP
LOAD c:/altera_lite/16.0/nios2eds/bin/gnu/h-x86_64-mingw32/bin/../lib/gcc/nios2-elf/5.2.0/mno-hw-mul\libgcc.a
                0x0000000000800000                __alt_mem_SDRAM_Controller = 0x800000

.entry          0x0000000000800000       0x20
 *(.entry)
 .entry         0x0000000000800000       0x20 ../C_eng_job4_bsp//obj/HAL/src/crt0.o
                0x0000000000800000                __reset

.exceptions     0x0000000000800020      0x210
                0x0000000000800020                PROVIDE (__ram_exceptions_start, ABSOLUTE (.))
                0x0000000000800020                . = ALIGN (0x20)
 *(.irq)
 *(.exceptions.entry.label)
 .exceptions.entry.label
                0x0000000000800020        0x0 ../C_eng_job4_bsp/\libhal_bsp.a(alt_irq_entry.o)
                0x0000000000800020                alt_irq_entry
 .exceptions.entry.label
                0x0000000000800020        0x0 ../C_eng_job4_bsp/\libhal_bsp.a(alt_exception_entry.o)
                0x0000000000800020                alt_exception
 *(.exceptions.entry.user)
 *(.exceptions.entry.ecc_fatal)
 *(.exceptions.entry)
 .exceptions.entry
                0x0000000000800020       0x54 ../C_eng_job4_bsp/\libhal_bsp.a(alt_exception_entry.o)
 *(.exceptions.irqtest.user)
 *(.exceptions.irqtest)
 .exceptions.irqtest
                0x0000000000800074       0x10 ../C_eng_job4_bsp/\libhal_bsp.a(alt_irq_entry.o)
 *(.exceptions.irqhandler.user)
 *(.exceptions.irqhandler)
 .exceptions.irqhandler
                0x0000000000800084        0x4 ../C_eng_job4_bsp/\libhal_bsp.a(alt_irq_entry.o)
 *(.exceptions.irqreturn.user)
 *(.exceptions.irqreturn)
 .exceptions.irqreturn
                0x0000000000800088        0x4 ../C_eng_job4_bsp/\libhal_bsp.a(alt_irq_entry.o)
 *(.exceptions.notirq.label)
 .exceptions.notirq.label
                0x000000000080008c        0x0 ../C_eng_job4_bsp/\libhal_bsp.a(alt_irq_entry.o)
 *(.exceptions.notirq.user)
 *(.exceptions.notirq)
 .exceptions.notirq
                0x000000000080008c        0x8 ../C_eng_job4_bsp/\libhal_bsp.a(alt_exception_entry.o)
 *(.exceptions.soft.user)
 *(.exceptions.soft)
 *(.exceptions.unknown.user)
 *(.exceptions.unknown)
 .exceptions.unknown
                0x0000000000800094       0x14 ../C_eng_job4_bsp/\libhal_bsp.a(alt_exception_entry.o)
 *(.exceptions.exit.label)
 .exceptions.exit.label
                0x00000000008000a8        0x0 ../C_eng_job4_bsp/\libhal_bsp.a(alt_irq_entry.o)
 .exceptions.exit.label
                0x00000000008000a8        0x0 ../C_eng_job4_bsp/\libhal_bsp.a(alt_exception_entry.o)
 *(.exceptions.exit.user)
 *(.exceptions.exit)
 .exceptions.exit
                0x00000000008000a8       0x54 ../C_eng_job4_bsp/\libhal_bsp.a(alt_exception_entry.o)
 *(.exceptions)
 .exceptions    0x00000000008000fc       0xd4 ../C_eng_job4_bsp/\libhal_bsp.a(alt_irq_handler.o)
                0x00000000008000fc                alt_irq_handler
 .exceptions    0x00000000008001d0       0x60 ../C_eng_job4_bsp/\libhal_bsp.a(alt_instruction_exception_entry.o)
                0x00000000008001d0                alt_instruction_exception_entry
                0x0000000000800230                PROVIDE (__ram_exceptions_end, ABSOLUTE (.))
                0x0000000000800020                PROVIDE (__flash_exceptions_start, LOADADDR (.exceptions))

.text           0x0000000000800230     0x3d64
                [!provide]                        PROVIDE (stext, ABSOLUTE (.))
 *(.interp)
 *(.hash)
 *(.dynsym)
 *(.dynstr)
 *(.gnu.version)
 *(.gnu.version_d)
 *(.gnu.version_r)
 *(.rel.init)
 *(.rela.init)
 *(.rel.text .rel.text.* .rel.gnu.linkonce.t.*)
 *(.rela.text .rela.text.* .rela.gnu.linkonce.t.*)
 *(.rel.fini)
 *(.rela.fini)
 *(.rel.rodata .rel.rodata.* .rel.gnu.linkonce.r.*)
 *(.rela.rodata .rela.rodata.* .rela.gnu.linkonce.r.*)
 *(.rel.data .rel.data.* .rel.gnu.linkonce.d.*)
 *(.rela.data .rela.data.* .rela.gnu.linkonce.d.*)
 *(.rel.tdata .rel.tdata.* .rel.gnu.linkonce.td.*)
 *(.rela.tdata .rela.tdata.* .rela.gnu.linkonce.td.*)
 *(.rel.tbss .rel.tbss.* .rel.gnu.linkonce.tb.*)
 *(.rela.tbss .rela.tbss.* .rela.gnu.linkonce.tb.*)
 *(.rel.ctors)
 *(.rela.ctors)
 *(.rel.dtors)
 *(.rela.dtors)
 *(.rel.got)
 *(.rela.got)
 *(.rel.sdata .rel.sdata.* .rel.gnu.linkonce.s.*)
 *(.rela.sdata .rela.sdata.* .rela.gnu.linkonce.s.*)
 *(.rel.sbss .rel.sbss.* .rel.gnu.linkonce.sb.*)
 *(.rela.sbss .rela.sbss.* .rela.gnu.linkonce.sb.*)
 *(.rel.sdata2 .rel.sdata2.* .rel.gnu.linkonce.s2.*)
 *(.rela.sdata2 .rela.sdata2.* .rela.gnu.linkonce.s2.*)
 *(.rel.sbss2 .rel.sbss2.* .rel.gnu.linkonce.sb2.*)
 *(.rela.sbss2 .rela.sbss2.* .rela.gnu.linkonce.sb2.*)
 *(.rel.bss .rel.bss.* .rel.gnu.linkonce.b.*)
 *(.rela.bss .rela.bss.* .rela.gnu.linkonce.b.*)
 *(.rel.plt)
 *(.rela.plt)
 *(.rel.dyn)
 *(.init)
 *(.plt)
 *(.text .stub .text.* .gnu.linkonce.t.*)
 .text          0x0000000000800230       0x3c ../C_eng_job4_bsp//obj/HAL/src/crt0.o
                0x0000000000800230                _start
 .text          0x000000000080026c      0x978 obj/default/main.o
                0x000000000080026c                main
 .text          0x0000000000800be4      0xd44 obj/default/sensor.o
                0x0000000000800be4                queue_init
                0x0000000000800c38                queue_enqueue
                0x0000000000800d84                queue_dequeue
                0x0000000000800dec                queue_print
                0x0000000000800e3c                queue_print_screen
                0x00000000008011b4                i2bcd
                0x0000000000801250                update_time
                0x00000000008014b8                read_temp
                0x0000000000801538                read_light
                0x00000000008015b8                config_time_base
                0x00000000008015ec                init_measurement
                0x0000000000801638                draw_graph
                0x000000000080174c                update_graph
                0x00000000008017f4                read_accelerometerX
                0x0000000000801908                do_nothing
 .text          0x0000000000801928      0x8d4 obj/default/vga_util.o
                0x0000000000801928                print_pix
                0x00000000008019d4                print_hline
                0x0000000000801aa4                print_vline
                0x0000000000801b74                print_char
                0x0000000000801ca4                print_str
                0x0000000000801d4c                print_symmetry_dots_circle
                0x0000000000801ea4                print_empty_circle
                0x0000000000801ff8                print_circle
                0x000000000080206c                clear_screen
                0x00000000008020f0                read_pixel_ram_int
                0x0000000000802154                print_welcome_screen
 .text          0x00000000008021fc      0x1b4 c:/altera_lite/16.0/nios2eds/bin/gnu/h-x86_64-mingw32/bin/../lib/gcc/nios2-elf/5.2.0/mno-hw-mul\libgcc.a(lib2-divmod.o)
                0x00000000008021fc                __divsi3
                0x0000000000802280                __modsi3
                0x00000000008022f4                __udivsi3
                0x0000000000802358                __umodsi3
 .text          0x00000000008023b0       0x28 c:/altera_lite/16.0/nios2eds/bin/gnu/h-x86_64-mingw32/bin/../lib/gcc/nios2-elf/5.2.0/mno-hw-mul\libgcc.a(lib2-mul.o)
                0x00000000008023b0                __mulsi3
 .text          0x00000000008023d8       0x70 c:/altera_lite/16.0/nios2eds/bin/gnu/h-x86_64-mingw32/bin/../lib/gcc/nios2-elf/5.2.0/mno-hw-mul\libgcc.a(fixsfsi.o)
                0x00000000008023d8                __fixsfsi
 .text          0x0000000000802448        0x0 c:/altera_lite/16.0/nios2eds/bin/gnu/h-x86_64-mingw32/bin/../lib/gcc/nios2-elf/5.2.0/../../../../../H-x86_64-mingw32/nios2-elf/lib/mno-hw-mul\libsmallc.a(lib_a-memcpy.o)
 .text.memcpy   0x0000000000802448       0x28 c:/altera_lite/16.0/nios2eds/bin/gnu/h-x86_64-mingw32/bin/../lib/gcc/nios2-elf/5.2.0/../../../../../H-x86_64-mingw32/nios2-elf/lib/mno-hw-mul\libsmallc.a(lib_a-memcpy.o)
                0x0000000000802448                memcpy
 .text          0x0000000000802470        0x0 c:/altera_lite/16.0/nios2eds/bin/gnu/h-x86_64-mingw32/bin/../lib/gcc/nios2-elf/5.2.0/../../../../../H-x86_64-mingw32/nios2-elf/lib/mno-hw-mul\libsmallc.a(lib_a-memset.o)
 .text.memset   0x0000000000802470       0x20 c:/altera_lite/16.0/nios2eds/bin/gnu/h-x86_64-mingw32/bin/../lib/gcc/nios2-elf/5.2.0/../../../../../H-x86_64-mingw32/nios2-elf/lib/mno-hw-mul\libsmallc.a(lib_a-memset.o)
                0x0000000000802470                memset
 .text          0x0000000000802490        0x0 c:/altera_lite/16.0/nios2eds/bin/gnu/h-x86_64-mingw32/bin/../lib/gcc/nios2-elf/5.2.0/../../../../../H-x86_64-mingw32/nios2-elf/lib/mno-hw-mul\libsmallc.a(lib_a-strlen.o)
 .text.strlen   0x0000000000802490       0x1c c:/altera_lite/16.0/nios2eds/bin/gnu/h-x86_64-mingw32/bin/../lib/gcc/nios2-elf/5.2.0/../../../../../H-x86_64-mingw32/nios2-elf/lib/mno-hw-mul\libsmallc.a(lib_a-strlen.o)
                0x0000000000802490                strlen
 .text          0x00000000008024ac       0xec ../C_eng_job4_bsp/\libhal_bsp.a(alt_load.o)
                0x0000000000802514                alt_load
 .text          0x0000000000802598       0x6c ../C_eng_job4_bsp/\libhal_bsp.a(alt_main.o)
                0x0000000000802598                alt_main
 .text          0x0000000000802604       0xbc ../C_eng_job4_bsp/\libhal_bsp.a(alt_sys_init.o)
                0x000000000080263c                alt_irq_init
                0x0000000000802674                alt_sys_init
 .text          0x00000000008026c0       0xc0 ../C_eng_job4_bsp/\libhal_bsp.a(altera_avalon_jtag_uart_fd.o)
                0x00000000008026c0                altera_avalon_jtag_uart_read_fd
                0x0000000000802720                altera_avalon_jtag_uart_write_fd
 .text          0x0000000000802780       0xec ../C_eng_job4_bsp/\libhal_bsp.a(altera_avalon_jtag_uart_read.o)
                0x0000000000802780                altera_avalon_jtag_uart_read
 .text          0x000000000080286c       0x94 ../C_eng_job4_bsp/\libhal_bsp.a(altera_avalon_jtag_uart_write.o)
                0x000000000080286c                altera_avalon_jtag_uart_write
 .text          0x0000000000802900      0x1fc ../C_eng_job4_bsp/\libhal_bsp.a(altera_avalon_spi.o)
                0x0000000000802900                alt_avalon_spi_command
 .text          0x0000000000802afc      0x56c ../C_eng_job4_bsp/\libhal_bsp.a(altera_modular_adc.o)
                0x0000000000802ba4                alt_adc_word_read
                0x0000000000802c50                altera_modular_adc_init
                0x0000000000802cc4                alt_adc_register_callback
                0x0000000000802d5c                altera_modular_adc_open
                0x0000000000802d9c                adc_stop
                0x0000000000802dec                adc_start
                0x0000000000802e24                adc_set_mode_run_once
                0x0000000000802e64                adc_set_mode_run_continuously
                0x0000000000802ea0                adc_recalibrate
                0x0000000000802f1c                adc_interrupt_enable
                0x0000000000802f60                adc_interrupt_disable
                0x0000000000802fa8                adc_clear_interrupt_status
                0x0000000000802fec                adc_interrupt_asserted
                0x000000000080302c                adc_wait_for_interrupt
 .text          0x0000000000803068      0x128 ../C_eng_job4_bsp/\libhal_bsp.a(alt_close.o)
                0x00000000008030b8                close
 .text          0x0000000000803190       0x20 ../C_eng_job4_bsp/\libhal_bsp.a(alt_dcache_flush_all.o)
                0x0000000000803190                alt_dcache_flush_all
 .text          0x00000000008031b0       0x2c ../C_eng_job4_bsp/\libhal_bsp.a(alt_dev.o)
 .text          0x00000000008031dc       0xf4 ../C_eng_job4_bsp/\libhal_bsp.a(alt_dev_llist_insert.o)
                0x000000000080322c                alt_dev_llist_insert
 .text          0x00000000008032d0        0x0 ../C_eng_job4_bsp/\libhal_bsp.a(alt_errno.o)
 .text          0x00000000008032d0       0x90 ../C_eng_job4_bsp/\libhal_bsp.a(alt_find_dev.o)
                0x00000000008032d0                alt_find_dev
 .text          0x0000000000803360       0x20 ../C_eng_job4_bsp/\libhal_bsp.a(alt_icache_flush_all.o)
                0x0000000000803360                alt_icache_flush_all
 .text          0x0000000000803380      0x1e0 ../C_eng_job4_bsp/\libhal_bsp.a(alt_iic.o)
                0x0000000000803380                alt_ic_isr_register
                0x00000000008033d0                alt_ic_irq_enable
                0x0000000000803470                alt_ic_irq_disable
                0x0000000000803514                alt_ic_irq_enabled
 .text          0x0000000000803560       0xf0 ../C_eng_job4_bsp/\libhal_bsp.a(alt_iic_isr_register.o)
                0x0000000000803560                alt_iic_isr_register
 .text          0x0000000000803650      0x160 ../C_eng_job4_bsp/\libhal_bsp.a(alt_io_redirect.o)
                0x0000000000803734                alt_io_redirect
 .text          0x00000000008037b0        0x0 ../C_eng_job4_bsp/\libhal_bsp.a(alt_irq_entry.o)
 .text          0x00000000008037b0        0x0 ../C_eng_job4_bsp/\libhal_bsp.a(alt_irq_handler.o)
 .text          0x00000000008037b0        0x0 ../C_eng_job4_bsp/\libhal_bsp.a(alt_irq_vars.o)
 .text          0x00000000008037b0      0x2a4 ../C_eng_job4_bsp/\libhal_bsp.a(alt_open.o)
                0x00000000008038f4                open
 .text          0x0000000000803a54       0x84 ../C_eng_job4_bsp/\libhal_bsp.a(alt_release_fd.o)
                0x0000000000803a54                alt_release_fd
 .text          0x0000000000803ad8       0x24 ../C_eng_job4_bsp/\libhal_bsp.a(altera_nios2_gen2_irq.o)
                0x0000000000803ad8                altera_nios2_gen2_irq_init
 .text          0x0000000000803afc        0x0 ../C_eng_job4_bsp/\libhal_bsp.a(alt_exception_entry.o)
 .text          0x0000000000803afc      0x114 ../C_eng_job4_bsp/\libhal_bsp.a(alt_find_file.o)
                0x0000000000803afc                alt_find_file
 .text          0x0000000000803c10       0xd4 ../C_eng_job4_bsp/\libhal_bsp.a(alt_get_fd.o)
                0x0000000000803c10                alt_get_fd
 .text          0x0000000000803ce4       0x9c ../C_eng_job4_bsp/\libhal_bsp.a(alt_instruction_exception_entry.o)
                0x0000000000803ce4                alt_exception_cause_generated_bad_addr
 .text          0x0000000000803d80        0x0 c:/altera_lite/16.0/nios2eds/bin/gnu/h-x86_64-mingw32/bin/../lib/gcc/nios2-elf/5.2.0/../../../../../H-x86_64-mingw32/nios2-elf/lib/mno-hw-mul\libsmallc.a(lib_a-exit.o)
 .text.exit     0x0000000000803d80       0x20 c:/altera_lite/16.0/nios2eds/bin/gnu/h-x86_64-mingw32/bin/../lib/gcc/nios2-elf/5.2.0/../../../../../H-x86_64-mingw32/nios2-elf/lib/mno-hw-mul\libsmallc.a(lib_a-exit.o)
                0x0000000000803d80                exit
 .text          0x0000000000803da0        0x0 c:/altera_lite/16.0/nios2eds/bin/gnu/h-x86_64-mingw32/bin/../lib/gcc/nios2-elf/5.2.0/../../../../../H-x86_64-mingw32/nios2-elf/lib/mno-hw-mul\libsmallc.a(lib_a-int_errno.o)
 .text          0x0000000000803da0        0x0 c:/altera_lite/16.0/nios2eds/bin/gnu/h-x86_64-mingw32/bin/../lib/gcc/nios2-elf/5.2.0/../../../../../H-x86_64-mingw32/nios2-elf/lib/mno-hw-mul\libsmallc.a(lib_a-memcmp.o)
 .text.memcmp   0x0000000000803da0       0x30 c:/altera_lite/16.0/nios2eds/bin/gnu/h-x86_64-mingw32/bin/../lib/gcc/nios2-elf/5.2.0/../../../../../H-x86_64-mingw32/nios2-elf/lib/mno-hw-mul\libsmallc.a(lib_a-memcmp.o)
                0x0000000000803da0                memcmp
 .text          0x0000000000803dd0        0x0 c:/altera_lite/16.0/nios2eds/bin/gnu/h-x86_64-mingw32/bin/../lib/gcc/nios2-elf/5.2.0/../../../../../H-x86_64-mingw32/nios2-elf/lib/mno-hw-mul\libsmallc.a(lib_a-__call_atexit.o)
 .text.__call_exitprocs
                0x0000000000803dd0      0x190 c:/altera_lite/16.0/nios2eds/bin/gnu/h-x86_64-mingw32/bin/../lib/gcc/nios2-elf/5.2.0/../../../../../H-x86_64-mingw32/nios2-elf/lib/mno-hw-mul\libsmallc.a(lib_a-__call_atexit.o)
                0x0000000000803dd0                __call_exitprocs
 .text          0x0000000000803f60        0x0 c:/altera_lite/16.0/nios2eds/bin/gnu/h-x86_64-mingw32/bin/../lib/gcc/nios2-elf/5.2.0/../../../../../H-x86_64-mingw32/nios2-elf/lib/mno-hw-mul\libsmallc.a(lib_a-impure.o)
 .text          0x0000000000803f60       0x34 ../C_eng_job4_bsp/\libhal_bsp.a(alt_exit.o)
                0x0000000000803f60                _exit
 *(.gnu.warning.*)
 *(.fini)
                [!provide]                        PROVIDE (__etext, ABSOLUTE (.))
                [!provide]                        PROVIDE (_etext, ABSOLUTE (.))
                [!provide]                        PROVIDE (etext, ABSOLUTE (.))
 *(.eh_frame_hdr)
                0x0000000000803f94                . = ALIGN (0x4)
                [!provide]                        PROVIDE (__preinit_array_start, ABSOLUTE (.))
 *(.preinit_array)
                [!provide]                        PROVIDE (__preinit_array_end, ABSOLUTE (.))
                [!provide]                        PROVIDE (__init_array_start, ABSOLUTE (.))
 *(.init_array)
                [!provide]                        PROVIDE (__init_array_end, ABSOLUTE (.))
                [!provide]                        PROVIDE (__fini_array_start, ABSOLUTE (.))
 *(.fini_array)
                [!provide]                        PROVIDE (__fini_array_end, ABSOLUTE (.))
 *(.eh_frame)
 *(.gcc_except_table .gcc_except_table.*)
 *(.dynamic)
                [!provide]                        PROVIDE (__CTOR_LIST__, ABSOLUTE (.))
 *(.ctors)
 *(SORT(.ctors.*))
                [!provide]                        PROVIDE (__CTOR_END__, ABSOLUTE (.))
                [!provide]                        PROVIDE (__DTOR_LIST__, ABSOLUTE (.))
 *(.dtors)
 *(SORT(.dtors.*))
                [!provide]                        PROVIDE (__DTOR_END__, ABSOLUTE (.))
 *(.jcr)
                0x0000000000803f94                . = ALIGN (0x4)

.rodata         0x0000000000803f94      0x4c8
                0x0000000000803f94                PROVIDE (__ram_rodata_start, ABSOLUTE (.))
                0x0000000000803f94                . = ALIGN (0x4)
 *(.rodata .rodata.* .gnu.linkonce.r.*)
 .rodata        0x0000000000803f94       0x32 obj/default/main.o
 *fill*         0x0000000000803fc6        0x2 
 .rodata        0x0000000000803fc8      0x43a obj/default/vga_util.o
 *fill*         0x0000000000804402        0x2 
 .rodata        0x0000000000804404       0x11 ../C_eng_job4_bsp/\libhal_bsp.a(alt_main.o)
 *fill*         0x0000000000804415        0x3 
 .rodata        0x0000000000804418       0x35 ../C_eng_job4_bsp/\libhal_bsp.a(alt_sys_init.o)
 *fill*         0x000000000080444d        0x3 
 .rodata        0x0000000000804450        0xa ../C_eng_job4_bsp/\libhal_bsp.a(alt_dev.o)
 *(.rodata1)
                0x000000000080445c                . = ALIGN (0x4)
 *fill*         0x000000000080445a        0x2 
                0x000000000080445c                PROVIDE (__ram_rodata_end, ABSOLUTE (.))
                0x0000000000803f94                PROVIDE (__flash_rodata_start, LOADADDR (.rodata))

.rwdata         0x000000000080445c      0x31c load address 0x0000000000804778
                0x000000000080445c                PROVIDE (__ram_rwdata_start, ABSOLUTE (.))
                0x000000000080445c                . = ALIGN (0x4)
 *(.got.plt)
 *(.got)
 *(.data1)
 *(.data .data.* .gnu.linkonce.d.*)
 .data          0x000000000080445c        0x0 ../C_eng_job4_bsp//obj/HAL/src/crt0.o
 .data          0x000000000080445c        0x0 obj/default/main.o
 .data          0x000000000080445c        0x0 obj/default/sensor.o
 .data          0x000000000080445c        0x0 obj/default/vga_util.o
 .data          0x000000000080445c        0x0 c:/altera_lite/16.0/nios2eds/bin/gnu/h-x86_64-mingw32/bin/../lib/gcc/nios2-elf/5.2.0/mno-hw-mul\libgcc.a(lib2-divmod.o)
 .data          0x000000000080445c        0x0 c:/altera_lite/16.0/nios2eds/bin/gnu/h-x86_64-mingw32/bin/../lib/gcc/nios2-elf/5.2.0/mno-hw-mul\libgcc.a(lib2-mul.o)
 .data          0x000000000080445c        0x0 c:/altera_lite/16.0/nios2eds/bin/gnu/h-x86_64-mingw32/bin/../lib/gcc/nios2-elf/5.2.0/mno-hw-mul\libgcc.a(fixsfsi.o)
 .data          0x000000000080445c        0x0 c:/altera_lite/16.0/nios2eds/bin/gnu/h-x86_64-mingw32/bin/../lib/gcc/nios2-elf/5.2.0/../../../../../H-x86_64-mingw32/nios2-elf/lib/mno-hw-mul\libsmallc.a(lib_a-memcpy.o)
 .data          0x000000000080445c        0x0 c:/altera_lite/16.0/nios2eds/bin/gnu/h-x86_64-mingw32/bin/../lib/gcc/nios2-elf/5.2.0/../../../../../H-x86_64-mingw32/nios2-elf/lib/mno-hw-mul\libsmallc.a(lib_a-memset.o)
 .data          0x000000000080445c        0x0 c:/altera_lite/16.0/nios2eds/bin/gnu/h-x86_64-mingw32/bin/../lib/gcc/nios2-elf/5.2.0/../../../../../H-x86_64-mingw32/nios2-elf/lib/mno-hw-mul\libsmallc.a(lib_a-strlen.o)
 .data          0x000000000080445c        0x0 ../C_eng_job4_bsp/\libhal_bsp.a(alt_load.o)
 .data          0x000000000080445c        0x0 ../C_eng_job4_bsp/\libhal_bsp.a(alt_main.o)
 .data          0x000000000080445c       0x68 ../C_eng_job4_bsp/\libhal_bsp.a(alt_sys_init.o)
 .data          0x00000000008044c4        0x0 ../C_eng_job4_bsp/\libhal_bsp.a(altera_avalon_jtag_uart_fd.o)
 .data          0x00000000008044c4        0x0 ../C_eng_job4_bsp/\libhal_bsp.a(altera_avalon_jtag_uart_read.o)
 .data          0x00000000008044c4        0x0 ../C_eng_job4_bsp/\libhal_bsp.a(altera_avalon_jtag_uart_write.o)
 .data          0x00000000008044c4        0x0 ../C_eng_job4_bsp/\libhal_bsp.a(altera_avalon_spi.o)
 .data          0x00000000008044c4        0x0 ../C_eng_job4_bsp/\libhal_bsp.a(altera_modular_adc.o)
 .data          0x00000000008044c4        0x0 ../C_eng_job4_bsp/\libhal_bsp.a(alt_close.o)
 .data          0x00000000008044c4        0x0 ../C_eng_job4_bsp/\libhal_bsp.a(alt_dcache_flush_all.o)
 .data          0x00000000008044c4      0x1a8 ../C_eng_job4_bsp/\libhal_bsp.a(alt_dev.o)
                0x00000000008044c4                alt_dev_null
                0x00000000008044ec                alt_fd_list
 .data          0x000000000080466c        0x0 ../C_eng_job4_bsp/\libhal_bsp.a(alt_dev_llist_insert.o)
 .data          0x000000000080466c        0x0 ../C_eng_job4_bsp/\libhal_bsp.a(alt_errno.o)
 .data          0x000000000080466c        0x0 ../C_eng_job4_bsp/\libhal_bsp.a(alt_find_dev.o)
 .data          0x000000000080466c        0x0 ../C_eng_job4_bsp/\libhal_bsp.a(alt_icache_flush_all.o)
 .data          0x000000000080466c        0x0 ../C_eng_job4_bsp/\libhal_bsp.a(alt_iic.o)
 .data          0x000000000080466c        0x0 ../C_eng_job4_bsp/\libhal_bsp.a(alt_iic_isr_register.o)
 .data          0x000000000080466c        0x0 ../C_eng_job4_bsp/\libhal_bsp.a(alt_io_redirect.o)
 .data          0x000000000080466c        0x0 ../C_eng_job4_bsp/\libhal_bsp.a(alt_irq_entry.o)
 .data          0x000000000080466c        0x0 ../C_eng_job4_bsp/\libhal_bsp.a(alt_irq_handler.o)
 .data          0x000000000080466c        0x0 ../C_eng_job4_bsp/\libhal_bsp.a(alt_irq_vars.o)
 .data          0x000000000080466c        0x0 ../C_eng_job4_bsp/\libhal_bsp.a(alt_open.o)
 .data          0x000000000080466c        0x0 ../C_eng_job4_bsp/\libhal_bsp.a(alt_release_fd.o)
 .data          0x000000000080466c        0x0 ../C_eng_job4_bsp/\libhal_bsp.a(altera_nios2_gen2_irq.o)
 .data          0x000000000080466c        0x0 ../C_eng_job4_bsp/\libhal_bsp.a(alt_exception_entry.o)
 .data          0x000000000080466c        0x0 ../C_eng_job4_bsp/\libhal_bsp.a(alt_find_file.o)
 .data          0x000000000080466c        0x0 ../C_eng_job4_bsp/\libhal_bsp.a(alt_get_fd.o)
 .data          0x000000000080466c        0x0 ../C_eng_job4_bsp/\libhal_bsp.a(alt_instruction_exception_entry.o)
 .data          0x000000000080466c        0x0 c:/altera_lite/16.0/nios2eds/bin/gnu/h-x86_64-mingw32/bin/../lib/gcc/nios2-elf/5.2.0/../../../../../H-x86_64-mingw32/nios2-elf/lib/mno-hw-mul\libsmallc.a(lib_a-exit.o)
 .data          0x000000000080466c        0x0 c:/altera_lite/16.0/nios2eds/bin/gnu/h-x86_64-mingw32/bin/../lib/gcc/nios2-elf/5.2.0/../../../../../H-x86_64-mingw32/nios2-elf/lib/mno-hw-mul\libsmallc.a(lib_a-int_errno.o)
 .data          0x000000000080466c        0x0 c:/altera_lite/16.0/nios2eds/bin/gnu/h-x86_64-mingw32/bin/../lib/gcc/nios2-elf/5.2.0/../../../../../H-x86_64-mingw32/nios2-elf/lib/mno-hw-mul\libsmallc.a(lib_a-memcmp.o)
 .data          0x000000000080466c        0x0 c:/altera_lite/16.0/nios2eds/bin/gnu/h-x86_64-mingw32/bin/../lib/gcc/nios2-elf/5.2.0/../../../../../H-x86_64-mingw32/nios2-elf/lib/mno-hw-mul\libsmallc.a(lib_a-__call_atexit.o)
 .data          0x000000000080466c        0x0 c:/altera_lite/16.0/nios2eds/bin/gnu/h-x86_64-mingw32/bin/../lib/gcc/nios2-elf/5.2.0/../../../../../H-x86_64-mingw32/nios2-elf/lib/mno-hw-mul\libsmallc.a(lib_a-impure.o)
 .data.impure_data
                0x000000000080466c       0xe0 c:/altera_lite/16.0/nios2eds/bin/gnu/h-x86_64-mingw32/bin/../lib/gcc/nios2-elf/5.2.0/../../../../../H-x86_64-mingw32/nios2-elf/lib/mno-hw-mul\libsmallc.a(lib_a-impure.o)
 .data          0x000000000080474c        0x0 ../C_eng_job4_bsp/\libhal_bsp.a(alt_exit.o)
                0x000000000080c74c                _gp = ABSOLUTE ((. + 0x8000))
                [!provide]                        PROVIDE (gp, _gp)
 *(.rwdata .rwdata.*)
 *(.sdata .sdata.* .gnu.linkonce.s.*)
 .sdata         0x000000000080474c        0x8 ../C_eng_job4_bsp/\libhal_bsp.a(altera_modular_adc.o)
                0x000000000080474c                altera_modular_adc_list
 .sdata         0x0000000000804754       0x14 ../C_eng_job4_bsp/\libhal_bsp.a(alt_dev.o)
                0x0000000000804754                alt_fs_list
                0x000000000080475c                alt_dev_list
                0x0000000000804764                alt_max_fd
 .sdata         0x0000000000804768        0x4 ../C_eng_job4_bsp/\libhal_bsp.a(alt_errno.o)
                0x0000000000804768                alt_errno
 .sdata         0x000000000080476c        0x4 ../C_eng_job4_bsp/\libhal_bsp.a(alt_irq_vars.o)
                0x000000000080476c                alt_priority_mask
 .sdata._global_impure_ptr
                0x0000000000804770        0x4 c:/altera_lite/16.0/nios2eds/bin/gnu/h-x86_64-mingw32/bin/../lib/gcc/nios2-elf/5.2.0/../../../../../H-x86_64-mingw32/nios2-elf/lib/mno-hw-mul\libsmallc.a(lib_a-impure.o)
                0x0000000000804770                _global_impure_ptr
 .sdata._impure_ptr
                0x0000000000804774        0x4 c:/altera_lite/16.0/nios2eds/bin/gnu/h-x86_64-mingw32/bin/../lib/gcc/nios2-elf/5.2.0/../../../../../H-x86_64-mingw32/nios2-elf/lib/mno-hw-mul\libsmallc.a(lib_a-impure.o)
                0x0000000000804774                _impure_ptr
 *(.sdata2 .sdata2.* .gnu.linkonce.s2.*)
                0x0000000000804778                . = ALIGN (0x4)
                0x0000000000804778                _edata = ABSOLUTE (.)
                [!provide]                        PROVIDE (edata, ABSOLUTE (.))
                0x0000000000804778                PROVIDE (__ram_rwdata_end, ABSOLUTE (.))
                0x0000000000804778                PROVIDE (__flash_rwdata_start, LOADADDR (.rwdata))

.bss            0x0000000000804a94      0x3a0
                0x0000000000804a94                __bss_start = ABSOLUTE (.)
                [!provide]                        PROVIDE (__sbss_start, ABSOLUTE (.))
                [!provide]                        PROVIDE (___sbss_start, ABSOLUTE (.))
 *(.dynsbss)
 *(.sbss .sbss.* .gnu.linkonce.sb.*)
 .sbss          0x0000000000804a94        0xc obj/default/sensor.o
 .sbss          0x0000000000804aa0        0xc ../C_eng_job4_bsp/\libhal_bsp.a(alt_main.o)
                0x0000000000804aa0                alt_argc
                0x0000000000804aa4                alt_argv
                0x0000000000804aa8                alt_envp
 .sbss          0x0000000000804aac        0x4 ../C_eng_job4_bsp/\libhal_bsp.a(alt_irq_vars.o)
                0x0000000000804aac                alt_irq_active
 .sbss          0x0000000000804ab0        0x4 ../C_eng_job4_bsp/\libhal_bsp.a(alt_instruction_exception_entry.o)
                0x0000000000804ab0                alt_instruction_exception_handler
 .sbss          0x0000000000804ab4        0x4 c:/altera_lite/16.0/nios2eds/bin/gnu/h-x86_64-mingw32/bin/../lib/gcc/nios2-elf/5.2.0/../../../../../H-x86_64-mingw32/nios2-elf/lib/mno-hw-mul\libsmallc.a(lib_a-int_errno.o)
                0x0000000000804ab4                errno
 *(.sbss2 .sbss2.* .gnu.linkonce.sb2.*)
 *(.scommon)
                [!provide]                        PROVIDE (__sbss_end, ABSOLUTE (.))
                [!provide]                        PROVIDE (___sbss_end, ABSOLUTE (.))
 *(.dynbss)
 *(.bss .bss.* .gnu.linkonce.b.*)
 .bss           0x0000000000804ab8        0x0 ../C_eng_job4_bsp//obj/HAL/src/crt0.o
 .bss           0x0000000000804ab8      0x27c obj/default/main.o
 .bss           0x0000000000804d34        0x0 obj/default/sensor.o
 .bss           0x0000000000804d34        0x0 obj/default/vga_util.o
 .bss           0x0000000000804d34        0x0 c:/altera_lite/16.0/nios2eds/bin/gnu/h-x86_64-mingw32/bin/../lib/gcc/nios2-elf/5.2.0/mno-hw-mul\libgcc.a(lib2-divmod.o)
 .bss           0x0000000000804d34        0x0 c:/altera_lite/16.0/nios2eds/bin/gnu/h-x86_64-mingw32/bin/../lib/gcc/nios2-elf/5.2.0/mno-hw-mul\libgcc.a(lib2-mul.o)
 .bss           0x0000000000804d34        0x0 c:/altera_lite/16.0/nios2eds/bin/gnu/h-x86_64-mingw32/bin/../lib/gcc/nios2-elf/5.2.0/mno-hw-mul\libgcc.a(fixsfsi.o)
 .bss           0x0000000000804d34        0x0 c:/altera_lite/16.0/nios2eds/bin/gnu/h-x86_64-mingw32/bin/../lib/gcc/nios2-elf/5.2.0/../../../../../H-x86_64-mingw32/nios2-elf/lib/mno-hw-mul\libsmallc.a(lib_a-memcpy.o)
 .bss           0x0000000000804d34        0x0 c:/altera_lite/16.0/nios2eds/bin/gnu/h-x86_64-mingw32/bin/../lib/gcc/nios2-elf/5.2.0/../../../../../H-x86_64-mingw32/nios2-elf/lib/mno-hw-mul\libsmallc.a(lib_a-memset.o)
 .bss           0x0000000000804d34        0x0 c:/altera_lite/16.0/nios2eds/bin/gnu/h-x86_64-mingw32/bin/../lib/gcc/nios2-elf/5.2.0/../../../../../H-x86_64-mingw32/nios2-elf/lib/mno-hw-mul\libsmallc.a(lib_a-strlen.o)
 .bss           0x0000000000804d34        0x0 ../C_eng_job4_bsp/\libhal_bsp.a(alt_load.o)
 .bss           0x0000000000804d34        0x0 ../C_eng_job4_bsp/\libhal_bsp.a(alt_main.o)
 .bss           0x0000000000804d34        0x0 ../C_eng_job4_bsp/\libhal_bsp.a(alt_sys_init.o)
 .bss           0x0000000000804d34        0x0 ../C_eng_job4_bsp/\libhal_bsp.a(altera_avalon_jtag_uart_fd.o)
 .bss           0x0000000000804d34        0x0 ../C_eng_job4_bsp/\libhal_bsp.a(altera_avalon_jtag_uart_read.o)
 .bss           0x0000000000804d34        0x0 ../C_eng_job4_bsp/\libhal_bsp.a(altera_avalon_jtag_uart_write.o)
 .bss           0x0000000000804d34        0x0 ../C_eng_job4_bsp/\libhal_bsp.a(altera_avalon_spi.o)
 .bss           0x0000000000804d34        0x0 ../C_eng_job4_bsp/\libhal_bsp.a(altera_modular_adc.o)
 .bss           0x0000000000804d34        0x0 ../C_eng_job4_bsp/\libhal_bsp.a(alt_close.o)
 .bss           0x0000000000804d34        0x0 ../C_eng_job4_bsp/\libhal_bsp.a(alt_dcache_flush_all.o)
 .bss           0x0000000000804d34        0x0 ../C_eng_job4_bsp/\libhal_bsp.a(alt_dev.o)
 .bss           0x0000000000804d34        0x0 ../C_eng_job4_bsp/\libhal_bsp.a(alt_dev_llist_insert.o)
 .bss           0x0000000000804d34        0x0 ../C_eng_job4_bsp/\libhal_bsp.a(alt_errno.o)
 .bss           0x0000000000804d34        0x0 ../C_eng_job4_bsp/\libhal_bsp.a(alt_find_dev.o)
 .bss           0x0000000000804d34        0x0 ../C_eng_job4_bsp/\libhal_bsp.a(alt_icache_flush_all.o)
 .bss           0x0000000000804d34        0x0 ../C_eng_job4_bsp/\libhal_bsp.a(alt_iic.o)
 .bss           0x0000000000804d34        0x0 ../C_eng_job4_bsp/\libhal_bsp.a(alt_iic_isr_register.o)
 .bss           0x0000000000804d34        0x0 ../C_eng_job4_bsp/\libhal_bsp.a(alt_io_redirect.o)
 .bss           0x0000000000804d34        0x0 ../C_eng_job4_bsp/\libhal_bsp.a(alt_irq_entry.o)
 .bss           0x0000000000804d34        0x0 ../C_eng_job4_bsp/\libhal_bsp.a(alt_irq_handler.o)
 .bss           0x0000000000804d34        0x0 ../C_eng_job4_bsp/\libhal_bsp.a(alt_irq_vars.o)
 .bss           0x0000000000804d34        0x0 ../C_eng_job4_bsp/\libhal_bsp.a(alt_open.o)
 .bss           0x0000000000804d34        0x0 ../C_eng_job4_bsp/\libhal_bsp.a(alt_release_fd.o)
 .bss           0x0000000000804d34        0x0 ../C_eng_job4_bsp/\libhal_bsp.a(altera_nios2_gen2_irq.o)
 .bss           0x0000000000804d34        0x0 ../C_eng_job4_bsp/\libhal_bsp.a(alt_exception_entry.o)
 .bss           0x0000000000804d34        0x0 ../C_eng_job4_bsp/\libhal_bsp.a(alt_find_file.o)
 .bss           0x0000000000804d34        0x0 ../C_eng_job4_bsp/\libhal_bsp.a(alt_get_fd.o)
 .bss           0x0000000000804d34        0x0 ../C_eng_job4_bsp/\libhal_bsp.a(alt_instruction_exception_entry.o)
 .bss           0x0000000000804d34        0x0 c:/altera_lite/16.0/nios2eds/bin/gnu/h-x86_64-mingw32/bin/../lib/gcc/nios2-elf/5.2.0/../../../../../H-x86_64-mingw32/nios2-elf/lib/mno-hw-mul\libsmallc.a(lib_a-exit.o)
 .bss           0x0000000000804d34        0x0 c:/altera_lite/16.0/nios2eds/bin/gnu/h-x86_64-mingw32/bin/../lib/gcc/nios2-elf/5.2.0/../../../../../H-x86_64-mingw32/nios2-elf/lib/mno-hw-mul\libsmallc.a(lib_a-int_errno.o)
 .bss           0x0000000000804d34        0x0 c:/altera_lite/16.0/nios2eds/bin/gnu/h-x86_64-mingw32/bin/../lib/gcc/nios2-elf/5.2.0/../../../../../H-x86_64-mingw32/nios2-elf/lib/mno-hw-mul\libsmallc.a(lib_a-memcmp.o)
 .bss           0x0000000000804d34        0x0 c:/altera_lite/16.0/nios2eds/bin/gnu/h-x86_64-mingw32/bin/../lib/gcc/nios2-elf/5.2.0/../../../../../H-x86_64-mingw32/nios2-elf/lib/mno-hw-mul\libsmallc.a(lib_a-__call_atexit.o)
 .bss           0x0000000000804d34        0x0 c:/altera_lite/16.0/nios2eds/bin/gnu/h-x86_64-mingw32/bin/../lib/gcc/nios2-elf/5.2.0/../../../../../H-x86_64-mingw32/nios2-elf/lib/mno-hw-mul\libsmallc.a(lib_a-impure.o)
 .bss           0x0000000000804d34        0x0 ../C_eng_job4_bsp/\libhal_bsp.a(alt_exit.o)
 *(COMMON)
 COMMON         0x0000000000804d34      0x100 ../C_eng_job4_bsp/\libhal_bsp.a(alt_irq_handler.o)
                0x0000000000804d34                alt_irq
                0x0000000000804e34                . = ALIGN (0x4)
                0x0000000000804e34                __bss_end = ABSOLUTE (.)

.SDRAM_Controller
                0x0000000000804e34        0x0
                [!provide]                        PROVIDE (_alt_partition_SDRAM_Controller_start, ABSOLUTE (.))
 *(.SDRAM_Controller .SDRAM_Controller. SDRAM_Controller.*)
                0x0000000000804e34                . = ALIGN (0x4)
                [!provide]                        PROVIDE (_alt_partition_SDRAM_Controller_end, ABSOLUTE (.))
                0x0000000000804e34                _end = ABSOLUTE (.)
                0x0000000000804e34                end = ABSOLUTE (.)
                0x0000000000804e34                __alt_stack_base = ABSOLUTE (.)
                [!provide]                        PROVIDE (_alt_partition_SDRAM_Controller_load_addr, LOADADDR (.SDRAM_Controller))

.stab
 *(.stab)

.stabstr
 *(.stabstr)

.stab.excl
 *(.stab.excl)

.stab.exclstr
 *(.stab.exclstr)

.stab.index
 *(.stab.index)

.stab.indexstr
 *(.stab.indexstr)

.comment        0x0000000000000000       0x23
 *(.comment)
 .comment       0x0000000000000000       0x23 obj/default/main.o
                                         0x24 (size before relaxing)
 .comment       0x0000000000000023       0x24 obj/default/sensor.o
 .comment       0x0000000000000023       0x24 obj/default/vga_util.o
 .comment       0x0000000000000023       0x24 c:/altera_lite/16.0/nios2eds/bin/gnu/h-x86_64-mingw32/bin/../lib/gcc/nios2-elf/5.2.0/mno-hw-mul\libgcc.a(lib2-divmod.o)
 .comment       0x0000000000000023       0x24 c:/altera_lite/16.0/nios2eds/bin/gnu/h-x86_64-mingw32/bin/../lib/gcc/nios2-elf/5.2.0/mno-hw-mul\libgcc.a(lib2-mul.o)
 .comment       0x0000000000000023       0x24 c:/altera_lite/16.0/nios2eds/bin/gnu/h-x86_64-mingw32/bin/../lib/gcc/nios2-elf/5.2.0/mno-hw-mul\libgcc.a(fixsfsi.o)
 .comment       0x0000000000000023       0x24 c:/altera_lite/16.0/nios2eds/bin/gnu/h-x86_64-mingw32/bin/../lib/gcc/nios2-elf/5.2.0/../../../../../H-x86_64-mingw32/nios2-elf/lib/mno-hw-mul\libsmallc.a(lib_a-memcpy.o)
 .comment       0x0000000000000023       0x24 c:/altera_lite/16.0/nios2eds/bin/gnu/h-x86_64-mingw32/bin/../lib/gcc/nios2-elf/5.2.0/../../../../../H-x86_64-mingw32/nios2-elf/lib/mno-hw-mul\libsmallc.a(lib_a-memset.o)
 .comment       0x0000000000000023       0x24 c:/altera_lite/16.0/nios2eds/bin/gnu/h-x86_64-mingw32/bin/../lib/gcc/nios2-elf/5.2.0/../../../../../H-x86_64-mingw32/nios2-elf/lib/mno-hw-mul\libsmallc.a(lib_a-strlen.o)
 .comment       0x0000000000000023       0x24 ../C_eng_job4_bsp/\libhal_bsp.a(alt_load.o)
 .comment       0x0000000000000023       0x24 ../C_eng_job4_bsp/\libhal_bsp.a(alt_main.o)
 .comment       0x0000000000000023       0x24 ../C_eng_job4_bsp/\libhal_bsp.a(alt_sys_init.o)
 .comment       0x0000000000000023       0x24 ../C_eng_job4_bsp/\libhal_bsp.a(altera_avalon_jtag_uart_fd.o)
 .comment       0x0000000000000023       0x24 ../C_eng_job4_bsp/\libhal_bsp.a(altera_avalon_jtag_uart_read.o)
 .comment       0x0000000000000023       0x24 ../C_eng_job4_bsp/\libhal_bsp.a(altera_avalon_jtag_uart_write.o)
 .comment       0x0000000000000023       0x24 ../C_eng_job4_bsp/\libhal_bsp.a(altera_avalon_spi.o)
 .comment       0x0000000000000023       0x24 ../C_eng_job4_bsp/\libhal_bsp.a(altera_modular_adc.o)
 .comment       0x0000000000000023       0x24 ../C_eng_job4_bsp/\libhal_bsp.a(alt_close.o)
 .comment       0x0000000000000023       0x24 ../C_eng_job4_bsp/\libhal_bsp.a(alt_dcache_flush_all.o)
 .comment       0x0000000000000023       0x24 ../C_eng_job4_bsp/\libhal_bsp.a(alt_dev.o)
 .comment       0x0000000000000023       0x24 ../C_eng_job4_bsp/\libhal_bsp.a(alt_dev_llist_insert.o)
 .comment       0x0000000000000023       0x24 ../C_eng_job4_bsp/\libhal_bsp.a(alt_errno.o)
 .comment       0x0000000000000023       0x24 ../C_eng_job4_bsp/\libhal_bsp.a(alt_find_dev.o)
 .comment       0x0000000000000023       0x24 ../C_eng_job4_bsp/\libhal_bsp.a(alt_icache_flush_all.o)
 .comment       0x0000000000000023       0x24 ../C_eng_job4_bsp/\libhal_bsp.a(alt_iic.o)
 .comment       0x0000000000000023       0x24 ../C_eng_job4_bsp/\libhal_bsp.a(alt_iic_isr_register.o)
 .comment       0x0000000000000023       0x24 ../C_eng_job4_bsp/\libhal_bsp.a(alt_io_redirect.o)
 .comment       0x0000000000000023       0x24 ../C_eng_job4_bsp/\libhal_bsp.a(alt_irq_handler.o)
 .comment       0x0000000000000023       0x24 ../C_eng_job4_bsp/\libhal_bsp.a(alt_irq_vars.o)
 .comment       0x0000000000000023       0x24 ../C_eng_job4_bsp/\libhal_bsp.a(alt_open.o)
 .comment       0x0000000000000023       0x24 ../C_eng_job4_bsp/\libhal_bsp.a(alt_release_fd.o)
 .comment       0x0000000000000023       0x24 ../C_eng_job4_bsp/\libhal_bsp.a(altera_nios2_gen2_irq.o)
 .comment       0x0000000000000023       0x24 ../C_eng_job4_bsp/\libhal_bsp.a(alt_find_file.o)
 .comment       0x0000000000000023       0x24 ../C_eng_job4_bsp/\libhal_bsp.a(alt_get_fd.o)
 .comment       0x0000000000000023       0x24 ../C_eng_job4_bsp/\libhal_bsp.a(alt_instruction_exception_entry.o)
 .comment       0x0000000000000023       0x24 c:/altera_lite/16.0/nios2eds/bin/gnu/h-x86_64-mingw32/bin/../lib/gcc/nios2-elf/5.2.0/../../../../../H-x86_64-mingw32/nios2-elf/lib/mno-hw-mul\libsmallc.a(lib_a-exit.o)
 .comment       0x0000000000000023       0x24 c:/altera_lite/16.0/nios2eds/bin/gnu/h-x86_64-mingw32/bin/../lib/gcc/nios2-elf/5.2.0/../../../../../H-x86_64-mingw32/nios2-elf/lib/mno-hw-mul\libsmallc.a(lib_a-int_errno.o)
 .comment       0x0000000000000023       0x24 c:/altera_lite/16.0/nios2eds/bin/gnu/h-x86_64-mingw32/bin/../lib/gcc/nios2-elf/5.2.0/../../../../../H-x86_64-mingw32/nios2-elf/lib/mno-hw-mul\libsmallc.a(lib_a-memcmp.o)
 .comment       0x0000000000000023       0x24 c:/altera_lite/16.0/nios2eds/bin/gnu/h-x86_64-mingw32/bin/../lib/gcc/nios2-elf/5.2.0/../../../../../H-x86_64-mingw32/nios2-elf/lib/mno-hw-mul\libsmallc.a(lib_a-__call_atexit.o)
 .comment       0x0000000000000023       0x24 c:/altera_lite/16.0/nios2eds/bin/gnu/h-x86_64-mingw32/bin/../lib/gcc/nios2-elf/5.2.0/../../../../../H-x86_64-mingw32/nios2-elf/lib/mno-hw-mul\libsmallc.a(lib_a-impure.o)
 .comment       0x0000000000000023       0x24 ../C_eng_job4_bsp/\libhal_bsp.a(alt_exit.o)

.debug
 *(.debug)

.line
 *(.line)

.debug_srcinfo
 *(.debug_srcinfo)

.debug_sfnames
 *(.debug_sfnames)

.debug_aranges  0x0000000000000000      0x598
 *(.debug_aranges)
 .debug_aranges
                0x0000000000000000       0x28 ../C_eng_job4_bsp//obj/HAL/src/crt0.o
 .debug_aranges
                0x0000000000000028       0x20 obj/default/main.o
 .debug_aranges
                0x0000000000000048       0x20 obj/default/sensor.o
 .debug_aranges
                0x0000000000000068       0x20 obj/default/vga_util.o
 .debug_aranges
                0x0000000000000088       0x20 c:/altera_lite/16.0/nios2eds/bin/gnu/h-x86_64-mingw32/bin/../lib/gcc/nios2-elf/5.2.0/mno-hw-mul\libgcc.a(lib2-divmod.o)
 .debug_aranges
                0x00000000000000a8       0x20 c:/altera_lite/16.0/nios2eds/bin/gnu/h-x86_64-mingw32/bin/../lib/gcc/nios2-elf/5.2.0/mno-hw-mul\libgcc.a(lib2-mul.o)
 .debug_aranges
                0x00000000000000c8       0x20 c:/altera_lite/16.0/nios2eds/bin/gnu/h-x86_64-mingw32/bin/../lib/gcc/nios2-elf/5.2.0/mno-hw-mul\libgcc.a(fixsfsi.o)
 .debug_aranges
                0x00000000000000e8       0x20 c:/altera_lite/16.0/nios2eds/bin/gnu/h-x86_64-mingw32/bin/../lib/gcc/nios2-elf/5.2.0/../../../../../H-x86_64-mingw32/nios2-elf/lib/mno-hw-mul\libsmallc.a(lib_a-memcpy.o)
 .debug_aranges
                0x0000000000000108       0x20 c:/altera_lite/16.0/nios2eds/bin/gnu/h-x86_64-mingw32/bin/../lib/gcc/nios2-elf/5.2.0/../../../../../H-x86_64-mingw32/nios2-elf/lib/mno-hw-mul\libsmallc.a(lib_a-memset.o)
 .debug_aranges
                0x0000000000000128       0x20 c:/altera_lite/16.0/nios2eds/bin/gnu/h-x86_64-mingw32/bin/../lib/gcc/nios2-elf/5.2.0/../../../../../H-x86_64-mingw32/nios2-elf/lib/mno-hw-mul\libsmallc.a(lib_a-strlen.o)
 .debug_aranges
                0x0000000000000148       0x20 ../C_eng_job4_bsp/\libhal_bsp.a(alt_load.o)
 .debug_aranges
                0x0000000000000168       0x20 ../C_eng_job4_bsp/\libhal_bsp.a(alt_main.o)
 .debug_aranges
                0x0000000000000188       0x20 ../C_eng_job4_bsp/\libhal_bsp.a(alt_sys_init.o)
 .debug_aranges
                0x00000000000001a8       0x20 ../C_eng_job4_bsp/\libhal_bsp.a(altera_avalon_jtag_uart_fd.o)
 .debug_aranges
                0x00000000000001c8       0x20 ../C_eng_job4_bsp/\libhal_bsp.a(altera_avalon_jtag_uart_read.o)
 .debug_aranges
                0x00000000000001e8       0x20 ../C_eng_job4_bsp/\libhal_bsp.a(altera_avalon_jtag_uart_write.o)
 .debug_aranges
                0x0000000000000208       0x20 ../C_eng_job4_bsp/\libhal_bsp.a(altera_avalon_spi.o)
 .debug_aranges
                0x0000000000000228       0x20 ../C_eng_job4_bsp/\libhal_bsp.a(altera_modular_adc.o)
 .debug_aranges
                0x0000000000000248       0x20 ../C_eng_job4_bsp/\libhal_bsp.a(alt_close.o)
 .debug_aranges
                0x0000000000000268       0x20 ../C_eng_job4_bsp/\libhal_bsp.a(alt_dcache_flush_all.o)
 .debug_aranges
                0x0000000000000288       0x20 ../C_eng_job4_bsp/\libhal_bsp.a(alt_dev.o)
 .debug_aranges
                0x00000000000002a8       0x20 ../C_eng_job4_bsp/\libhal_bsp.a(alt_dev_llist_insert.o)
 .debug_aranges
                0x00000000000002c8       0x18 ../C_eng_job4_bsp/\libhal_bsp.a(alt_errno.o)
 .debug_aranges
                0x00000000000002e0       0x20 ../C_eng_job4_bsp/\libhal_bsp.a(alt_find_dev.o)
 .debug_aranges
                0x0000000000000300       0x20 ../C_eng_job4_bsp/\libhal_bsp.a(alt_icache_flush_all.o)
 .debug_aranges
                0x0000000000000320       0x20 ../C_eng_job4_bsp/\libhal_bsp.a(alt_iic.o)
 .debug_aranges
                0x0000000000000340       0x20 ../C_eng_job4_bsp/\libhal_bsp.a(alt_iic_isr_register.o)
 .debug_aranges
                0x0000000000000360       0x20 ../C_eng_job4_bsp/\libhal_bsp.a(alt_io_redirect.o)
 .debug_aranges
                0x0000000000000380       0x30 ../C_eng_job4_bsp/\libhal_bsp.a(alt_irq_entry.o)
 .debug_aranges
                0x00000000000003b0       0x20 ../C_eng_job4_bsp/\libhal_bsp.a(alt_irq_handler.o)
 .debug_aranges
                0x00000000000003d0       0x18 ../C_eng_job4_bsp/\libhal_bsp.a(alt_irq_vars.o)
 .debug_aranges
                0x00000000000003e8       0x20 ../C_eng_job4_bsp/\libhal_bsp.a(alt_open.o)
 .debug_aranges
                0x0000000000000408       0x20 ../C_eng_job4_bsp/\libhal_bsp.a(alt_release_fd.o)
 .debug_aranges
                0x0000000000000428       0x20 ../C_eng_job4_bsp/\libhal_bsp.a(altera_nios2_gen2_irq.o)
 .debug_aranges
                0x0000000000000448       0x38 ../C_eng_job4_bsp/\libhal_bsp.a(alt_exception_entry.o)
 .debug_aranges
                0x0000000000000480       0x20 ../C_eng_job4_bsp/\libhal_bsp.a(alt_find_file.o)
 .debug_aranges
                0x00000000000004a0       0x20 ../C_eng_job4_bsp/\libhal_bsp.a(alt_get_fd.o)
 .debug_aranges
                0x00000000000004c0       0x28 ../C_eng_job4_bsp/\libhal_bsp.a(alt_instruction_exception_entry.o)
 .debug_aranges
                0x00000000000004e8       0x20 c:/altera_lite/16.0/nios2eds/bin/gnu/h-x86_64-mingw32/bin/../lib/gcc/nios2-elf/5.2.0/../../../../../H-x86_64-mingw32/nios2-elf/lib/mno-hw-mul\libsmallc.a(lib_a-exit.o)
 .debug_aranges
                0x0000000000000508       0x18 c:/altera_lite/16.0/nios2eds/bin/gnu/h-x86_64-mingw32/bin/../lib/gcc/nios2-elf/5.2.0/../../../../../H-x86_64-mingw32/nios2-elf/lib/mno-hw-mul\libsmallc.a(lib_a-int_errno.o)
 .debug_aranges
                0x0000000000000520       0x20 c:/altera_lite/16.0/nios2eds/bin/gnu/h-x86_64-mingw32/bin/../lib/gcc/nios2-elf/5.2.0/../../../../../H-x86_64-mingw32/nios2-elf/lib/mno-hw-mul\libsmallc.a(lib_a-memcmp.o)
 .debug_aranges
                0x0000000000000540       0x20 c:/altera_lite/16.0/nios2eds/bin/gnu/h-x86_64-mingw32/bin/../lib/gcc/nios2-elf/5.2.0/../../../../../H-x86_64-mingw32/nios2-elf/lib/mno-hw-mul\libsmallc.a(lib_a-__call_atexit.o)
 .debug_aranges
                0x0000000000000560       0x18 c:/altera_lite/16.0/nios2eds/bin/gnu/h-x86_64-mingw32/bin/../lib/gcc/nios2-elf/5.2.0/../../../../../H-x86_64-mingw32/nios2-elf/lib/mno-hw-mul\libsmallc.a(lib_a-impure.o)
 .debug_aranges
                0x0000000000000578       0x20 ../C_eng_job4_bsp/\libhal_bsp.a(alt_exit.o)

.debug_pubnames
 *(.debug_pubnames)

.debug_info     0x0000000000000000     0x692b
 *(.debug_info .gnu.linkonce.wi.*)
 .debug_info    0x0000000000000000       0x8d ../C_eng_job4_bsp//obj/HAL/src/crt0.o
 .debug_info    0x000000000000008d      0x3e5 obj/default/main.o
 .debug_info    0x0000000000000472      0x6d7 obj/default/sensor.o
 .debug_info    0x0000000000000b49      0x4fd obj/default/vga_util.o
 .debug_info    0x0000000000001046      0x2c3 c:/altera_lite/16.0/nios2eds/bin/gnu/h-x86_64-mingw32/bin/../lib/gcc/nios2-elf/5.2.0/mno-hw-mul\libgcc.a(lib2-divmod.o)
 .debug_info    0x0000000000001309       0xb4 c:/altera_lite/16.0/nios2eds/bin/gnu/h-x86_64-mingw32/bin/../lib/gcc/nios2-elf/5.2.0/mno-hw-mul\libgcc.a(lib2-mul.o)
 .debug_info    0x00000000000013bd      0x18b c:/altera_lite/16.0/nios2eds/bin/gnu/h-x86_64-mingw32/bin/../lib/gcc/nios2-elf/5.2.0/mno-hw-mul\libgcc.a(fixsfsi.o)
 .debug_info    0x0000000000001548      0x119 c:/altera_lite/16.0/nios2eds/bin/gnu/h-x86_64-mingw32/bin/../lib/gcc/nios2-elf/5.2.0/../../../../../H-x86_64-mingw32/nios2-elf/lib/mno-hw-mul\libsmallc.a(lib_a-memcpy.o)
 .debug_info    0x0000000000001661       0xdc c:/altera_lite/16.0/nios2eds/bin/gnu/h-x86_64-mingw32/bin/../lib/gcc/nios2-elf/5.2.0/../../../../../H-x86_64-mingw32/nios2-elf/lib/mno-hw-mul\libsmallc.a(lib_a-memset.o)
 .debug_info    0x000000000000173d       0xc9 c:/altera_lite/16.0/nios2eds/bin/gnu/h-x86_64-mingw32/bin/../lib/gcc/nios2-elf/5.2.0/../../../../../H-x86_64-mingw32/nios2-elf/lib/mno-hw-mul\libsmallc.a(lib_a-strlen.o)
 .debug_info    0x0000000000001806      0x145 ../C_eng_job4_bsp/\libhal_bsp.a(alt_load.o)
 .debug_info    0x000000000000194b      0x131 ../C_eng_job4_bsp/\libhal_bsp.a(alt_main.o)
 .debug_info    0x0000000000001a7c      0x456 ../C_eng_job4_bsp/\libhal_bsp.a(alt_sys_init.o)
 .debug_info    0x0000000000001ed2      0x3a7 ../C_eng_job4_bsp/\libhal_bsp.a(altera_avalon_jtag_uart_fd.o)
 .debug_info    0x0000000000002279      0x1b2 ../C_eng_job4_bsp/\libhal_bsp.a(altera_avalon_jtag_uart_read.o)
 .debug_info    0x000000000000242b      0x195 ../C_eng_job4_bsp/\libhal_bsp.a(altera_avalon_jtag_uart_write.o)
 .debug_info    0x00000000000025c0      0x18d ../C_eng_job4_bsp/\libhal_bsp.a(altera_avalon_spi.o)
 .debug_info    0x000000000000274d      0x853 ../C_eng_job4_bsp/\libhal_bsp.a(altera_modular_adc.o)
 .debug_info    0x0000000000002fa0      0x321 ../C_eng_job4_bsp/\libhal_bsp.a(alt_close.o)
 .debug_info    0x00000000000032c1       0x92 ../C_eng_job4_bsp/\libhal_bsp.a(alt_dcache_flush_all.o)
 .debug_info    0x0000000000003353      0x49c ../C_eng_job4_bsp/\libhal_bsp.a(alt_dev.o)
 .debug_info    0x00000000000037ef      0x1a9 ../C_eng_job4_bsp/\libhal_bsp.a(alt_dev_llist_insert.o)
 .debug_info    0x0000000000003998       0xa6 ../C_eng_job4_bsp/\libhal_bsp.a(alt_errno.o)
 .debug_info    0x0000000000003a3e      0x2e9 ../C_eng_job4_bsp/\libhal_bsp.a(alt_find_dev.o)
 .debug_info    0x0000000000003d27       0x92 ../C_eng_job4_bsp/\libhal_bsp.a(alt_icache_flush_all.o)
 .debug_info    0x0000000000003db9      0x350 ../C_eng_job4_bsp/\libhal_bsp.a(alt_iic.o)
 .debug_info    0x0000000000004109      0x1ef ../C_eng_job4_bsp/\libhal_bsp.a(alt_iic_isr_register.o)
 .debug_info    0x00000000000042f8      0x4a5 ../C_eng_job4_bsp/\libhal_bsp.a(alt_io_redirect.o)
 .debug_info    0x000000000000479d       0x96 ../C_eng_job4_bsp/\libhal_bsp.a(alt_irq_entry.o)
 .debug_info    0x0000000000004833      0x187 ../C_eng_job4_bsp/\libhal_bsp.a(alt_irq_handler.o)
 .debug_info    0x00000000000049ba       0x88 ../C_eng_job4_bsp/\libhal_bsp.a(alt_irq_vars.o)
 .debug_info    0x0000000000004a42      0x3bb ../C_eng_job4_bsp/\libhal_bsp.a(alt_open.o)
 .debug_info    0x0000000000004dfd      0x2b0 ../C_eng_job4_bsp/\libhal_bsp.a(alt_release_fd.o)
 .debug_info    0x00000000000050ad       0x92 ../C_eng_job4_bsp/\libhal_bsp.a(altera_nios2_gen2_irq.o)
 .debug_info    0x000000000000513f       0x9c ../C_eng_job4_bsp/\libhal_bsp.a(alt_exception_entry.o)
 .debug_info    0x00000000000051db      0x2e6 ../C_eng_job4_bsp/\libhal_bsp.a(alt_find_file.o)
 .debug_info    0x00000000000054c1      0x310 ../C_eng_job4_bsp/\libhal_bsp.a(alt_get_fd.o)
 .debug_info    0x00000000000057d1      0x1e7 ../C_eng_job4_bsp/\libhal_bsp.a(alt_instruction_exception_entry.o)
 .debug_info    0x00000000000059b8       0xe5 c:/altera_lite/16.0/nios2eds/bin/gnu/h-x86_64-mingw32/bin/../lib/gcc/nios2-elf/5.2.0/../../../../../H-x86_64-mingw32/nios2-elf/lib/mno-hw-mul\libsmallc.a(lib_a-exit.o)
 .debug_info    0x0000000000005a9d       0x8a c:/altera_lite/16.0/nios2eds/bin/gnu/h-x86_64-mingw32/bin/../lib/gcc/nios2-elf/5.2.0/../../../../../H-x86_64-mingw32/nios2-elf/lib/mno-hw-mul\libsmallc.a(lib_a-int_errno.o)
 .debug_info    0x0000000000005b27       0xf4 c:/altera_lite/16.0/nios2eds/bin/gnu/h-x86_64-mingw32/bin/../lib/gcc/nios2-elf/5.2.0/../../../../../H-x86_64-mingw32/nios2-elf/lib/mno-hw-mul\libsmallc.a(lib_a-memcmp.o)
 .debug_info    0x0000000000005c1b      0x67b c:/altera_lite/16.0/nios2eds/bin/gnu/h-x86_64-mingw32/bin/../lib/gcc/nios2-elf/5.2.0/../../../../../H-x86_64-mingw32/nios2-elf/lib/mno-hw-mul\libsmallc.a(lib_a-__call_atexit.o)
 .debug_info    0x0000000000006296      0x5a9 c:/altera_lite/16.0/nios2eds/bin/gnu/h-x86_64-mingw32/bin/../lib/gcc/nios2-elf/5.2.0/../../../../../H-x86_64-mingw32/nios2-elf/lib/mno-hw-mul\libsmallc.a(lib_a-impure.o)
 .debug_info    0x000000000000683f       0xec ../C_eng_job4_bsp/\libhal_bsp.a(alt_exit.o)

.debug_abbrev   0x0000000000000000     0x2576
 *(.debug_abbrev)
 .debug_abbrev  0x0000000000000000       0x12 ../C_eng_job4_bsp//obj/HAL/src/crt0.o
 .debug_abbrev  0x0000000000000012      0x132 obj/default/main.o
 .debug_abbrev  0x0000000000000144      0x1d3 obj/default/sensor.o
 .debug_abbrev  0x0000000000000317      0x13c obj/default/vga_util.o
 .debug_abbrev  0x0000000000000453      0x10e c:/altera_lite/16.0/nios2eds/bin/gnu/h-x86_64-mingw32/bin/../lib/gcc/nios2-elf/5.2.0/mno-hw-mul\libgcc.a(lib2-divmod.o)
 .debug_abbrev  0x0000000000000561       0x6f c:/altera_lite/16.0/nios2eds/bin/gnu/h-x86_64-mingw32/bin/../lib/gcc/nios2-elf/5.2.0/mno-hw-mul\libgcc.a(lib2-mul.o)
 .debug_abbrev  0x00000000000005d0      0x135 c:/altera_lite/16.0/nios2eds/bin/gnu/h-x86_64-mingw32/bin/../lib/gcc/nios2-elf/5.2.0/mno-hw-mul\libgcc.a(fixsfsi.o)
 .debug_abbrev  0x0000000000000705       0x9c c:/altera_lite/16.0/nios2eds/bin/gnu/h-x86_64-mingw32/bin/../lib/gcc/nios2-elf/5.2.0/../../../../../H-x86_64-mingw32/nios2-elf/lib/mno-hw-mul\libsmallc.a(lib_a-memcpy.o)
 .debug_abbrev  0x00000000000007a1       0x8e c:/altera_lite/16.0/nios2eds/bin/gnu/h-x86_64-mingw32/bin/../lib/gcc/nios2-elf/5.2.0/../../../../../H-x86_64-mingw32/nios2-elf/lib/mno-hw-mul\libsmallc.a(lib_a-memset.o)
 .debug_abbrev  0x000000000000082f       0x7f c:/altera_lite/16.0/nios2eds/bin/gnu/h-x86_64-mingw32/bin/../lib/gcc/nios2-elf/5.2.0/../../../../../H-x86_64-mingw32/nios2-elf/lib/mno-hw-mul\libsmallc.a(lib_a-strlen.o)
 .debug_abbrev  0x00000000000008ae       0x9f ../C_eng_job4_bsp/\libhal_bsp.a(alt_load.o)
 .debug_abbrev  0x000000000000094d       0xba ../C_eng_job4_bsp/\libhal_bsp.a(alt_main.o)
 .debug_abbrev  0x0000000000000a07      0x160 ../C_eng_job4_bsp/\libhal_bsp.a(alt_sys_init.o)
 .debug_abbrev  0x0000000000000b67       0xf7 ../C_eng_job4_bsp/\libhal_bsp.a(altera_avalon_jtag_uart_fd.o)
 .debug_abbrev  0x0000000000000c5e       0xd5 ../C_eng_job4_bsp/\libhal_bsp.a(altera_avalon_jtag_uart_read.o)
 .debug_abbrev  0x0000000000000d33       0xd5 ../C_eng_job4_bsp/\libhal_bsp.a(altera_avalon_jtag_uart_write.o)
 .debug_abbrev  0x0000000000000e08       0x8a ../C_eng_job4_bsp/\libhal_bsp.a(altera_avalon_spi.o)
 .debug_abbrev  0x0000000000000e92      0x239 ../C_eng_job4_bsp/\libhal_bsp.a(altera_modular_adc.o)
 .debug_abbrev  0x00000000000010cb      0x11f ../C_eng_job4_bsp/\libhal_bsp.a(alt_close.o)
 .debug_abbrev  0x00000000000011ea       0x42 ../C_eng_job4_bsp/\libhal_bsp.a(alt_dcache_flush_all.o)
 .debug_abbrev  0x000000000000122c       0xd9 ../C_eng_job4_bsp/\libhal_bsp.a(alt_dev.o)
 .debug_abbrev  0x0000000000001305      0x114 ../C_eng_job4_bsp/\libhal_bsp.a(alt_dev_llist_insert.o)
 .debug_abbrev  0x0000000000001419       0x5a ../C_eng_job4_bsp/\libhal_bsp.a(alt_errno.o)
 .debug_abbrev  0x0000000000001473       0xf0 ../C_eng_job4_bsp/\libhal_bsp.a(alt_find_dev.o)
 .debug_abbrev  0x0000000000001563       0x42 ../C_eng_job4_bsp/\libhal_bsp.a(alt_icache_flush_all.o)
 .debug_abbrev  0x00000000000015a5      0x163 ../C_eng_job4_bsp/\libhal_bsp.a(alt_iic.o)
 .debug_abbrev  0x0000000000001708      0x169 ../C_eng_job4_bsp/\libhal_bsp.a(alt_iic_isr_register.o)
 .debug_abbrev  0x0000000000001871      0x114 ../C_eng_job4_bsp/\libhal_bsp.a(alt_io_redirect.o)
 .debug_abbrev  0x0000000000001985       0x12 ../C_eng_job4_bsp/\libhal_bsp.a(alt_irq_entry.o)
 .debug_abbrev  0x0000000000001997      0x122 ../C_eng_job4_bsp/\libhal_bsp.a(alt_irq_handler.o)
 .debug_abbrev  0x0000000000001ab9       0x40 ../C_eng_job4_bsp/\libhal_bsp.a(alt_irq_vars.o)
 .debug_abbrev  0x0000000000001af9      0x148 ../C_eng_job4_bsp/\libhal_bsp.a(alt_open.o)
 .debug_abbrev  0x0000000000001c41       0xde ../C_eng_job4_bsp/\libhal_bsp.a(alt_release_fd.o)
 .debug_abbrev  0x0000000000001d1f       0x42 ../C_eng_job4_bsp/\libhal_bsp.a(altera_nios2_gen2_irq.o)
 .debug_abbrev  0x0000000000001d61       0x12 ../C_eng_job4_bsp/\libhal_bsp.a(alt_exception_entry.o)
 .debug_abbrev  0x0000000000001d73       0xf0 ../C_eng_job4_bsp/\libhal_bsp.a(alt_find_file.o)
 .debug_abbrev  0x0000000000001e63      0x10d ../C_eng_job4_bsp/\libhal_bsp.a(alt_get_fd.o)
 .debug_abbrev  0x0000000000001f70       0xdc ../C_eng_job4_bsp/\libhal_bsp.a(alt_instruction_exception_entry.o)
 .debug_abbrev  0x000000000000204c       0x8b c:/altera_lite/16.0/nios2eds/bin/gnu/h-x86_64-mingw32/bin/../lib/gcc/nios2-elf/5.2.0/../../../../../H-x86_64-mingw32/nios2-elf/lib/mno-hw-mul\libsmallc.a(lib_a-exit.o)
 .debug_abbrev  0x00000000000020d7       0x37 c:/altera_lite/16.0/nios2eds/bin/gnu/h-x86_64-mingw32/bin/../lib/gcc/nios2-elf/5.2.0/../../../../../H-x86_64-mingw32/nios2-elf/lib/mno-hw-mul\libsmallc.a(lib_a-int_errno.o)
 .debug_abbrev  0x000000000000210e       0x7f c:/altera_lite/16.0/nios2eds/bin/gnu/h-x86_64-mingw32/bin/../lib/gcc/nios2-elf/5.2.0/../../../../../H-x86_64-mingw32/nios2-elf/lib/mno-hw-mul\libsmallc.a(lib_a-memcmp.o)
 .debug_abbrev  0x000000000000218d      0x1f6 c:/altera_lite/16.0/nios2eds/bin/gnu/h-x86_64-mingw32/bin/../lib/gcc/nios2-elf/5.2.0/../../../../../H-x86_64-mingw32/nios2-elf/lib/mno-hw-mul\libsmallc.a(lib_a-__call_atexit.o)
 .debug_abbrev  0x0000000000002383      0x14a c:/altera_lite/16.0/nios2eds/bin/gnu/h-x86_64-mingw32/bin/../lib/gcc/nios2-elf/5.2.0/../../../../../H-x86_64-mingw32/nios2-elf/lib/mno-hw-mul\libsmallc.a(lib_a-impure.o)
 .debug_abbrev  0x00000000000024cd       0xa9 ../C_eng_job4_bsp/\libhal_bsp.a(alt_exit.o)

.debug_line     0x0000000000000000     0x29a1
 *(.debug_line)
 .debug_line    0x0000000000000000       0x66 ../C_eng_job4_bsp//obj/HAL/src/crt0.o
 .debug_line    0x0000000000000066      0x18a obj/default/main.o
 .debug_line    0x00000000000001f0      0x1d9 obj/default/sensor.o
 .debug_line    0x00000000000003c9      0x1b8 obj/default/vga_util.o
 .debug_line    0x0000000000000581      0x105 c:/altera_lite/16.0/nios2eds/bin/gnu/h-x86_64-mingw32/bin/../lib/gcc/nios2-elf/5.2.0/mno-hw-mul\libgcc.a(lib2-divmod.o)
 .debug_line    0x0000000000000686       0x80 c:/altera_lite/16.0/nios2eds/bin/gnu/h-x86_64-mingw32/bin/../lib/gcc/nios2-elf/5.2.0/mno-hw-mul\libgcc.a(lib2-mul.o)
 .debug_line    0x0000000000000706       0x9a c:/altera_lite/16.0/nios2eds/bin/gnu/h-x86_64-mingw32/bin/../lib/gcc/nios2-elf/5.2.0/mno-hw-mul\libgcc.a(fixsfsi.o)
 .debug_line    0x00000000000007a0      0x15e c:/altera_lite/16.0/nios2eds/bin/gnu/h-x86_64-mingw32/bin/../lib/gcc/nios2-elf/5.2.0/../../../../../H-x86_64-mingw32/nios2-elf/lib/mno-hw-mul\libsmallc.a(lib_a-memcpy.o)
 .debug_line    0x00000000000008fe      0x15d c:/altera_lite/16.0/nios2eds/bin/gnu/h-x86_64-mingw32/bin/../lib/gcc/nios2-elf/5.2.0/../../../../../H-x86_64-mingw32/nios2-elf/lib/mno-hw-mul\libsmallc.a(lib_a-memset.o)
 .debug_line    0x0000000000000a5b      0x15c c:/altera_lite/16.0/nios2eds/bin/gnu/h-x86_64-mingw32/bin/../lib/gcc/nios2-elf/5.2.0/../../../../../H-x86_64-mingw32/nios2-elf/lib/mno-hw-mul\libsmallc.a(lib_a-strlen.o)
 .debug_line    0x0000000000000bb7       0x8e ../C_eng_job4_bsp/\libhal_bsp.a(alt_load.o)
 .debug_line    0x0000000000000c45       0x9e ../C_eng_job4_bsp/\libhal_bsp.a(alt_main.o)
 .debug_line    0x0000000000000ce3      0x141 ../C_eng_job4_bsp/\libhal_bsp.a(alt_sys_init.o)
 .debug_line    0x0000000000000e24      0x112 ../C_eng_job4_bsp/\libhal_bsp.a(altera_avalon_jtag_uart_fd.o)
 .debug_line    0x0000000000000f36       0xfd ../C_eng_job4_bsp/\libhal_bsp.a(altera_avalon_jtag_uart_read.o)
 .debug_line    0x0000000000001033       0xf4 ../C_eng_job4_bsp/\libhal_bsp.a(altera_avalon_jtag_uart_write.o)
 .debug_line    0x0000000000001127       0xb7 ../C_eng_job4_bsp/\libhal_bsp.a(altera_avalon_spi.o)
 .debug_line    0x00000000000011de      0x240 ../C_eng_job4_bsp/\libhal_bsp.a(altera_modular_adc.o)
 .debug_line    0x000000000000141e      0x163 ../C_eng_job4_bsp/\libhal_bsp.a(alt_close.o)
 .debug_line    0x0000000000001581       0x51 ../C_eng_job4_bsp/\libhal_bsp.a(alt_dcache_flush_all.o)
 .debug_line    0x00000000000015d2       0xf5 ../C_eng_job4_bsp/\libhal_bsp.a(alt_dev.o)
 .debug_line    0x00000000000016c7       0xd0 ../C_eng_job4_bsp/\libhal_bsp.a(alt_dev_llist_insert.o)
 .debug_line    0x0000000000001797       0x51 ../C_eng_job4_bsp/\libhal_bsp.a(alt_errno.o)
 .debug_line    0x00000000000017e8       0xb5 ../C_eng_job4_bsp/\libhal_bsp.a(alt_find_dev.o)
 .debug_line    0x000000000000189d       0x4f ../C_eng_job4_bsp/\libhal_bsp.a(alt_icache_flush_all.o)
 .debug_line    0x00000000000018ec       0xef ../C_eng_job4_bsp/\libhal_bsp.a(alt_iic.o)
 .debug_line    0x00000000000019db       0xdb ../C_eng_job4_bsp/\libhal_bsp.a(alt_iic_isr_register.o)
 .debug_line    0x0000000000001ab6      0x132 ../C_eng_job4_bsp/\libhal_bsp.a(alt_io_redirect.o)
 .debug_line    0x0000000000001be8       0x6b ../C_eng_job4_bsp/\libhal_bsp.a(alt_irq_entry.o)
 .debug_line    0x0000000000001c53       0xaa ../C_eng_job4_bsp/\libhal_bsp.a(alt_irq_handler.o)
 .debug_line    0x0000000000001cfd       0x50 ../C_eng_job4_bsp/\libhal_bsp.a(alt_irq_vars.o)
 .debug_line    0x0000000000001d4d      0x12d ../C_eng_job4_bsp/\libhal_bsp.a(alt_open.o)
 .debug_line    0x0000000000001e7a       0xb0 ../C_eng_job4_bsp/\libhal_bsp.a(alt_release_fd.o)
 .debug_line    0x0000000000001f2a       0x51 ../C_eng_job4_bsp/\libhal_bsp.a(altera_nios2_gen2_irq.o)
 .debug_line    0x0000000000001f7b       0xb3 ../C_eng_job4_bsp/\libhal_bsp.a(alt_exception_entry.o)
 .debug_line    0x000000000000202e       0xd1 ../C_eng_job4_bsp/\libhal_bsp.a(alt_find_file.o)
 .debug_line    0x00000000000020ff       0xd8 ../C_eng_job4_bsp/\libhal_bsp.a(alt_get_fd.o)
 .debug_line    0x00000000000021d7       0xb9 ../C_eng_job4_bsp/\libhal_bsp.a(alt_instruction_exception_entry.o)
 .debug_line    0x0000000000002290      0x159 c:/altera_lite/16.0/nios2eds/bin/gnu/h-x86_64-mingw32/bin/../lib/gcc/nios2-elf/5.2.0/../../../../../H-x86_64-mingw32/nios2-elf/lib/mno-hw-mul\libsmallc.a(lib_a-exit.o)
 .debug_line    0x00000000000023e9       0x5f c:/altera_lite/16.0/nios2eds/bin/gnu/h-x86_64-mingw32/bin/../lib/gcc/nios2-elf/5.2.0/../../../../../H-x86_64-mingw32/nios2-elf/lib/mno-hw-mul\libsmallc.a(lib_a-int_errno.o)
 .debug_line    0x0000000000002448      0x160 c:/altera_lite/16.0/nios2eds/bin/gnu/h-x86_64-mingw32/bin/../lib/gcc/nios2-elf/5.2.0/../../../../../H-x86_64-mingw32/nios2-elf/lib/mno-hw-mul\libsmallc.a(lib_a-memcmp.o)
 .debug_line    0x00000000000025a8      0x232 c:/altera_lite/16.0/nios2eds/bin/gnu/h-x86_64-mingw32/bin/../lib/gcc/nios2-elf/5.2.0/../../../../../H-x86_64-mingw32/nios2-elf/lib/mno-hw-mul\libsmallc.a(lib_a-__call_atexit.o)
 .debug_line    0x00000000000027da      0x156 c:/altera_lite/16.0/nios2eds/bin/gnu/h-x86_64-mingw32/bin/../lib/gcc/nios2-elf/5.2.0/../../../../../H-x86_64-mingw32/nios2-elf/lib/mno-hw-mul\libsmallc.a(lib_a-impure.o)
 .debug_line    0x0000000000002930       0x71 ../C_eng_job4_bsp/\libhal_bsp.a(alt_exit.o)

.debug_frame    0x0000000000000000      0xf44
 *(.debug_frame)
 .debug_frame   0x0000000000000000       0x34 obj/default/main.o
 .debug_frame   0x0000000000000034      0x268 obj/default/sensor.o
 .debug_frame   0x000000000000029c      0x1cc obj/default/vga_util.o
 .debug_frame   0x0000000000000468       0x50 c:/altera_lite/16.0/nios2eds/bin/gnu/h-x86_64-mingw32/bin/../lib/gcc/nios2-elf/5.2.0/mno-hw-mul\libgcc.a(lib2-divmod.o)
 .debug_frame   0x00000000000004b8       0x20 c:/altera_lite/16.0/nios2eds/bin/gnu/h-x86_64-mingw32/bin/../lib/gcc/nios2-elf/5.2.0/mno-hw-mul\libgcc.a(lib2-mul.o)
 .debug_frame   0x00000000000004d8       0x20 c:/altera_lite/16.0/nios2eds/bin/gnu/h-x86_64-mingw32/bin/../lib/gcc/nios2-elf/5.2.0/mno-hw-mul\libgcc.a(fixsfsi.o)
 .debug_frame   0x00000000000004f8       0x20 c:/altera_lite/16.0/nios2eds/bin/gnu/h-x86_64-mingw32/bin/../lib/gcc/nios2-elf/5.2.0/../../../../../H-x86_64-mingw32/nios2-elf/lib/mno-hw-mul\libsmallc.a(lib_a-memcpy.o)
 .debug_frame   0x0000000000000518       0x20 c:/altera_lite/16.0/nios2eds/bin/gnu/h-x86_64-mingw32/bin/../lib/gcc/nios2-elf/5.2.0/../../../../../H-x86_64-mingw32/nios2-elf/lib/mno-hw-mul\libsmallc.a(lib_a-memset.o)
 .debug_frame   0x0000000000000538       0x20 c:/altera_lite/16.0/nios2eds/bin/gnu/h-x86_64-mingw32/bin/../lib/gcc/nios2-elf/5.2.0/../../../../../H-x86_64-mingw32/nios2-elf/lib/mno-hw-mul\libsmallc.a(lib_a-strlen.o)
 .debug_frame   0x0000000000000558       0x5c ../C_eng_job4_bsp/\libhal_bsp.a(alt_load.o)
 .debug_frame   0x00000000000005b4       0x2c ../C_eng_job4_bsp/\libhal_bsp.a(alt_main.o)
 .debug_frame   0x00000000000005e0       0x88 ../C_eng_job4_bsp/\libhal_bsp.a(alt_sys_init.o)
 .debug_frame   0x0000000000000668       0x60 ../C_eng_job4_bsp/\libhal_bsp.a(altera_avalon_jtag_uart_fd.o)
 .debug_frame   0x00000000000006c8       0x34 ../C_eng_job4_bsp/\libhal_bsp.a(altera_avalon_jtag_uart_read.o)
 .debug_frame   0x00000000000006fc       0x34 ../C_eng_job4_bsp/\libhal_bsp.a(altera_avalon_jtag_uart_write.o)
 .debug_frame   0x0000000000000730       0x34 ../C_eng_job4_bsp/\libhal_bsp.a(altera_avalon_spi.o)
 .debug_frame   0x0000000000000764      0x240 ../C_eng_job4_bsp/\libhal_bsp.a(altera_modular_adc.o)
 .debug_frame   0x00000000000009a4       0x60 ../C_eng_job4_bsp/\libhal_bsp.a(alt_close.o)
 .debug_frame   0x0000000000000a04       0x34 ../C_eng_job4_bsp/\libhal_bsp.a(alt_dcache_flush_all.o)
 .debug_frame   0x0000000000000a38       0x34 ../C_eng_job4_bsp/\libhal_bsp.a(alt_dev.o)
 .debug_frame   0x0000000000000a6c       0x60 ../C_eng_job4_bsp/\libhal_bsp.a(alt_dev_llist_insert.o)
 .debug_frame   0x0000000000000acc       0x38 ../C_eng_job4_bsp/\libhal_bsp.a(alt_find_dev.o)
 .debug_frame   0x0000000000000b04       0x34 ../C_eng_job4_bsp/\libhal_bsp.a(alt_icache_flush_all.o)
 .debug_frame   0x0000000000000b38       0xa4 ../C_eng_job4_bsp/\libhal_bsp.a(alt_iic.o)
 .debug_frame   0x0000000000000bdc       0x38 ../C_eng_job4_bsp/\libhal_bsp.a(alt_iic_isr_register.o)
 .debug_frame   0x0000000000000c14       0x64 ../C_eng_job4_bsp/\libhal_bsp.a(alt_io_redirect.o)
 .debug_frame   0x0000000000000c78       0x38 ../C_eng_job4_bsp/\libhal_bsp.a(alt_irq_handler.o)
 .debug_frame   0x0000000000000cb0       0x8c ../C_eng_job4_bsp/\libhal_bsp.a(alt_open.o)
 .debug_frame   0x0000000000000d3c       0x3c ../C_eng_job4_bsp/\libhal_bsp.a(alt_release_fd.o)
 .debug_frame   0x0000000000000d78       0x34 ../C_eng_job4_bsp/\libhal_bsp.a(altera_nios2_gen2_irq.o)
 .debug_frame   0x0000000000000dac       0x38 ../C_eng_job4_bsp/\libhal_bsp.a(alt_find_file.o)
 .debug_frame   0x0000000000000de4       0x3c ../C_eng_job4_bsp/\libhal_bsp.a(alt_get_fd.o)
 .debug_frame   0x0000000000000e20       0x5c ../C_eng_job4_bsp/\libhal_bsp.a(alt_instruction_exception_entry.o)
 .debug_frame   0x0000000000000e7c       0x28 c:/altera_lite/16.0/nios2eds/bin/gnu/h-x86_64-mingw32/bin/../lib/gcc/nios2-elf/5.2.0/../../../../../H-x86_64-mingw32/nios2-elf/lib/mno-hw-mul\libsmallc.a(lib_a-exit.o)
 .debug_frame   0x0000000000000ea4       0x20 c:/altera_lite/16.0/nios2eds/bin/gnu/h-x86_64-mingw32/bin/../lib/gcc/nios2-elf/5.2.0/../../../../../H-x86_64-mingw32/nios2-elf/lib/mno-hw-mul\libsmallc.a(lib_a-memcmp.o)
 .debug_frame   0x0000000000000ec4       0x54 c:/altera_lite/16.0/nios2eds/bin/gnu/h-x86_64-mingw32/bin/../lib/gcc/nios2-elf/5.2.0/../../../../../H-x86_64-mingw32/nios2-elf/lib/mno-hw-mul\libsmallc.a(lib_a-__call_atexit.o)
 .debug_frame   0x0000000000000f18       0x2c ../C_eng_job4_bsp/\libhal_bsp.a(alt_exit.o)

.debug_str      0x0000000000000000     0x1f10
 *(.debug_str)
 .debug_str     0x0000000000000000      0x248 obj/default/main.o
                                        0x2b6 (size before relaxing)
 .debug_str     0x0000000000000248      0x151 obj/default/sensor.o
                                        0x391 (size before relaxing)
 .debug_str     0x0000000000000399      0x11b obj/default/vga_util.o
                                        0x25c (size before relaxing)
 .debug_str     0x00000000000004b4      0x187 c:/altera_lite/16.0/nios2eds/bin/gnu/h-x86_64-mingw32/bin/../lib/gcc/nios2-elf/5.2.0/mno-hw-mul\libgcc.a(lib2-divmod.o)
                                        0x1d2 (size before relaxing)
 .debug_str     0x000000000000063b       0x40 c:/altera_lite/16.0/nios2eds/bin/gnu/h-x86_64-mingw32/bin/../lib/gcc/nios2-elf/5.2.0/mno-hw-mul\libgcc.a(lib2-mul.o)
                                        0x193 (size before relaxing)
 .debug_str     0x000000000000067b       0x85 c:/altera_lite/16.0/nios2eds/bin/gnu/h-x86_64-mingw32/bin/../lib/gcc/nios2-elf/5.2.0/mno-hw-mul\libgcc.a(fixsfsi.o)
                                        0x219 (size before relaxing)
 .debug_str     0x0000000000000700      0x155 c:/altera_lite/16.0/nios2eds/bin/gnu/h-x86_64-mingw32/bin/../lib/gcc/nios2-elf/5.2.0/../../../../../H-x86_64-mingw32/nios2-elf/lib/mno-hw-mul\libsmallc.a(lib_a-memcpy.o)
                                        0x1f3 (size before relaxing)
 .debug_str     0x0000000000000855       0x44 c:/altera_lite/16.0/nios2eds/bin/gnu/h-x86_64-mingw32/bin/../lib/gcc/nios2-elf/5.2.0/../../../../../H-x86_64-mingw32/nios2-elf/lib/mno-hw-mul\libsmallc.a(lib_a-memset.o)
                                        0x1df (size before relaxing)
 .debug_str     0x0000000000000899       0x44 c:/altera_lite/16.0/nios2eds/bin/gnu/h-x86_64-mingw32/bin/../lib/gcc/nios2-elf/5.2.0/../../../../../H-x86_64-mingw32/nios2-elf/lib/mno-hw-mul\libsmallc.a(lib_a-strlen.o)
                                        0x1e5 (size before relaxing)
 .debug_str     0x00000000000008dd      0x18a ../C_eng_job4_bsp/\libhal_bsp.a(alt_load.o)
                                        0x230 (size before relaxing)
 .debug_str     0x0000000000000a67       0x70 ../C_eng_job4_bsp/\libhal_bsp.a(alt_main.o)
                                        0x1bb (size before relaxing)
 .debug_str     0x0000000000000ad7      0x1c4 ../C_eng_job4_bsp/\libhal_bsp.a(alt_sys_init.o)
                                        0x372 (size before relaxing)
 .debug_str     0x0000000000000c9b       0x77 ../C_eng_job4_bsp/\libhal_bsp.a(altera_avalon_jtag_uart_fd.o)
                                        0x2f3 (size before relaxing)
 .debug_str     0x0000000000000d12       0x48 ../C_eng_job4_bsp/\libhal_bsp.a(altera_avalon_jtag_uart_read.o)
                                        0x23d (size before relaxing)
 .debug_str     0x0000000000000d5a       0x4a ../C_eng_job4_bsp/\libhal_bsp.a(altera_avalon_jtag_uart_write.o)
                                        0x233 (size before relaxing)
 .debug_str     0x0000000000000da4       0xa5 ../C_eng_job4_bsp/\libhal_bsp.a(altera_avalon_spi.o)
                                        0x1fe (size before relaxing)
 .debug_str     0x0000000000000e49      0x2c1 ../C_eng_job4_bsp/\libhal_bsp.a(altera_modular_adc.o)
                                        0x554 (size before relaxing)
 .debug_str     0x000000000000110a       0x44 ../C_eng_job4_bsp/\libhal_bsp.a(alt_close.o)
                                        0x229 (size before relaxing)
 .debug_str     0x000000000000114e       0x34 ../C_eng_job4_bsp/\libhal_bsp.a(alt_dcache_flush_all.o)
                                        0x173 (size before relaxing)
 .debug_str     0x0000000000001182       0x49 ../C_eng_job4_bsp/\libhal_bsp.a(alt_dev.o)
                                        0x323 (size before relaxing)
 .debug_str     0x00000000000011cb       0x45 ../C_eng_job4_bsp/\libhal_bsp.a(alt_dev_llist_insert.o)
                                        0x1ea (size before relaxing)
 .debug_str     0x0000000000001210       0x14 ../C_eng_job4_bsp/\libhal_bsp.a(alt_errno.o)
                                        0x163 (size before relaxing)
 .debug_str     0x0000000000001224       0x24 ../C_eng_job4_bsp/\libhal_bsp.a(alt_find_dev.o)
                                        0x20a (size before relaxing)
 .debug_str     0x0000000000001248       0x34 ../C_eng_job4_bsp/\libhal_bsp.a(alt_icache_flush_all.o)
                                        0x173 (size before relaxing)
 .debug_str     0x000000000000127c       0xb7 ../C_eng_job4_bsp/\libhal_bsp.a(alt_iic.o)
                                        0x25c (size before relaxing)
 .debug_str     0x0000000000001333       0x4c ../C_eng_job4_bsp/\libhal_bsp.a(alt_iic_isr_register.o)
                                        0x206 (size before relaxing)
 .debug_str     0x000000000000137f       0x56 ../C_eng_job4_bsp/\libhal_bsp.a(alt_io_redirect.o)
                                        0x334 (size before relaxing)
 .debug_str     0x00000000000013d5       0x3a ../C_eng_job4_bsp/\libhal_bsp.a(alt_irq_handler.o)
                                        0x1b5 (size before relaxing)
 .debug_str     0x000000000000140f       0x17 ../C_eng_job4_bsp/\libhal_bsp.a(alt_irq_vars.o)
                                        0x158 (size before relaxing)
 .debug_str     0x0000000000001426       0x29 ../C_eng_job4_bsp/\libhal_bsp.a(alt_open.o)
                                        0x269 (size before relaxing)
 .debug_str     0x000000000000144f       0x28 ../C_eng_job4_bsp/\libhal_bsp.a(alt_release_fd.o)
                                        0x1f1 (size before relaxing)
 .debug_str     0x0000000000001477       0x3b ../C_eng_job4_bsp/\libhal_bsp.a(altera_nios2_gen2_irq.o)
                                        0x17a (size before relaxing)
 .debug_str     0x00000000000014b2       0x26 ../C_eng_job4_bsp/\libhal_bsp.a(alt_find_file.o)
                                        0x218 (size before relaxing)
 .debug_str     0x00000000000014d8       0x30 ../C_eng_job4_bsp/\libhal_bsp.a(alt_get_fd.o)
                                        0x23a (size before relaxing)
 .debug_str     0x0000000000001508      0x48b ../C_eng_job4_bsp/\libhal_bsp.a(alt_instruction_exception_entry.o)
                                        0x5be (size before relaxing)
 .debug_str     0x0000000000001993       0xe1 c:/altera_lite/16.0/nios2eds/bin/gnu/h-x86_64-mingw32/bin/../lib/gcc/nios2-elf/5.2.0/../../../../../H-x86_64-mingw32/nios2-elf/lib/mno-hw-mul\libsmallc.a(lib_a-exit.o)
                                        0x1f0 (size before relaxing)
 .debug_str     0x0000000000001a74       0xd3 c:/altera_lite/16.0/nios2eds/bin/gnu/h-x86_64-mingw32/bin/../lib/gcc/nios2-elf/5.2.0/../../../../../H-x86_64-mingw32/nios2-elf/lib/mno-hw-mul\libsmallc.a(lib_a-int_errno.o)
                                        0x1d8 (size before relaxing)
 .debug_str     0x0000000000001b47       0x44 c:/altera_lite/16.0/nios2eds/bin/gnu/h-x86_64-mingw32/bin/../lib/gcc/nios2-elf/5.2.0/../../../../../H-x86_64-mingw32/nios2-elf/lib/mno-hw-mul\libsmallc.a(lib_a-memcmp.o)
                                        0x1df (size before relaxing)
 .debug_str     0x0000000000001b8b      0x313 c:/altera_lite/16.0/nios2eds/bin/gnu/h-x86_64-mingw32/bin/../lib/gcc/nios2-elf/5.2.0/../../../../../H-x86_64-mingw32/nios2-elf/lib/mno-hw-mul\libsmallc.a(lib_a-__call_atexit.o)
                                        0x4eb (size before relaxing)
 .debug_str     0x0000000000001e9e       0x48 c:/altera_lite/16.0/nios2eds/bin/gnu/h-x86_64-mingw32/bin/../lib/gcc/nios2-elf/5.2.0/../../../../../H-x86_64-mingw32/nios2-elf/lib/mno-hw-mul\libsmallc.a(lib_a-impure.o)
                                        0x4be (size before relaxing)
 .debug_str     0x0000000000001ee6       0x2a ../C_eng_job4_bsp/\libhal_bsp.a(alt_exit.o)
                                        0x16f (size before relaxing)

.debug_loc      0x0000000000000000      0xa05
 *(.debug_loc)
 .debug_loc     0x0000000000000000      0x4ae c:/altera_lite/16.0/nios2eds/bin/gnu/h-x86_64-mingw32/bin/../lib/gcc/nios2-elf/5.2.0/mno-hw-mul\libgcc.a(lib2-divmod.o)
 .debug_loc     0x00000000000004ae       0x93 c:/altera_lite/16.0/nios2eds/bin/gnu/h-x86_64-mingw32/bin/../lib/gcc/nios2-elf/5.2.0/mno-hw-mul\libgcc.a(lib2-mul.o)
 .debug_loc     0x0000000000000541       0xc3 c:/altera_lite/16.0/nios2eds/bin/gnu/h-x86_64-mingw32/bin/../lib/gcc/nios2-elf/5.2.0/mno-hw-mul\libgcc.a(fixsfsi.o)
 .debug_loc     0x0000000000000604      0x135 c:/altera_lite/16.0/nios2eds/bin/gnu/h-x86_64-mingw32/bin/../lib/gcc/nios2-elf/5.2.0/../../../../../H-x86_64-mingw32/nios2-elf/lib/mno-hw-mul\libsmallc.a(lib_a-memcpy.o)
 .debug_loc     0x0000000000000739       0xa5 c:/altera_lite/16.0/nios2eds/bin/gnu/h-x86_64-mingw32/bin/../lib/gcc/nios2-elf/5.2.0/../../../../../H-x86_64-mingw32/nios2-elf/lib/mno-hw-mul\libsmallc.a(lib_a-memset.o)
 .debug_loc     0x00000000000007de       0x1e c:/altera_lite/16.0/nios2eds/bin/gnu/h-x86_64-mingw32/bin/../lib/gcc/nios2-elf/5.2.0/../../../../../H-x86_64-mingw32/nios2-elf/lib/mno-hw-mul\libsmallc.a(lib_a-strlen.o)
 .debug_loc     0x00000000000007fc       0x1e c:/altera_lite/16.0/nios2eds/bin/gnu/h-x86_64-mingw32/bin/../lib/gcc/nios2-elf/5.2.0/../../../../../H-x86_64-mingw32/nios2-elf/lib/mno-hw-mul\libsmallc.a(lib_a-exit.o)
 .debug_loc     0x000000000000081a       0x94 c:/altera_lite/16.0/nios2eds/bin/gnu/h-x86_64-mingw32/bin/../lib/gcc/nios2-elf/5.2.0/../../../../../H-x86_64-mingw32/nios2-elf/lib/mno-hw-mul\libsmallc.a(lib_a-memcmp.o)
 .debug_loc     0x00000000000008ae      0x157 c:/altera_lite/16.0/nios2eds/bin/gnu/h-x86_64-mingw32/bin/../lib/gcc/nios2-elf/5.2.0/../../../../../H-x86_64-mingw32/nios2-elf/lib/mno-hw-mul\libsmallc.a(lib_a-__call_atexit.o)

.debug_macinfo
 *(.debug_macinfo)

.debug_weaknames
 *(.debug_weaknames)

.debug_funcnames
 *(.debug_funcnames)

.debug_typenames
 *(.debug_typenames)

.debug_varnames
 *(.debug_varnames)

.debug_alt_sim_info
                0x0000000000000000       0x10
 *(.debug_alt_sim_info)
 .debug_alt_sim_info
                0x0000000000000000       0x10 ../C_eng_job4_bsp//obj/HAL/src/crt0.o
                0x0000000001000000                __alt_data_end = 0x1000000
                0x0000000001000000                PROVIDE (__alt_stack_pointer, __alt_data_end)
                [!provide]                        PROVIDE (__alt_stack_limit, __alt_stack_base)
                [!provide]                        PROVIDE (__alt_heap_start, end)
                [!provide]                        PROVIDE (__alt_heap_limit, 0x1000000)
OUTPUT(C_eng_job4.elf elf32-littlenios2)

.debug_ranges   0x0000000000000000      0x1c0
 .debug_ranges  0x0000000000000000       0x20 ../C_eng_job4_bsp//obj/HAL/src/crt0.o
 .debug_ranges  0x0000000000000020       0x60 c:/altera_lite/16.0/nios2eds/bin/gnu/h-x86_64-mingw32/bin/../lib/gcc/nios2-elf/5.2.0/mno-hw-mul\libgcc.a(lib2-divmod.o)
 .debug_ranges  0x0000000000000080       0x30 c:/altera_lite/16.0/nios2eds/bin/gnu/h-x86_64-mingw32/bin/../lib/gcc/nios2-elf/5.2.0/mno-hw-mul\libgcc.a(fixsfsi.o)
 .debug_ranges  0x00000000000000b0       0x10 c:/altera_lite/16.0/nios2eds/bin/gnu/h-x86_64-mingw32/bin/../lib/gcc/nios2-elf/5.2.0/../../../../../H-x86_64-mingw32/nios2-elf/lib/mno-hw-mul\libsmallc.a(lib_a-memcpy.o)
 .debug_ranges  0x00000000000000c0       0x10 c:/altera_lite/16.0/nios2eds/bin/gnu/h-x86_64-mingw32/bin/../lib/gcc/nios2-elf/5.2.0/../../../../../H-x86_64-mingw32/nios2-elf/lib/mno-hw-mul\libsmallc.a(lib_a-memset.o)
 .debug_ranges  0x00000000000000d0       0x10 c:/altera_lite/16.0/nios2eds/bin/gnu/h-x86_64-mingw32/bin/../lib/gcc/nios2-elf/5.2.0/../../../../../H-x86_64-mingw32/nios2-elf/lib/mno-hw-mul\libsmallc.a(lib_a-strlen.o)
 .debug_ranges  0x00000000000000e0       0x18 ../C_eng_job4_bsp/\libhal_bsp.a(altera_avalon_jtag_uart_read.o)
 .debug_ranges  0x00000000000000f8       0x28 ../C_eng_job4_bsp/\libhal_bsp.a(alt_irq_entry.o)
 .debug_ranges  0x0000000000000120       0x10 ../C_eng_job4_bsp/\libhal_bsp.a(alt_irq_handler.o)
 .debug_ranges  0x0000000000000130       0x30 ../C_eng_job4_bsp/\libhal_bsp.a(alt_exception_entry.o)
 .debug_ranges  0x0000000000000160       0x18 ../C_eng_job4_bsp/\libhal_bsp.a(alt_instruction_exception_entry.o)
 .debug_ranges  0x0000000000000178       0x10 c:/altera_lite/16.0/nios2eds/bin/gnu/h-x86_64-mingw32/bin/../lib/gcc/nios2-elf/5.2.0/../../../../../H-x86_64-mingw32/nios2-elf/lib/mno-hw-mul\libsmallc.a(lib_a-exit.o)
 .debug_ranges  0x0000000000000188       0x10 c:/altera_lite/16.0/nios2eds/bin/gnu/h-x86_64-mingw32/bin/../lib/gcc/nios2-elf/5.2.0/../../../../../H-x86_64-mingw32/nios2-elf/lib/mno-hw-mul\libsmallc.a(lib_a-memcmp.o)
 .debug_ranges  0x0000000000000198       0x28 c:/altera_lite/16.0/nios2eds/bin/gnu/h-x86_64-mingw32/bin/../lib/gcc/nios2-elf/5.2.0/../../../../../H-x86_64-mingw32/nios2-elf/lib/mno-hw-mul\libsmallc.a(lib_a-__call_atexit.o)
