Archive member included to satisfy reference by file (symbol)

c:/altera_lite/16.0/nios2eds/bin/gnu/h-x86_64-mingw32/bin/../lib/gcc/nios2-elf/5.2.0/mno-hw-mul\libgcc.a(lib2-divmod.o)
                              obj/default/sensor.o (__divsi3)
c:/altera_lite/16.0/nios2eds/bin/gnu/h-x86_64-mingw32/bin/../lib/gcc/nios2-elf/5.2.0/mno-hw-mul\libgcc.a(lib2-mul.o)
                              obj/default/main.o (__mulsi3)
c:/altera_lite/16.0/nios2eds/bin/gnu/h-x86_64-mingw32/bin/../lib/gcc/nios2-elf/5.2.0/mno-hw-mul\libgcc.a(fixsfsi.o)
                              obj/default/sensor.o (__fixsfsi)
c:/altera_lite/16.0/nios2eds/bin/gnu/h-x86_64-mingw32/bin/../lib/gcc/nios2-elf/5.2.0/../../../../../H-x86_64-mingw32/nios2-elf/lib/mno-hw-mul\libsmallc.a(lib_a-memcpy.o)
                              obj/default/main.o (memcpy)
c:/altera_lite/16.0/nios2eds/bin/gnu/h-x86_64-mingw32/bin/../lib/gcc/nios2-elf/5.2.0/../../../../../H-x86_64-mingw32/nios2-elf/lib/mno-hw-mul\libsmallc.a(lib_a-memset.o)
                              obj/default/sensor.o (memset)
c:/altera_lite/16.0/nios2eds/bin/gnu/h-x86_64-mingw32/bin/../lib/gcc/nios2-elf/5.2.0/../../../../../H-x86_64-mingw32/nios2-elf/lib/mno-hw-mul\libsmallc.a(lib_a-strlen.o)
                              obj/default/vga_util.o (strlen)
../C_eng_job4_bsp/\libhal_bsp.a(alt_load.o)
                              ../C_eng_job4_bsp//obj/HAL/src/crt0.o (alt_load)
../C_eng_job4_bsp/\libhal_bsp.a(alt_main.o)
                              ../C_eng_job4_bsp//obj/HAL/src/crt0.o (alt_main)
../C_eng_job4_bsp/\libhal_bsp.a(alt_sys_init.o)
                              ../C_eng_job4_bsp/\libhal_bsp.a(alt_main.o) (alt_irq_init)
../C_eng_job4_bsp/\libhal_bsp.a(altera_avalon_jtag_uart_fd.o)
                              ../C_eng_job4_bsp/\libhal_bsp.a(alt_sys_init.o) (altera_avalon_jtag_uart_read_fd)
../C_eng_job4_bsp/\libhal_bsp.a(altera_avalon_jtag_uart_read.o)
                              ../C_eng_job4_bsp/\libhal_bsp.a(altera_avalon_jtag_uart_fd.o) (altera_avalon_jtag_uart_read)
../C_eng_job4_bsp/\libhal_bsp.a(altera_avalon_jtag_uart_write.o)
                              ../C_eng_job4_bsp/\libhal_bsp.a(altera_avalon_jtag_uart_fd.o) (altera_avalon_jtag_uart_write)
../C_eng_job4_bsp/\libhal_bsp.a(altera_avalon_spi.o)
                              obj/default/sensor.o (alt_avalon_spi_command)
../C_eng_job4_bsp/\libhal_bsp.a(altera_modular_adc.o)
                              ../C_eng_job4_bsp/\libhal_bsp.a(alt_sys_init.o) (altera_modular_adc_init)
../C_eng_job4_bsp/\libhal_bsp.a(alt_close.o)
                              ../C_eng_job4_bsp/\libhal_bsp.a(alt_main.o) (close)
../C_eng_job4_bsp/\libhal_bsp.a(alt_dcache_flush_all.o)
                              ../C_eng_job4_bsp/\libhal_bsp.a(alt_load.o) (alt_dcache_flush_all)
../C_eng_job4_bsp/\libhal_bsp.a(alt_dev.o)
                              ../C_eng_job4_bsp/\libhal_bsp.a(alt_sys_init.o) (alt_dev_list)
../C_eng_job4_bsp/\libhal_bsp.a(alt_dev_llist_insert.o)
                              ../C_eng_job4_bsp/\libhal_bsp.a(alt_sys_init.o) (alt_dev_llist_insert)
../C_eng_job4_bsp/\libhal_bsp.a(alt_errno.o)
                              ../C_eng_job4_bsp/\libhal_bsp.a(alt_close.o) (alt_errno)
../C_eng_job4_bsp/\libhal_bsp.a(alt_find_dev.o)
                              ../C_eng_job4_bsp/\libhal_bsp.a(altera_modular_adc.o) (alt_find_dev)
../C_eng_job4_bsp/\libhal_bsp.a(alt_icache_flush_all.o)
                              ../C_eng_job4_bsp/\libhal_bsp.a(alt_load.o) (alt_icache_flush_all)
../C_eng_job4_bsp/\libhal_bsp.a(alt_iic.o)
                              ../C_eng_job4_bsp/\libhal_bsp.a(altera_modular_adc.o) (alt_ic_isr_register)
../C_eng_job4_bsp/\libhal_bsp.a(alt_iic_isr_register.o)
                              ../C_eng_job4_bsp/\libhal_bsp.a(alt_iic.o) (alt_iic_isr_register)
../C_eng_job4_bsp/\libhal_bsp.a(alt_io_redirect.o)
                              ../C_eng_job4_bsp/\libhal_bsp.a(alt_main.o) (alt_io_redirect)
../C_eng_job4_bsp/\libhal_bsp.a(alt_irq_entry.o)
                              ../C_eng_job4_bsp/\libhal_bsp.a(alt_iic_isr_register.o) (alt_irq_entry)
../C_eng_job4_bsp/\libhal_bsp.a(alt_irq_handler.o)
                              ../C_eng_job4_bsp/\libhal_bsp.a(alt_iic_isr_register.o) (alt_irq)
../C_eng_job4_bsp/\libhal_bsp.a(alt_irq_vars.o)
                              ../C_eng_job4_bsp/\libhal_bsp.a(alt_iic.o) (alt_irq_active)
../C_eng_job4_bsp/\libhal_bsp.a(alt_open.o)
                              ../C_eng_job4_bsp/\libhal_bsp.a(alt_io_redirect.o) (open)
../C_eng_job4_bsp/\libhal_bsp.a(alt_release_fd.o)
                              ../C_eng_job4_bsp/\libhal_bsp.a(alt_close.o) (alt_release_fd)
../C_eng_job4_bsp/\libhal_bsp.a(altera_nios2_gen2_irq.o)
                              ../C_eng_job4_bsp/\libhal_bsp.a(alt_sys_init.o) (altera_nios2_gen2_irq_init)
../C_eng_job4_bsp/\libhal_bsp.a(alt_exception_entry.o)
                              ../C_eng_job4_bsp/\libhal_bsp.a(alt_irq_entry.o) (alt_exception)
../C_eng_job4_bsp/\libhal_bsp.a(alt_find_file.o)
                              ../C_eng_job4_bsp/\libhal_bsp.a(alt_open.o) (alt_find_file)
../C_eng_job4_bsp/\libhal_bsp.a(alt_get_fd.o)
                              ../C_eng_job4_bsp/\libhal_bsp.a(alt_open.o) (alt_get_fd)
../C_eng_job4_bsp/\libhal_bsp.a(alt_instruction_exception_entry.o)
                              ../C_eng_job4_bsp/\libhal_bsp.a(alt_exception_entry.o) (alt_instruction_exception_entry)
c:/altera_lite/16.0/nios2eds/bin/gnu/h-x86_64-mingw32/bin/../lib/gcc/nios2-elf/5.2.0/../../../../../H-x86_64-mingw32/nios2-elf/lib/mno-hw-mul\libsmallc.a(lib_a-exit.o)
                              ../C_eng_job4_bsp/\libhal_bsp.a(alt_main.o) (exit)
c:/altera_lite/16.0/nios2eds/bin/gnu/h-x86_64-mingw32/bin/../lib/gcc/nios2-elf/5.2.0/../../../../../H-x86_64-mingw32/nios2-elf/lib/mno-hw-mul\libsmallc.a(lib_a-int_errno.o)
                              ../C_eng_job4_bsp/\libhal_bsp.a(alt_close.o) (errno)
c:/altera_lite/16.0/nios2eds/bin/gnu/h-x86_64-mingw32/bin/../lib/gcc/nios2-elf/5.2.0/../../../../../H-x86_64-mingw32/nios2-elf/lib/mno-hw-mul\libsmallc.a(lib_a-memcmp.o)
                              ../C_eng_job4_bsp/\libhal_bsp.a(alt_find_dev.o) (memcmp)
c:/altera_lite/16.0/nios2eds/bin/gnu/h-x86_64-mingw32/bin/../lib/gcc/nios2-elf/5.2.0/../../../../../H-x86_64-mingw32/nios2-elf/lib/mno-hw-mul\libsmallc.a(lib_a-__call_atexit.o)
                              c:/altera_lite/16.0/nios2eds/bin/gnu/h-x86_64-mingw32/bin/../lib/gcc/nios2-elf/5.2.0/../../../../../H-x86_64-mingw32/nios2-elf/lib/mno-hw-mul\libsmallc.a(lib_a-exit.o) (__call_exitprocs)
c:/altera_lite/16.0/nios2eds/bin/gnu/h-x86_64-mingw32/bin/../lib/gcc/nios2-elf/5.2.0/../../../../../H-x86_64-mingw32/nios2-elf/lib/mno-hw-mul\libsmallc.a(lib_a-impure.o)
                              c:/altera_lite/16.0/nios2eds/bin/gnu/h-x86_64-mingw32/bin/../lib/gcc/nios2-elf/5.2.0/../../../../../H-x86_64-mingw32/nios2-elf/lib/mno-hw-mul\libsmallc.a(lib_a-__call_atexit.o) (_global_impure_ptr)
../C_eng_job4_bsp/\libhal_bsp.a(alt_exit.o)
                              c:/altera_lite/16.0/nios2eds/bin/gnu/h-x86_64-mingw32/bin/../lib/gcc/nios2-elf/5.2.0/../../../../../H-x86_64-mingw32/nios2-elf/lib/mno-hw-mul\libsmallc.a(lib_a-exit.o) (_exit)

Allocating common symbols
Common symbol       size              file

alt_irq             0x100             ../C_eng_job4_bsp/\libhal_bsp.a(alt_irq_handler.o)
errno               0x4               c:/altera_lite/16.0/nios2eds/bin/gnu/h-x86_64-mingw32/bin/../lib/gcc/nios2-elf/5.2.0/../../../../../H-x86_64-mingw32/nios2-elf/lib/mno-hw-mul\libsmallc.a(lib_a-int_errno.o)

Memory Configuration

Name             Origin             Length             Attributes
reset            0x0000000000800000 0x0000000000000020
SDRAM_Controller 0x0000000000800020 0x00000000007fffe0
*default*        0x0000000000000000 0xffffffffffffffff

Linker script and memory map

LOAD ../C_eng_job4_bsp//obj/HAL/src/crt0.o
LOAD obj/default/main.o
LOAD obj/default/sensor.o
LOAD obj/default/vga_util.o
LOAD c:/altera_lite/16.0/nios2eds/bin/gnu/h-x86_64-mingw32/bin/../lib/gcc/nios2-elf/5.2.0/../../../../../H-x86_64-mingw32/nios2-elf/lib/mno-hw-mul\libstdc++.a
LOAD c:/altera_lite/16.0/nios2eds/bin/gnu/h-x86_64-mingw32/bin/../lib/gcc/nios2-elf/5.2.0/../../../../../H-x86_64-mingw32/nios2-elf/lib/mno-hw-mul\libm.a
LOAD c:/altera_lite/16.0/nios2eds/bin/gnu/h-x86_64-mingw32/bin/../lib/gcc/nios2-elf/5.2.0/mno-hw-mul\libgcc.a
START GROUP
LOAD c:/altera_lite/16.0/nios2eds/bin/gnu/h-x86_64-mingw32/bin/../lib/gcc/nios2-elf/5.2.0/../../../../../H-x86_64-mingw32/nios2-elf/lib/mno-hw-mul\libsmallc.a
LOAD c:/altera_lite/16.0/nios2eds/bin/gnu/h-x86_64-mingw32/bin/../lib/gcc/nios2-elf/5.2.0/mno-hw-mul\libgcc.a
LOAD ../C_eng_job4_bsp/\libhal_bsp.a
LOAD c:/altera_lite/16.0/nios2eds/bin/gnu/h-x86_64-mingw32/bin/../lib/gcc/nios2-elf/5.2.0/../../../../../H-x86_64-mingw32/nios2-elf/lib/mno-hw-mul\libm.a
END GROUP
LOAD c:/altera_lite/16.0/nios2eds/bin/gnu/h-x86_64-mingw32/bin/../lib/gcc/nios2-elf/5.2.0/mno-hw-mul\libgcc.a
                0x0000000000800000                __alt_mem_SDRAM_Controller = 0x800000

.entry          0x0000000000800000       0x20
 *(.entry)
 .entry         0x0000000000800000       0x20 ../C_eng_job4_bsp//obj/HAL/src/crt0.o
                0x0000000000800000                __reset

.exceptions     0x0000000000800020      0x210
                0x0000000000800020                PROVIDE (__ram_exceptions_start, ABSOLUTE (.))
                0x0000000000800020                . = ALIGN (0x20)
 *(.irq)
 *(.exceptions.entry.label)
 .exceptions.entry.label
                0x0000000000800020        0x0 ../C_eng_job4_bsp/\libhal_bsp.a(alt_irq_entry.o)
                0x0000000000800020                alt_irq_entry
 .exceptions.entry.label
                0x0000000000800020        0x0 ../C_eng_job4_bsp/\libhal_bsp.a(alt_exception_entry.o)
                0x0000000000800020                alt_exception
 *(.exceptions.entry.user)
 *(.exceptions.entry.ecc_fatal)
 *(.exceptions.entry)
 .exceptions.entry
                0x0000000000800020       0x54 ../C_eng_job4_bsp/\libhal_bsp.a(alt_exception_entry.o)
 *(.exceptions.irqtest.user)
 *(.exceptions.irqtest)
 .exceptions.irqtest
                0x0000000000800074       0x10 ../C_eng_job4_bsp/\libhal_bsp.a(alt_irq_entry.o)
 *(.exceptions.irqhandler.user)
 *(.exceptions.irqhandler)
 .exceptions.irqhandler
                0x0000000000800084        0x4 ../C_eng_job4_bsp/\libhal_bsp.a(alt_irq_entry.o)
 *(.exceptions.irqreturn.user)
 *(.exceptions.irqreturn)
 .exceptions.irqreturn
                0x0000000000800088        0x4 ../C_eng_job4_bsp/\libhal_bsp.a(alt_irq_entry.o)
 *(.exceptions.notirq.label)
 .exceptions.notirq.label
                0x000000000080008c        0x0 ../C_eng_job4_bsp/\libhal_bsp.a(alt_irq_entry.o)
 *(.exceptions.notirq.user)
 *(.exceptions.notirq)
 .exceptions.notirq
                0x000000000080008c        0x8 ../C_eng_job4_bsp/\libhal_bsp.a(alt_exception_entry.o)
 *(.exceptions.soft.user)
 *(.exceptions.soft)
 *(.exceptions.unknown.user)
 *(.exceptions.unknown)
 .exceptions.unknown
                0x0000000000800094       0x14 ../C_eng_job4_bsp/\libhal_bsp.a(alt_exception_entry.o)
 *(.exceptions.exit.label)
 .exceptions.exit.label
                0x00000000008000a8        0x0 ../C_eng_job4_bsp/\libhal_bsp.a(alt_irq_entry.o)
 .exceptions.exit.label
                0x00000000008000a8        0x0 ../C_eng_job4_bsp/\libhal_bsp.a(alt_exception_entry.o)
 *(.exceptions.exit.user)
 *(.exceptions.exit)
 .exceptions.exit
                0x00000000008000a8       0x54 ../C_eng_job4_bsp/\libhal_bsp.a(alt_exception_entry.o)
 *(.exceptions)
 .exceptions    0x00000000008000fc       0xd4 ../C_eng_job4_bsp/\libhal_bsp.a(alt_irq_handler.o)
                0x00000000008000fc                alt_irq_handler
 .exceptions    0x00000000008001d0       0x60 ../C_eng_job4_bsp/\libhal_bsp.a(alt_instruction_exception_entry.o)
                0x00000000008001d0                alt_instruction_exception_entry
                0x0000000000800230                PROVIDE (__ram_exceptions_end, ABSOLUTE (.))
                0x0000000000800020                PROVIDE (__flash_exceptions_start, LOADADDR (.exceptions))

.text           0x0000000000800230     0x3e68
                [!provide]                        PROVIDE (stext, ABSOLUTE (.))
 *(.interp)
 *(.hash)
 *(.dynsym)
 *(.dynstr)
 *(.gnu.version)
 *(.gnu.version_d)
 *(.gnu.version_r)
 *(.rel.init)
 *(.rela.init)
 *(.rel.text .rel.text.* .rel.gnu.linkonce.t.*)
 *(.rela.text .rela.text.* .rela.gnu.linkonce.t.*)
 *(.rel.fini)
 *(.rela.fini)
 *(.rel.rodata .rel.rodata.* .rel.gnu.linkonce.r.*)
 *(.rela.rodata .rela.rodata.* .rela.gnu.linkonce.r.*)
 *(.rel.data .rel.data.* .rel.gnu.linkonce.d.*)
 *(.rela.data .rela.data.* .rela.gnu.linkonce.d.*)
 *(.rel.tdata .rel.tdata.* .rel.gnu.linkonce.td.*)
 *(.rela.tdata .rela.tdata.* .rela.gnu.linkonce.td.*)
 *(.rel.tbss .rel.tbss.* .rel.gnu.linkonce.tb.*)
 *(.rela.tbss .rela.tbss.* .rela.gnu.linkonce.tb.*)
 *(.rel.ctors)
 *(.rela.ctors)
 *(.rel.dtors)
 *(.rela.dtors)
 *(.rel.got)
 *(.rela.got)
 *(.rel.sdata .rel.sdata.* .rel.gnu.linkonce.s.*)
 *(.rela.sdata .rela.sdata.* .rela.gnu.linkonce.s.*)
 *(.rel.sbss .rel.sbss.* .rel.gnu.linkonce.sb.*)
 *(.rela.sbss .rela.sbss.* .rela.gnu.linkonce.sb.*)
 *(.rel.sdata2 .rel.sdata2.* .rel.gnu.linkonce.s2.*)
 *(.rela.sdata2 .rela.sdata2.* .rela.gnu.linkonce.s2.*)
 *(.rel.sbss2 .rel.sbss2.* .rel.gnu.linkonce.sb2.*)
 *(.rela.sbss2 .rela.sbss2.* .rela.gnu.linkonce.sb2.*)
 *(.rel.bss .rel.bss.* .rel.gnu.linkonce.b.*)
 *(.rela.bss .rela.bss.* .rela.gnu.linkonce.b.*)
 *(.rel.plt)
 *(.rela.plt)
 *(.rel.dyn)
 *(.init)
 *(.plt)
 *(.text .stub .text.* .gnu.linkonce.t.*)
 .text          0x0000000000800230       0x3c ../C_eng_job4_bsp//obj/HAL/src/crt0.o
                0x0000000000800230                _start
 .text          0x000000000080026c      0x680 obj/default/main.o
                0x000000000080026c                main
 .text          0x00000000008008ec      0xab8 obj/default/sensor.o
                0x00000000008008ec                queue_init
                0x0000000000800978                queue_enqueue
                0x0000000000800b04                queue_dequeue
                0x0000000000800b6c                queue_print
                0x0000000000800bbc                queue_print_screen
                0x0000000000800f34                read_temp
                0x0000000000800fb4                read_light
                0x0000000000801034                config_time_base
                0x0000000000801068                init_measurement
                0x00000000008010b4                draw_graph
                0x00000000008011c8                update_graph
                0x0000000000801270                read_accelerometerX
                0x0000000000801384                do_nothing
 .text          0x00000000008013a4      0xf5c obj/default/vga_util.o
                0x00000000008013a4                i2bcd
                0x0000000000801440                update_time
                0x00000000008016a8                high_lite_dot2Hz_sampling_on_screen
                0x000000000080177c                high_lite_1Hz_sampling_on_screen
                0x0000000000801850                high_lite_5Hz_sampling_on_screen
                0x0000000000801924                draw_sampling_frequecy_sub_screen
                0x0000000000801a2c                print_pix
                0x0000000000801ad8                print_hline
                0x0000000000801ba8                print_vline
                0x0000000000801c78                print_char
                0x0000000000801da8                print_str
                0x0000000000801e50                print_symmetry_dots_circle
                0x0000000000801fa8                print_empty_circle
                0x00000000008020fc                print_circle
                0x0000000000802170                clear_screen
                0x00000000008021f4                read_pixel_ram_int
                0x0000000000802258                print_welcome_screen
 .text          0x0000000000802300      0x1b4 c:/altera_lite/16.0/nios2eds/bin/gnu/h-x86_64-mingw32/bin/../lib/gcc/nios2-elf/5.2.0/mno-hw-mul\libgcc.a(lib2-divmod.o)
                0x0000000000802300                __divsi3
                0x0000000000802384                __modsi3
                0x00000000008023f8                __udivsi3
                0x000000000080245c                __umodsi3
 .text          0x00000000008024b4       0x28 c:/altera_lite/16.0/nios2eds/bin/gnu/h-x86_64-mingw32/bin/../lib/gcc/nios2-elf/5.2.0/mno-hw-mul\libgcc.a(lib2-mul.o)
                0x00000000008024b4                __mulsi3
 .text          0x00000000008024dc       0x70 c:/altera_lite/16.0/nios2eds/bin/gnu/h-x86_64-mingw32/bin/../lib/gcc/nios2-elf/5.2.0/mno-hw-mul\libgcc.a(fixsfsi.o)
                0x00000000008024dc                __fixsfsi
 .text          0x000000000080254c        0x0 c:/altera_lite/16.0/nios2eds/bin/gnu/h-x86_64-mingw32/bin/../lib/gcc/nios2-elf/5.2.0/../../../../../H-x86_64-mingw32/nios2-elf/lib/mno-hw-mul\libsmallc.a(lib_a-memcpy.o)
 .text.memcpy   0x000000000080254c       0x28 c:/altera_lite/16.0/nios2eds/bin/gnu/h-x86_64-mingw32/bin/../lib/gcc/nios2-elf/5.2.0/../../../../../H-x86_64-mingw32/nios2-elf/lib/mno-hw-mul\libsmallc.a(lib_a-memcpy.o)
                0x000000000080254c                memcpy
 .text          0x0000000000802574        0x0 c:/altera_lite/16.0/nios2eds/bin/gnu/h-x86_64-mingw32/bin/../lib/gcc/nios2-elf/5.2.0/../../../../../H-x86_64-mingw32/nios2-elf/lib/mno-hw-mul\libsmallc.a(lib_a-memset.o)
 .text.memset   0x0000000000802574       0x20 c:/altera_lite/16.0/nios2eds/bin/gnu/h-x86_64-mingw32/bin/../lib/gcc/nios2-elf/5.2.0/../../../../../H-x86_64-mingw32/nios2-elf/lib/mno-hw-mul\libsmallc.a(lib_a-memset.o)
                0x0000000000802574                memset
 .text          0x0000000000802594        0x0 c:/altera_lite/16.0/nios2eds/bin/gnu/h-x86_64-mingw32/bin/../lib/gcc/nios2-elf/5.2.0/../../../../../H-x86_64-mingw32/nios2-elf/lib/mno-hw-mul\libsmallc.a(lib_a-strlen.o)
 .text.strlen   0x0000000000802594       0x1c c:/altera_lite/16.0/nios2eds/bin/gnu/h-x86_64-mingw32/bin/../lib/gcc/nios2-elf/5.2.0/../../../../../H-x86_64-mingw32/nios2-elf/lib/mno-hw-mul\libsmallc.a(lib_a-strlen.o)
                0x0000000000802594                strlen
 .text          0x00000000008025b0       0xec ../C_eng_job4_bsp/\libhal_bsp.a(alt_load.o)
                0x0000000000802618                alt_load
 .text          0x000000000080269c       0x6c ../C_eng_job4_bsp/\libhal_bsp.a(alt_main.o)
                0x000000000080269c                alt_main
 .text          0x0000000000802708       0xbc ../C_eng_job4_bsp/\libhal_bsp.a(alt_sys_init.o)
                0x0000000000802740                alt_irq_init
                0x0000000000802778                alt_sys_init
 .text          0x00000000008027c4       0xc0 ../C_eng_job4_bsp/\libhal_bsp.a(altera_avalon_jtag_uart_fd.o)
                0x00000000008027c4                altera_avalon_jtag_uart_read_fd
                0x0000000000802824                altera_avalon_jtag_uart_write_fd
 .text          0x0000000000802884       0xec ../C_eng_job4_bsp/\libhal_bsp.a(altera_avalon_jtag_uart_read.o)
                0x0000000000802884                altera_avalon_jtag_uart_read
 .text          0x0000000000802970       0x94 ../C_eng_job4_bsp/\libhal_bsp.a(altera_avalon_jtag_uart_write.o)
                0x0000000000802970                altera_avalon_jtag_uart_write
 .text          0x0000000000802a04      0x1fc ../C_eng_job4_bsp/\libhal_bsp.a(altera_avalon_spi.o)
                0x0000000000802a04                alt_avalon_spi_command
 .text          0x0000000000802c00      0x56c ../C_eng_job4_bsp/\libhal_bsp.a(altera_modular_adc.o)
                0x0000000000802ca8                alt_adc_word_read
                0x0000000000802d54                altera_modular_adc_init
                0x0000000000802dc8                alt_adc_register_callback
                0x0000000000802e60                altera_modular_adc_open
                0x0000000000802ea0                adc_stop
                0x0000000000802ef0                adc_start
                0x0000000000802f28                adc_set_mode_run_once
                0x0000000000802f68                adc_set_mode_run_continuously
                0x0000000000802fa4                adc_recalibrate
                0x0000000000803020                adc_interrupt_enable
                0x0000000000803064                adc_interrupt_disable
                0x00000000008030ac                adc_clear_interrupt_status
                0x00000000008030f0                adc_interrupt_asserted
                0x0000000000803130                adc_wait_for_interrupt
 .text          0x000000000080316c      0x128 ../C_eng_job4_bsp/\libhal_bsp.a(alt_close.o)
                0x00000000008031bc                close
 .text          0x0000000000803294       0x20 ../C_eng_job4_bsp/\libhal_bsp.a(alt_dcache_flush_all.o)
                0x0000000000803294                alt_dcache_flush_all
 .text          0x00000000008032b4       0x2c ../C_eng_job4_bsp/\libhal_bsp.a(alt_dev.o)
 .text          0x00000000008032e0       0xf4 ../C_eng_job4_bsp/\libhal_bsp.a(alt_dev_llist_insert.o)
                0x0000000000803330                alt_dev_llist_insert
 .text          0x00000000008033d4        0x0 ../C_eng_job4_bsp/\libhal_bsp.a(alt_errno.o)
 .text          0x00000000008033d4       0x90 ../C_eng_job4_bsp/\libhal_bsp.a(alt_find_dev.o)
                0x00000000008033d4                alt_find_dev
 .text          0x0000000000803464       0x20 ../C_eng_job4_bsp/\libhal_bsp.a(alt_icache_flush_all.o)
                0x0000000000803464                alt_icache_flush_all
 .text          0x0000000000803484      0x1e0 ../C_eng_job4_bsp/\libhal_bsp.a(alt_iic.o)
                0x0000000000803484                alt_ic_isr_register
                0x00000000008034d4                alt_ic_irq_enable
                0x0000000000803574                alt_ic_irq_disable
                0x0000000000803618                alt_ic_irq_enabled
 .text          0x0000000000803664       0xf0 ../C_eng_job4_bsp/\libhal_bsp.a(alt_iic_isr_register.o)
                0x0000000000803664                alt_iic_isr_register
 .text          0x0000000000803754      0x160 ../C_eng_job4_bsp/\libhal_bsp.a(alt_io_redirect.o)
                0x0000000000803838                alt_io_redirect
 .text          0x00000000008038b4        0x0 ../C_eng_job4_bsp/\libhal_bsp.a(alt_irq_entry.o)
 .text          0x00000000008038b4        0x0 ../C_eng_job4_bsp/\libhal_bsp.a(alt_irq_handler.o)
 .text          0x00000000008038b4        0x0 ../C_eng_job4_bsp/\libhal_bsp.a(alt_irq_vars.o)
 .text          0x00000000008038b4      0x2a4 ../C_eng_job4_bsp/\libhal_bsp.a(alt_open.o)
                0x00000000008039f8                open
 .text          0x0000000000803b58       0x84 ../C_eng_job4_bsp/\libhal_bsp.a(alt_release_fd.o)
                0x0000000000803b58                alt_release_fd
 .text          0x0000000000803bdc       0x24 ../C_eng_job4_bsp/\libhal_bsp.a(altera_nios2_gen2_irq.o)
                0x0000000000803bdc                altera_nios2_gen2_irq_init
 .text          0x0000000000803c00        0x0 ../C_eng_job4_bsp/\libhal_bsp.a(alt_exception_entry.o)
 .text          0x0000000000803c00      0x114 ../C_eng_job4_bsp/\libhal_bsp.a(alt_find_file.o)
                0x0000000000803c00                alt_find_file
 .text          0x0000000000803d14       0xd4 ../C_eng_job4_bsp/\libhal_bsp.a(alt_get_fd.o)
                0x0000000000803d14                alt_get_fd
 .text          0x0000000000803de8       0x9c ../C_eng_job4_bsp/\libhal_bsp.a(alt_instruction_exception_entry.o)
                0x0000000000803de8                alt_exception_cause_generated_bad_addr
 .text          0x0000000000803e84        0x0 c:/altera_lite/16.0/nios2eds/bin/gnu/h-x86_64-mingw32/bin/../lib/gcc/nios2-elf/5.2.0/../../../../../H-x86_64-mingw32/nios2-elf/lib/mno-hw-mul\libsmallc.a(lib_a-exit.o)
 .text.exit     0x0000000000803e84       0x20 c:/altera_lite/16.0/nios2eds/bin/gnu/h-x86_64-mingw32/bin/../lib/gcc/nios2-elf/5.2.0/../../../../../H-x86_64-mingw32/nios2-elf/lib/mno-hw-mul\libsmallc.a(lib_a-exit.o)
                0x0000000000803e84                exit
 .text          0x0000000000803ea4        0x0 c:/altera_lite/16.0/nios2eds/bin/gnu/h-x86_64-mingw32/bin/../lib/gcc/nios2-elf/5.2.0/../../../../../H-x86_64-mingw32/nios2-elf/lib/mno-hw-mul\libsmallc.a(lib_a-int_errno.o)
 .text          0x0000000000803ea4        0x0 c:/altera_lite/16.0/nios2eds/bin/gnu/h-x86_64-mingw32/bin/../lib/gcc/nios2-elf/5.2.0/../../../../../H-x86_64-mingw32/nios2-elf/lib/mno-hw-mul\libsmallc.a(lib_a-memcmp.o)
 .text.memcmp   0x0000000000803ea4       0x30 c:/altera_lite/16.0/nios2eds/bin/gnu/h-x86_64-mingw32/bin/../lib/gcc/nios2-elf/5.2.0/../../../../../H-x86_64-mingw32/nios2-elf/lib/mno-hw-mul\libsmallc.a(lib_a-memcmp.o)
                0x0000000000803ea4                memcmp
 .text          0x0000000000803ed4        0x0 c:/altera_lite/16.0/nios2eds/bin/gnu/h-x86_64-mingw32/bin/../lib/gcc/nios2-elf/5.2.0/../../../../../H-x86_64-mingw32/nios2-elf/lib/mno-hw-mul\libsmallc.a(lib_a-__call_atexit.o)
 .text.__call_exitprocs
                0x0000000000803ed4      0x190 c:/altera_lite/16.0/nios2eds/bin/gnu/h-x86_64-mingw32/bin/../lib/gcc/nios2-elf/5.2.0/../../../../../H-x86_64-mingw32/nios2-elf/lib/mno-hw-mul\libsmallc.a(lib_a-__call_atexit.o)
                0x0000000000803ed4                __call_exitprocs
 .text          0x0000000000804064        0x0 c:/altera_lite/16.0/nios2eds/bin/gnu/h-x86_64-mingw32/bin/../lib/gcc/nios2-elf/5.2.0/../../../../../H-x86_64-mingw32/nios2-elf/lib/mno-hw-mul\libsmallc.a(lib_a-impure.o)
 .text          0x0000000000804064       0x34 ../C_eng_job4_bsp/\libhal_bsp.a(alt_exit.o)
                0x0000000000804064                _exit
 *(.gnu.warning.*)
 *(.fini)
                [!provide]                        PROVIDE (__etext, ABSOLUTE (.))
                [!provide]                        PROVIDE (_etext, ABSOLUTE (.))
                [!provide]                        PROVIDE (etext, ABSOLUTE (.))
 *(.eh_frame_hdr)
                0x0000000000804098                . = ALIGN (0x4)
                [!provide]                        PROVIDE (__preinit_array_start, ABSOLUTE (.))
 *(.preinit_array)
                [!provide]                        PROVIDE (__preinit_array_end, ABSOLUTE (.))
                [!provide]                        PROVIDE (__init_array_start, ABSOLUTE (.))
 *(.init_array)
                [!provide]                        PROVIDE (__init_array_end, ABSOLUTE (.))
                [!provide]                        PROVIDE (__fini_array_start, ABSOLUTE (.))
 *(.fini_array)
                [!provide]                        PROVIDE (__fini_array_end, ABSOLUTE (.))
 *(.eh_frame)
 *(.gcc_except_table .gcc_except_table.*)
 *(.dynamic)
                [!provide]                        PROVIDE (__CTOR_LIST__, ABSOLUTE (.))
 *(.ctors)
 *(SORT(.ctors.*))
                [!provide]                        PROVIDE (__CTOR_END__, ABSOLUTE (.))
                [!provide]                        PROVIDE (__DTOR_LIST__, ABSOLUTE (.))
 *(.dtors)
 *(SORT(.dtors.*))
                [!provide]                        PROVIDE (__DTOR_END__, ABSOLUTE (.))
 *(.jcr)
                0x0000000000804098                . = ALIGN (0x4)

.rodata         0x0000000000804098      0x4c8
                0x0000000000804098                PROVIDE (__ram_rodata_start, ABSOLUTE (.))
                0x0000000000804098                . = ALIGN (0x4)
 *(.rodata .rodata.* .gnu.linkonce.r.*)
 .rodata        0x0000000000804098      0x46e obj/default/vga_util.o
 *fill*         0x0000000000804506        0x2 
 .rodata        0x0000000000804508       0x11 ../C_eng_job4_bsp/\libhal_bsp.a(alt_main.o)
 *fill*         0x0000000000804519        0x3 
 .rodata        0x000000000080451c       0x35 ../C_eng_job4_bsp/\libhal_bsp.a(alt_sys_init.o)
 *fill*         0x0000000000804551        0x3 
 .rodata        0x0000000000804554        0xa ../C_eng_job4_bsp/\libhal_bsp.a(alt_dev.o)
 *(.rodata1)
                0x0000000000804560                . = ALIGN (0x4)
 *fill*         0x000000000080455e        0x2 
                0x0000000000804560                PROVIDE (__ram_rodata_end, ABSOLUTE (.))
                0x0000000000804098                PROVIDE (__flash_rodata_start, LOADADDR (.rodata))

.rwdata         0x0000000000804560      0x31c load address 0x000000000080487c
                0x0000000000804560                PROVIDE (__ram_rwdata_start, ABSOLUTE (.))
                0x0000000000804560                . = ALIGN (0x4)
 *(.got.plt)
 *(.got)
 *(.data1)
 *(.data .data.* .gnu.linkonce.d.*)
 .data          0x0000000000804560        0x0 ../C_eng_job4_bsp//obj/HAL/src/crt0.o
 .data          0x0000000000804560        0x0 obj/default/main.o
 .data          0x0000000000804560        0x0 obj/default/sensor.o
 .data          0x0000000000804560        0x0 obj/default/vga_util.o
 .data          0x0000000000804560        0x0 c:/altera_lite/16.0/nios2eds/bin/gnu/h-x86_64-mingw32/bin/../lib/gcc/nios2-elf/5.2.0/mno-hw-mul\libgcc.a(lib2-divmod.o)
 .data          0x0000000000804560        0x0 c:/altera_lite/16.0/nios2eds/bin/gnu/h-x86_64-mingw32/bin/../lib/gcc/nios2-elf/5.2.0/mno-hw-mul\libgcc.a(lib2-mul.o)
 .data          0x0000000000804560        0x0 c:/altera_lite/16.0/nios2eds/bin/gnu/h-x86_64-mingw32/bin/../lib/gcc/nios2-elf/5.2.0/mno-hw-mul\libgcc.a(fixsfsi.o)
 .data          0x0000000000804560        0x0 c:/altera_lite/16.0/nios2eds/bin/gnu/h-x86_64-mingw32/bin/../lib/gcc/nios2-elf/5.2.0/../../../../../H-x86_64-mingw32/nios2-elf/lib/mno-hw-mul\libsmallc.a(lib_a-memcpy.o)
 .data          0x0000000000804560        0x0 c:/altera_lite/16.0/nios2eds/bin/gnu/h-x86_64-mingw32/bin/../lib/gcc/nios2-elf/5.2.0/../../../../../H-x86_64-mingw32/nios2-elf/lib/mno-hw-mul\libsmallc.a(lib_a-memset.o)
 .data          0x0000000000804560        0x0 c:/altera_lite/16.0/nios2eds/bin/gnu/h-x86_64-mingw32/bin/../lib/gcc/nios2-elf/5.2.0/../../../../../H-x86_64-mingw32/nios2-elf/lib/mno-hw-mul\libsmallc.a(lib_a-strlen.o)
 .data          0x0000000000804560        0x0 ../C_eng_job4_bsp/\libhal_bsp.a(alt_load.o)
 .data          0x0000000000804560        0x0 ../C_eng_job4_bsp/\libhal_bsp.a(alt_main.o)
 .data          0x0000000000804560       0x68 ../C_eng_job4_bsp/\libhal_bsp.a(alt_sys_init.o)
 .data          0x00000000008045c8        0x0 ../C_eng_job4_bsp/\libhal_bsp.a(altera_avalon_jtag_uart_fd.o)
 .data          0x00000000008045c8        0x0 ../C_eng_job4_bsp/\libhal_bsp.a(altera_avalon_jtag_uart_read.o)
 .data          0x00000000008045c8        0x0 ../C_eng_job4_bsp/\libhal_bsp.a(altera_avalon_jtag_uart_write.o)
 .data          0x00000000008045c8        0x0 ../C_eng_job4_bsp/\libhal_bsp.a(altera_avalon_spi.o)
 .data          0x00000000008045c8        0x0 ../C_eng_job4_bsp/\libhal_bsp.a(altera_modular_adc.o)
 .data          0x00000000008045c8        0x0 ../C_eng_job4_bsp/\libhal_bsp.a(alt_close.o)
 .data          0x00000000008045c8        0x0 ../C_eng_job4_bsp/\libhal_bsp.a(alt_dcache_flush_all.o)
 .data          0x00000000008045c8      0x1a8 ../C_eng_job4_bsp/\libhal_bsp.a(alt_dev.o)
                0x00000000008045c8                alt_dev_null
                0x00000000008045f0                alt_fd_list
 .data          0x0000000000804770        0x0 ../C_eng_job4_bsp/\libhal_bsp.a(alt_dev_llist_insert.o)
 .data          0x0000000000804770        0x0 ../C_eng_job4_bsp/\libhal_bsp.a(alt_errno.o)
 .data          0x0000000000804770        0x0 ../C_eng_job4_bsp/\libhal_bsp.a(alt_find_dev.o)
 .data          0x0000000000804770        0x0 ../C_eng_job4_bsp/\libhal_bsp.a(alt_icache_flush_all.o)
 .data          0x0000000000804770        0x0 ../C_eng_job4_bsp/\libhal_bsp.a(alt_iic.o)
 .data          0x0000000000804770        0x0 ../C_eng_job4_bsp/\libhal_bsp.a(alt_iic_isr_register.o)
 .data          0x0000000000804770        0x0 ../C_eng_job4_bsp/\libhal_bsp.a(alt_io_redirect.o)
 .data          0x0000000000804770        0x0 ../C_eng_job4_bsp/\libhal_bsp.a(alt_irq_entry.o)
 .data          0x0000000000804770        0x0 ../C_eng_job4_bsp/\libhal_bsp.a(alt_irq_handler.o)
 .data          0x0000000000804770        0x0 ../C_eng_job4_bsp/\libhal_bsp.a(alt_irq_vars.o)
 .data          0x0000000000804770        0x0 ../C_eng_job4_bsp/\libhal_bsp.a(alt_open.o)
 .data          0x0000000000804770        0x0 ../C_eng_job4_bsp/\libhal_bsp.a(alt_release_fd.o)
 .data          0x0000000000804770        0x0 ../C_eng_job4_bsp/\libhal_bsp.a(altera_nios2_gen2_irq.o)
 .data          0x0000000000804770        0x0 ../C_eng_job4_bsp/\libhal_bsp.a(alt_exception_entry.o)
 .data          0x0000000000804770        0x0 ../C_eng_job4_bsp/\libhal_bsp.a(alt_find_file.o)
 .data          0x0000000000804770        0x0 ../C_eng_job4_bsp/\libhal_bsp.a(alt_get_fd.o)
 .data          0x0000000000804770        0x0 ../C_eng_job4_bsp/\libhal_bsp.a(alt_instruction_exception_entry.o)
 .data          0x0000000000804770        0x0 c:/altera_lite/16.0/nios2eds/bin/gnu/h-x86_64-mingw32/bin/../lib/gcc/nios2-elf/5.2.0/../../../../../H-x86_64-mingw32/nios2-elf/lib/mno-hw-mul\libsmallc.a(lib_a-exit.o)
 .data          0x0000000000804770        0x0 c:/altera_lite/16.0/nios2eds/bin/gnu/h-x86_64-mingw32/bin/../lib/gcc/nios2-elf/5.2.0/../../../../../H-x86_64-mingw32/nios2-elf/lib/mno-hw-mul\libsmallc.a(lib_a-int_errno.o)
 .data          0x0000000000804770        0x0 c:/altera_lite/16.0/nios2eds/bin/gnu/h-x86_64-mingw32/bin/../lib/gcc/nios2-elf/5.2.0/../../../../../H-x86_64-mingw32/nios2-elf/lib/mno-hw-mul\libsmallc.a(lib_a-memcmp.o)
 .data          0x0000000000804770        0x0 c:/altera_lite/16.0/nios2eds/bin/gnu/h-x86_64-mingw32/bin/../lib/gcc/nios2-elf/5.2.0/../../../../../H-x86_64-mingw32/nios2-elf/lib/mno-hw-mul\libsmallc.a(lib_a-__call_atexit.o)
 .data          0x0000000000804770        0x0 c:/altera_lite/16.0/nios2eds/bin/gnu/h-x86_64-mingw32/bin/../lib/gcc/nios2-elf/5.2.0/../../../../../H-x86_64-mingw32/nios2-elf/lib/mno-hw-mul\libsmallc.a(lib_a-impure.o)
 .data.impure_data
                0x0000000000804770       0xe0 c:/altera_lite/16.0/nios2eds/bin/gnu/h-x86_64-mingw32/bin/../lib/gcc/nios2-elf/5.2.0/../../../../../H-x86_64-mingw32/nios2-elf/lib/mno-hw-mul\libsmallc.a(lib_a-impure.o)
 .data          0x0000000000804850        0x0 ../C_eng_job4_bsp/\libhal_bsp.a(alt_exit.o)
                0x000000000080c850                _gp = ABSOLUTE ((. + 0x8000))
                [!provide]                        PROVIDE (gp, _gp)
 *(.rwdata .rwdata.*)
 *(.sdata .sdata.* .gnu.linkonce.s.*)
 .sdata         0x0000000000804850        0x8 ../C_eng_job4_bsp/\libhal_bsp.a(altera_modular_adc.o)
                0x0000000000804850                altera_modular_adc_list
 .sdata         0x0000000000804858       0x14 ../C_eng_job4_bsp/\libhal_bsp.a(alt_dev.o)
                0x0000000000804858                alt_fs_list
                0x0000000000804860                alt_dev_list
                0x0000000000804868                alt_max_fd
 .sdata         0x000000000080486c        0x4 ../C_eng_job4_bsp/\libhal_bsp.a(alt_errno.o)
                0x000000000080486c                alt_errno
 .sdata         0x0000000000804870        0x4 ../C_eng_job4_bsp/\libhal_bsp.a(alt_irq_vars.o)
                0x0000000000804870                alt_priority_mask
 .sdata._global_impure_ptr
                0x0000000000804874        0x4 c:/altera_lite/16.0/nios2eds/bin/gnu/h-x86_64-mingw32/bin/../lib/gcc/nios2-elf/5.2.0/../../../../../H-x86_64-mingw32/nios2-elf/lib/mno-hw-mul\libsmallc.a(lib_a-impure.o)
                0x0000000000804874                _global_impure_ptr
 .sdata._impure_ptr
                0x0000000000804878        0x4 c:/altera_lite/16.0/nios2eds/bin/gnu/h-x86_64-mingw32/bin/../lib/gcc/nios2-elf/5.2.0/../../../../../H-x86_64-mingw32/nios2-elf/lib/mno-hw-mul\libsmallc.a(lib_a-impure.o)
                0x0000000000804878                _impure_ptr
 *(.sdata2 .sdata2.* .gnu.linkonce.s2.*)
                0x000000000080487c                . = ALIGN (0x4)
                0x000000000080487c                _edata = ABSOLUTE (.)
                [!provide]                        PROVIDE (edata, ABSOLUTE (.))
                0x000000000080487c                PROVIDE (__ram_rwdata_end, ABSOLUTE (.))
                0x000000000080487c                PROVIDE (__flash_rwdata_start, LOADADDR (.rwdata))

.bss            0x0000000000804b98      0x3a0
                0x0000000000804b98                __bss_start = ABSOLUTE (.)
                [!provide]                        PROVIDE (__sbss_start, ABSOLUTE (.))
                [!provide]                        PROVIDE (___sbss_start, ABSOLUTE (.))
 *(.dynsbss)
 *(.sbss .sbss.* .gnu.linkonce.sb.*)
 .sbss          0x0000000000804b98        0xc obj/default/vga_util.o
 .sbss          0x0000000000804ba4        0xc ../C_eng_job4_bsp/\libhal_bsp.a(alt_main.o)
                0x0000000000804ba4                alt_argc
                0x0000000000804ba8                alt_argv
                0x0000000000804bac                alt_envp
 .sbss          0x0000000000804bb0        0x4 ../C_eng_job4_bsp/\libhal_bsp.a(alt_irq_vars.o)
                0x0000000000804bb0                alt_irq_active
 .sbss          0x0000000000804bb4        0x4 ../C_eng_job4_bsp/\libhal_bsp.a(alt_instruction_exception_entry.o)
                0x0000000000804bb4                alt_instruction_exception_handler
 .sbss          0x0000000000804bb8        0x4 c:/altera_lite/16.0/nios2eds/bin/gnu/h-x86_64-mingw32/bin/../lib/gcc/nios2-elf/5.2.0/../../../../../H-x86_64-mingw32/nios2-elf/lib/mno-hw-mul\libsmallc.a(lib_a-int_errno.o)
                0x0000000000804bb8                errno
 *(.sbss2 .sbss2.* .gnu.linkonce.sb2.*)
 *(.scommon)
                [!provide]                        PROVIDE (__sbss_end, ABSOLUTE (.))
                [!provide]                        PROVIDE (___sbss_end, ABSOLUTE (.))
 *(.dynbss)
 *(.bss .bss.* .gnu.linkonce.b.*)
 .bss           0x0000000000804bbc        0x0 ../C_eng_job4_bsp//obj/HAL/src/crt0.o
 .bss           0x0000000000804bbc      0x27c obj/default/main.o
 .bss           0x0000000000804e38        0x0 obj/default/sensor.o
 .bss           0x0000000000804e38        0x0 obj/default/vga_util.o
 .bss           0x0000000000804e38        0x0 c:/altera_lite/16.0/nios2eds/bin/gnu/h-x86_64-mingw32/bin/../lib/gcc/nios2-elf/5.2.0/mno-hw-mul\libgcc.a(lib2-divmod.o)
 .bss           0x0000000000804e38        0x0 c:/altera_lite/16.0/nios2eds/bin/gnu/h-x86_64-mingw32/bin/../lib/gcc/nios2-elf/5.2.0/mno-hw-mul\libgcc.a(lib2-mul.o)
 .bss           0x0000000000804e38        0x0 c:/altera_lite/16.0/nios2eds/bin/gnu/h-x86_64-mingw32/bin/../lib/gcc/nios2-elf/5.2.0/mno-hw-mul\libgcc.a(fixsfsi.o)
 .bss           0x0000000000804e38        0x0 c:/altera_lite/16.0/nios2eds/bin/gnu/h-x86_64-mingw32/bin/../lib/gcc/nios2-elf/5.2.0/../../../../../H-x86_64-mingw32/nios2-elf/lib/mno-hw-mul\libsmallc.a(lib_a-memcpy.o)
 .bss           0x0000000000804e38        0x0 c:/altera_lite/16.0/nios2eds/bin/gnu/h-x86_64-mingw32/bin/../lib/gcc/nios2-elf/5.2.0/../../../../../H-x86_64-mingw32/nios2-elf/lib/mno-hw-mul\libsmallc.a(lib_a-memset.o)
 .bss           0x0000000000804e38        0x0 c:/altera_lite/16.0/nios2eds/bin/gnu/h-x86_64-mingw32/bin/../lib/gcc/nios2-elf/5.2.0/../../../../../H-x86_64-mingw32/nios2-elf/lib/mno-hw-mul\libsmallc.a(lib_a-strlen.o)
 .bss           0x0000000000804e38        0x0 ../C_eng_job4_bsp/\libhal_bsp.a(alt_load.o)
 .bss           0x0000000000804e38        0x0 ../C_eng_job4_bsp/\libhal_bsp.a(alt_main.o)
 .bss           0x0000000000804e38        0x0 ../C_eng_job4_bsp/\libhal_bsp.a(alt_sys_init.o)
 .bss           0x0000000000804e38        0x0 ../C_eng_job4_bsp/\libhal_bsp.a(altera_avalon_jtag_uart_fd.o)
 .bss           0x0000000000804e38        0x0 ../C_eng_job4_bsp/\libhal_bsp.a(altera_avalon_jtag_uart_read.o)
 .bss           0x0000000000804e38        0x0 ../C_eng_job4_bsp/\libhal_bsp.a(altera_avalon_jtag_uart_write.o)
 .bss           0x0000000000804e38        0x0 ../C_eng_job4_bsp/\libhal_bsp.a(altera_avalon_spi.o)
 .bss           0x0000000000804e38        0x0 ../C_eng_job4_bsp/\libhal_bsp.a(altera_modular_adc.o)
 .bss           0x0000000000804e38        0x0 ../C_eng_job4_bsp/\libhal_bsp.a(alt_close.o)
 .bss           0x0000000000804e38        0x0 ../C_eng_job4_bsp/\libhal_bsp.a(alt_dcache_flush_all.o)
 .bss           0x0000000000804e38        0x0 ../C_eng_job4_bsp/\libhal_bsp.a(alt_dev.o)
 .bss           0x0000000000804e38        0x0 ../C_eng_job4_bsp/\libhal_bsp.a(alt_dev_llist_insert.o)
 .bss           0x0000000000804e38        0x0 ../C_eng_job4_bsp/\libhal_bsp.a(alt_errno.o)
 .bss           0x0000000000804e38        0x0 ../C_eng_job4_bsp/\libhal_bsp.a(alt_find_dev.o)
 .bss           0x0000000000804e38        0x0 ../C_eng_job4_bsp/\libhal_bsp.a(alt_icache_flush_all.o)
 .bss           0x0000000000804e38        0x0 ../C_eng_job4_bsp/\libhal_bsp.a(alt_iic.o)
 .bss           0x0000000000804e38        0x0 ../C_eng_job4_bsp/\libhal_bsp.a(alt_iic_isr_register.o)
 .bss           0x0000000000804e38        0x0 ../C_eng_job4_bsp/\libhal_bsp.a(alt_io_redirect.o)
 .bss           0x0000000000804e38        0x0 ../C_eng_job4_bsp/\libhal_bsp.a(alt_irq_entry.o)
 .bss           0x0000000000804e38        0x0 ../C_eng_job4_bsp/\libhal_bsp.a(alt_irq_handler.o)
 .bss           0x0000000000804e38        0x0 ../C_eng_job4_bsp/\libhal_bsp.a(alt_irq_vars.o)
 .bss           0x0000000000804e38        0x0 ../C_eng_job4_bsp/\libhal_bsp.a(alt_open.o)
 .bss           0x0000000000804e38        0x0 ../C_eng_job4_bsp/\libhal_bsp.a(alt_release_fd.o)
 .bss           0x0000000000804e38        0x0 ../C_eng_job4_bsp/\libhal_bsp.a(altera_nios2_gen2_irq.o)
 .bss           0x0000000000804e38        0x0 ../C_eng_job4_bsp/\libhal_bsp.a(alt_exception_entry.o)
 .bss           0x0000000000804e38        0x0 ../C_eng_job4_bsp/\libhal_bsp.a(alt_find_file.o)
 .bss           0x0000000000804e38        0x0 ../C_eng_job4_bsp/\libhal_bsp.a(alt_get_fd.o)
 .bss           0x0000000000804e38        0x0 ../C_eng_job4_bsp/\libhal_bsp.a(alt_instruction_exception_entry.o)
 .bss           0x0000000000804e38        0x0 c:/altera_lite/16.0/nios2eds/bin/gnu/h-x86_64-mingw32/bin/../lib/gcc/nios2-elf/5.2.0/../../../../../H-x86_64-mingw32/nios2-elf/lib/mno-hw-mul\libsmallc.a(lib_a-exit.o)
 .bss           0x0000000000804e38        0x0 c:/altera_lite/16.0/nios2eds/bin/gnu/h-x86_64-mingw32/bin/../lib/gcc/nios2-elf/5.2.0/../../../../../H-x86_64-mingw32/nios2-elf/lib/mno-hw-mul\libsmallc.a(lib_a-int_errno.o)
 .bss           0x0000000000804e38        0x0 c:/altera_lite/16.0/nios2eds/bin/gnu/h-x86_64-mingw32/bin/../lib/gcc/nios2-elf/5.2.0/../../../../../H-x86_64-mingw32/nios2-elf/lib/mno-hw-mul\libsmallc.a(lib_a-memcmp.o)
 .bss           0x0000000000804e38        0x0 c:/altera_lite/16.0/nios2eds/bin/gnu/h-x86_64-mingw32/bin/../lib/gcc/nios2-elf/5.2.0/../../../../../H-x86_64-mingw32/nios2-elf/lib/mno-hw-mul\libsmallc.a(lib_a-__call_atexit.o)
 .bss           0x0000000000804e38        0x0 c:/altera_lite/16.0/nios2eds/bin/gnu/h-x86_64-mingw32/bin/../lib/gcc/nios2-elf/5.2.0/../../../../../H-x86_64-mingw32/nios2-elf/lib/mno-hw-mul\libsmallc.a(lib_a-impure.o)
 .bss           0x0000000000804e38        0x0 ../C_eng_job4_bsp/\libhal_bsp.a(alt_exit.o)
 *(COMMON)
 COMMON         0x0000000000804e38      0x100 ../C_eng_job4_bsp/\libhal_bsp.a(alt_irq_handler.o)
                0x0000000000804e38                alt_irq
                0x0000000000804f38                . = ALIGN (0x4)
                0x0000000000804f38                __bss_end = ABSOLUTE (.)

.SDRAM_Controller
                0x0000000000804f38        0x0
                [!provide]                        PROVIDE (_alt_partition_SDRAM_Controller_start, ABSOLUTE (.))
 *(.SDRAM_Controller .SDRAM_Controller. SDRAM_Controller.*)
                0x0000000000804f38                . = ALIGN (0x4)
                [!provide]                        PROVIDE (_alt_partition_SDRAM_Controller_end, ABSOLUTE (.))
                0x0000000000804f38                _end = ABSOLUTE (.)
                0x0000000000804f38                end = ABSOLUTE (.)
                0x0000000000804f38                __alt_stack_base = ABSOLUTE (.)
                [!provide]                        PROVIDE (_alt_partition_SDRAM_Controller_load_addr, LOADADDR (.SDRAM_Controller))

.stab
 *(.stab)

.stabstr
 *(.stabstr)

.stab.excl
 *(.stab.excl)

.stab.exclstr
 *(.stab.exclstr)

.stab.index
 *(.stab.index)

.stab.indexstr
 *(.stab.indexstr)

.comment        0x0000000000000000       0x23
 *(.comment)
 .comment       0x0000000000000000       0x23 obj/default/main.o
                                         0x24 (size before relaxing)
 .comment       0x0000000000000023       0x24 obj/default/sensor.o
 .comment       0x0000000000000023       0x24 obj/default/vga_util.o
 .comment       0x0000000000000023       0x24 c:/altera_lite/16.0/nios2eds/bin/gnu/h-x86_64-mingw32/bin/../lib/gcc/nios2-elf/5.2.0/mno-hw-mul\libgcc.a(lib2-divmod.o)
 .comment       0x0000000000000023       0x24 c:/altera_lite/16.0/nios2eds/bin/gnu/h-x86_64-mingw32/bin/../lib/gcc/nios2-elf/5.2.0/mno-hw-mul\libgcc.a(lib2-mul.o)
 .comment       0x0000000000000023       0x24 c:/altera_lite/16.0/nios2eds/bin/gnu/h-x86_64-mingw32/bin/../lib/gcc/nios2-elf/5.2.0/mno-hw-mul\libgcc.a(fixsfsi.o)
 .comment       0x0000000000000023       0x24 c:/altera_lite/16.0/nios2eds/bin/gnu/h-x86_64-mingw32/bin/../lib/gcc/nios2-elf/5.2.0/../../../../../H-x86_64-mingw32/nios2-elf/lib/mno-hw-mul\libsmallc.a(lib_a-memcpy.o)
 .comment       0x0000000000000023       0x24 c:/altera_lite/16.0/nios2eds/bin/gnu/h-x86_64-mingw32/bin/../lib/gcc/nios2-elf/5.2.0/../../../../../H-x86_64-mingw32/nios2-elf/lib/mno-hw-mul\libsmallc.a(lib_a-memset.o)
 .comment       0x0000000000000023       0x24 c:/altera_lite/16.0/nios2eds/bin/gnu/h-x86_64-mingw32/bin/../lib/gcc/nios2-elf/5.2.0/../../../../../H-x86_64-mingw32/nios2-elf/lib/mno-hw-mul\libsmallc.a(lib_a-strlen.o)
 .comment       0x0000000000000023       0x24 ../C_eng_job4_bsp/\libhal_bsp.a(alt_load.o)
 .comment       0x0000000000000023       0x24 ../C_eng_job4_bsp/\libhal_bsp.a(alt_main.o)
 .comment       0x0000000000000023       0x24 ../C_eng_job4_bsp/\libhal_bsp.a(alt_sys_init.o)
 .comment       0x0000000000000023       0x24 ../C_eng_job4_bsp/\libhal_bsp.a(altera_avalon_jtag_uart_fd.o)
 .comment       0x0000000000000023       0x24 ../C_eng_job4_bsp/\libhal_bsp.a(altera_avalon_jtag_uart_read.o)
 .comment       0x0000000000000023       0x24 ../C_eng_job4_bsp/\libhal_bsp.a(altera_avalon_jtag_uart_write.o)
 .comment       0x0000000000000023       0x24 ../C_eng_job4_bsp/\libhal_bsp.a(altera_avalon_spi.o)
 .comment       0x0000000000000023       0x24 ../C_eng_job4_bsp/\libhal_bsp.a(altera_modular_adc.o)
 .comment       0x0000000000000023       0x24 ../C_eng_job4_bsp/\libhal_bsp.a(alt_close.o)
 .comment       0x0000000000000023       0x24 ../C_eng_job4_bsp/\libhal_bsp.a(alt_dcache_flush_all.o)
 .comment       0x0000000000000023       0x24 ../C_eng_job4_bsp/\libhal_bsp.a(alt_dev.o)
 .comment       0x0000000000000023       0x24 ../C_eng_job4_bsp/\libhal_bsp.a(alt_dev_llist_insert.o)
 .comment       0x0000000000000023       0x24 ../C_eng_job4_bsp/\libhal_bsp.a(alt_errno.o)
 .comment       0x0000000000000023       0x24 ../C_eng_job4_bsp/\libhal_bsp.a(alt_find_dev.o)
 .comment       0x0000000000000023       0x24 ../C_eng_job4_bsp/\libhal_bsp.a(alt_icache_flush_all.o)
 .comment       0x0000000000000023       0x24 ../C_eng_job4_bsp/\libhal_bsp.a(alt_iic.o)
 .comment       0x0000000000000023       0x24 ../C_eng_job4_bsp/\libhal_bsp.a(alt_iic_isr_register.o)
 .comment       0x0000000000000023       0x24 ../C_eng_job4_bsp/\libhal_bsp.a(alt_io_redirect.o)
 .comment       0x0000000000000023       0x24 ../C_eng_job4_bsp/\libhal_bsp.a(alt_irq_handler.o)
 .comment       0x0000000000000023       0x24 ../C_eng_job4_bsp/\libhal_bsp.a(alt_irq_vars.o)
 .comment       0x0000000000000023       0x24 ../C_eng_job4_bsp/\libhal_bsp.a(alt_open.o)
 .comment       0x0000000000000023       0x24 ../C_eng_job4_bsp/\libhal_bsp.a(alt_release_fd.o)
 .comment       0x0000000000000023       0x24 ../C_eng_job4_bsp/\libhal_bsp.a(altera_nios2_gen2_irq.o)
 .comment       0x0000000000000023       0x24 ../C_eng_job4_bsp/\libhal_bsp.a(alt_find_file.o)
 .comment       0x0000000000000023       0x24 ../C_eng_job4_bsp/\libhal_bsp.a(alt_get_fd.o)
 .comment       0x0000000000000023       0x24 ../C_eng_job4_bsp/\libhal_bsp.a(alt_instruction_exception_entry.o)
 .comment       0x0000000000000023       0x24 c:/altera_lite/16.0/nios2eds/bin/gnu/h-x86_64-mingw32/bin/../lib/gcc/nios2-elf/5.2.0/../../../../../H-x86_64-mingw32/nios2-elf/lib/mno-hw-mul\libsmallc.a(lib_a-exit.o)
 .comment       0x0000000000000023       0x24 c:/altera_lite/16.0/nios2eds/bin/gnu/h-x86_64-mingw32/bin/../lib/gcc/nios2-elf/5.2.0/../../../../../H-x86_64-mingw32/nios2-elf/lib/mno-hw-mul\libsmallc.a(lib_a-int_errno.o)
 .comment       0x0000000000000023       0x24 c:/altera_lite/16.0/nios2eds/bin/gnu/h-x86_64-mingw32/bin/../lib/gcc/nios2-elf/5.2.0/../../../../../H-x86_64-mingw32/nios2-elf/lib/mno-hw-mul\libsmallc.a(lib_a-memcmp.o)
 .comment       0x0000000000000023       0x24 c:/altera_lite/16.0/nios2eds/bin/gnu/h-x86_64-mingw32/bin/../lib/gcc/nios2-elf/5.2.0/../../../../../H-x86_64-mingw32/nios2-elf/lib/mno-hw-mul\libsmallc.a(lib_a-__call_atexit.o)
 .comment       0x0000000000000023       0x24 c:/altera_lite/16.0/nios2eds/bin/gnu/h-x86_64-mingw32/bin/../lib/gcc/nios2-elf/5.2.0/../../../../../H-x86_64-mingw32/nios2-elf/lib/mno-hw-mul\libsmallc.a(lib_a-impure.o)
 .comment       0x0000000000000023       0x24 ../C_eng_job4_bsp/\libhal_bsp.a(alt_exit.o)

.debug
 *(.debug)

.line
 *(.line)

.debug_srcinfo
 *(.debug_srcinfo)

.debug_sfnames
 *(.debug_sfnames)

.debug_aranges  0x0000000000000000      0x598
 *(.debug_aranges)
 .debug_aranges
                0x0000000000000000       0x28 ../C_eng_job4_bsp//obj/HAL/src/crt0.o
 .debug_aranges
                0x0000000000000028       0x20 obj/default/main.o
 .debug_aranges
                0x0000000000000048       0x20 obj/default/sensor.o
 .debug_aranges
                0x0000000000000068       0x20 obj/default/vga_util.o
 .debug_aranges
                0x0000000000000088       0x20 c:/altera_lite/16.0/nios2eds/bin/gnu/h-x86_64-mingw32/bin/../lib/gcc/nios2-elf/5.2.0/mno-hw-mul\libgcc.a(lib2-divmod.o)
 .debug_aranges
                0x00000000000000a8       0x20 c:/altera_lite/16.0/nios2eds/bin/gnu/h-x86_64-mingw32/bin/../lib/gcc/nios2-elf/5.2.0/mno-hw-mul\libgcc.a(lib2-mul.o)
 .debug_aranges
                0x00000000000000c8       0x20 c:/altera_lite/16.0/nios2eds/bin/gnu/h-x86_64-mingw32/bin/../lib/gcc/nios2-elf/5.2.0/mno-hw-mul\libgcc.a(fixsfsi.o)
 .debug_aranges
                0x00000000000000e8       0x20 c:/altera_lite/16.0/nios2eds/bin/gnu/h-x86_64-mingw32/bin/../lib/gcc/nios2-elf/5.2.0/../../../../../H-x86_64-mingw32/nios2-elf/lib/mno-hw-mul\libsmallc.a(lib_a-memcpy.o)
 .debug_aranges
                0x0000000000000108       0x20 c:/altera_lite/16.0/nios2eds/bin/gnu/h-x86_64-mingw32/bin/../lib/gcc/nios2-elf/5.2.0/../../../../../H-x86_64-mingw32/nios2-elf/lib/mno-hw-mul\libsmallc.a(lib_a-memset.o)
 .debug_aranges
                0x0000000000000128       0x20 c:/altera_lite/16.0/nios2eds/bin/gnu/h-x86_64-mingw32/bin/../lib/gcc/nios2-elf/5.2.0/../../../../../H-x86_64-mingw32/nios2-elf/lib/mno-hw-mul\libsmallc.a(lib_a-strlen.o)
 .debug_aranges
                0x0000000000000148       0x20 ../C_eng_job4_bsp/\libhal_bsp.a(alt_load.o)
 .debug_aranges
                0x0000000000000168       0x20 ../C_eng_job4_bsp/\libhal_bsp.a(alt_main.o)
 .debug_aranges
                0x0000000000000188       0x20 ../C_eng_job4_bsp/\libhal_bsp.a(alt_sys_init.o)
 .debug_aranges
                0x00000000000001a8       0x20 ../C_eng_job4_bsp/\libhal_bsp.a(altera_avalon_jtag_uart_fd.o)
 .debug_aranges
                0x00000000000001c8       0x20 ../C_eng_job4_bsp/\libhal_bsp.a(altera_avalon_jtag_uart_read.o)
 .debug_aranges
                0x00000000000001e8       0x20 ../C_eng_job4_bsp/\libhal_bsp.a(altera_avalon_jtag_uart_write.o)
 .debug_aranges
                0x0000000000000208       0x20 ../C_eng_job4_bsp/\libhal_bsp.a(altera_avalon_spi.o)
 .debug_aranges
                0x0000000000000228       0x20 ../C_eng_job4_bsp/\libhal_bsp.a(altera_modular_adc.o)
 .debug_aranges
                0x0000000000000248       0x20 ../C_eng_job4_bsp/\libhal_bsp.a(alt_close.o)
 .debug_aranges
                0x0000000000000268       0x20 ../C_eng_job4_bsp/\libhal_bsp.a(alt_dcache_flush_all.o)
 .debug_aranges
                0x0000000000000288       0x20 ../C_eng_job4_bsp/\libhal_bsp.a(alt_dev.o)
 .debug_aranges
                0x00000000000002a8       0x20 ../C_eng_job4_bsp/\libhal_bsp.a(alt_dev_llist_insert.o)
 .debug_aranges
                0x00000000000002c8       0x18 ../C_eng_job4_bsp/\libhal_bsp.a(alt_errno.o)
 .debug_aranges
                0x00000000000002e0       0x20 ../C_eng_job4_bsp/\libhal_bsp.a(alt_find_dev.o)
 .debug_aranges
                0x0000000000000300       0x20 ../C_eng_job4_bsp/\libhal_bsp.a(alt_icache_flush_all.o)
 .debug_aranges
                0x0000000000000320       0x20 ../C_eng_job4_bsp/\libhal_bsp.a(alt_iic.o)
 .debug_aranges
                0x0000000000000340       0x20 ../C_eng_job4_bsp/\libhal_bsp.a(alt_iic_isr_register.o)
 .debug_aranges
                0x0000000000000360       0x20 ../C_eng_job4_bsp/\libhal_bsp.a(alt_io_redirect.o)
 .debug_aranges
                0x0000000000000380       0x30 ../C_eng_job4_bsp/\libhal_bsp.a(alt_irq_entry.o)
 .debug_aranges
                0x00000000000003b0       0x20 ../C_eng_job4_bsp/\libhal_bsp.a(alt_irq_handler.o)
 .debug_aranges
                0x00000000000003d0       0x18 ../C_eng_job4_bsp/\libhal_bsp.a(alt_irq_vars.o)
 .debug_aranges
                0x00000000000003e8       0x20 ../C_eng_job4_bsp/\libhal_bsp.a(alt_open.o)
 .debug_aranges
                0x0000000000000408       0x20 ../C_eng_job4_bsp/\libhal_bsp.a(alt_release_fd.o)
 .debug_aranges
                0x0000000000000428       0x20 ../C_eng_job4_bsp/\libhal_bsp.a(altera_nios2_gen2_irq.o)
 .debug_aranges
                0x0000000000000448       0x38 ../C_eng_job4_bsp/\libhal_bsp.a(alt_exception_entry.o)
 .debug_aranges
                0x0000000000000480       0x20 ../C_eng_job4_bsp/\libhal_bsp.a(alt_find_file.o)
 .debug_aranges
                0x00000000000004a0       0x20 ../C_eng_job4_bsp/\libhal_bsp.a(alt_get_fd.o)
 .debug_aranges
                0x00000000000004c0       0x28 ../C_eng_job4_bsp/\libhal_bsp.a(alt_instruction_exception_entry.o)
 .debug_aranges
                0x00000000000004e8       0x20 c:/altera_lite/16.0/nios2eds/bin/gnu/h-x86_64-mingw32/bin/../lib/gcc/nios2-elf/5.2.0/../../../../../H-x86_64-mingw32/nios2-elf/lib/mno-hw-mul\libsmallc.a(lib_a-exit.o)
 .debug_aranges
                0x0000000000000508       0x18 c:/altera_lite/16.0/nios2eds/bin/gnu/h-x86_64-mingw32/bin/../lib/gcc/nios2-elf/5.2.0/../../../../../H-x86_64-mingw32/nios2-elf/lib/mno-hw-mul\libsmallc.a(lib_a-int_errno.o)
 .debug_aranges
                0x0000000000000520       0x20 c:/altera_lite/16.0/nios2eds/bin/gnu/h-x86_64-mingw32/bin/../lib/gcc/nios2-elf/5.2.0/../../../../../H-x86_64-mingw32/nios2-elf/lib/mno-hw-mul\libsmallc.a(lib_a-memcmp.o)
 .debug_aranges
                0x0000000000000540       0x20 c:/altera_lite/16.0/nios2eds/bin/gnu/h-x86_64-mingw32/bin/../lib/gcc/nios2-elf/5.2.0/../../../../../H-x86_64-mingw32/nios2-elf/lib/mno-hw-mul\libsmallc.a(lib_a-__call_atexit.o)
 .debug_aranges
                0x0000000000000560       0x18 c:/altera_lite/16.0/nios2eds/bin/gnu/h-x86_64-mingw32/bin/../lib/gcc/nios2-elf/5.2.0/../../../../../H-x86_64-mingw32/nios2-elf/lib/mno-hw-mul\libsmallc.a(lib_a-impure.o)
 .debug_aranges
                0x0000000000000578       0x20 ../C_eng_job4_bsp/\libhal_bsp.a(alt_exit.o)

.debug_pubnames
 *(.debug_pubnames)

.debug_info     0x0000000000000000     0x699d
 *(.debug_info .gnu.linkonce.wi.*)
 .debug_info    0x0000000000000000       0x8d ../C_eng_job4_bsp//obj/HAL/src/crt0.o
 .debug_info    0x000000000000008d      0x3a0 obj/default/main.o
 .debug_info    0x000000000000042d      0x617 obj/default/sensor.o
 .debug_info    0x0000000000000a44      0x674 obj/default/vga_util.o
 .debug_info    0x00000000000010b8      0x2c3 c:/altera_lite/16.0/nios2eds/bin/gnu/h-x86_64-mingw32/bin/../lib/gcc/nios2-elf/5.2.0/mno-hw-mul\libgcc.a(lib2-divmod.o)
 .debug_info    0x000000000000137b       0xb4 c:/altera_lite/16.0/nios2eds/bin/gnu/h-x86_64-mingw32/bin/../lib/gcc/nios2-elf/5.2.0/mno-hw-mul\libgcc.a(lib2-mul.o)
 .debug_info    0x000000000000142f      0x18b c:/altera_lite/16.0/nios2eds/bin/gnu/h-x86_64-mingw32/bin/../lib/gcc/nios2-elf/5.2.0/mno-hw-mul\libgcc.a(fixsfsi.o)
 .debug_info    0x00000000000015ba      0x119 c:/altera_lite/16.0/nios2eds/bin/gnu/h-x86_64-mingw32/bin/../lib/gcc/nios2-elf/5.2.0/../../../../../H-x86_64-mingw32/nios2-elf/lib/mno-hw-mul\libsmallc.a(lib_a-memcpy.o)
 .debug_info    0x00000000000016d3       0xdc c:/altera_lite/16.0/nios2eds/bin/gnu/h-x86_64-mingw32/bin/../lib/gcc/nios2-elf/5.2.0/../../../../../H-x86_64-mingw32/nios2-elf/lib/mno-hw-mul\libsmallc.a(lib_a-memset.o)
 .debug_info    0x00000000000017af       0xc9 c:/altera_lite/16.0/nios2eds/bin/gnu/h-x86_64-mingw32/bin/../lib/gcc/nios2-elf/5.2.0/../../../../../H-x86_64-mingw32/nios2-elf/lib/mno-hw-mul\libsmallc.a(lib_a-strlen.o)
 .debug_info    0x0000000000001878      0x145 ../C_eng_job4_bsp/\libhal_bsp.a(alt_load.o)
 .debug_info    0x00000000000019bd      0x131 ../C_eng_job4_bsp/\libhal_bsp.a(alt_main.o)
 .debug_info    0x0000000000001aee      0x456 ../C_eng_job4_bsp/\libhal_bsp.a(alt_sys_init.o)
 .debug_info    0x0000000000001f44      0x3a7 ../C_eng_job4_bsp/\libhal_bsp.a(altera_avalon_jtag_uart_fd.o)
 .debug_info    0x00000000000022eb      0x1b2 ../C_eng_job4_bsp/\libhal_bsp.a(altera_avalon_jtag_uart_read.o)
 .debug_info    0x000000000000249d      0x195 ../C_eng_job4_bsp/\libhal_bsp.a(altera_avalon_jtag_uart_write.o)
 .debug_info    0x0000000000002632      0x18d ../C_eng_job4_bsp/\libhal_bsp.a(altera_avalon_spi.o)
 .debug_info    0x00000000000027bf      0x853 ../C_eng_job4_bsp/\libhal_bsp.a(altera_modular_adc.o)
 .debug_info    0x0000000000003012      0x321 ../C_eng_job4_bsp/\libhal_bsp.a(alt_close.o)
 .debug_info    0x0000000000003333       0x92 ../C_eng_job4_bsp/\libhal_bsp.a(alt_dcache_flush_all.o)
 .debug_info    0x00000000000033c5      0x49c ../C_eng_job4_bsp/\libhal_bsp.a(alt_dev.o)
 .debug_info    0x0000000000003861      0x1a9 ../C_eng_job4_bsp/\libhal_bsp.a(alt_dev_llist_insert.o)
 .debug_info    0x0000000000003a0a       0xa6 ../C_eng_job4_bsp/\libhal_bsp.a(alt_errno.o)
 .debug_info    0x0000000000003ab0      0x2e9 ../C_eng_job4_bsp/\libhal_bsp.a(alt_find_dev.o)
 .debug_info    0x0000000000003d99       0x92 ../C_eng_job4_bsp/\libhal_bsp.a(alt_icache_flush_all.o)
 .debug_info    0x0000000000003e2b      0x350 ../C_eng_job4_bsp/\libhal_bsp.a(alt_iic.o)
 .debug_info    0x000000000000417b      0x1ef ../C_eng_job4_bsp/\libhal_bsp.a(alt_iic_isr_register.o)
 .debug_info    0x000000000000436a      0x4a5 ../C_eng_job4_bsp/\libhal_bsp.a(alt_io_redirect.o)
 .debug_info    0x000000000000480f       0x96 ../C_eng_job4_bsp/\libhal_bsp.a(alt_irq_entry.o)
 .debug_info    0x00000000000048a5      0x187 ../C_eng_job4_bsp/\libhal_bsp.a(alt_irq_handler.o)
 .debug_info    0x0000000000004a2c       0x88 ../C_eng_job4_bsp/\libhal_bsp.a(alt_irq_vars.o)
 .debug_info    0x0000000000004ab4      0x3bb ../C_eng_job4_bsp/\libhal_bsp.a(alt_open.o)
 .debug_info    0x0000000000004e6f      0x2b0 ../C_eng_job4_bsp/\libhal_bsp.a(alt_release_fd.o)
 .debug_info    0x000000000000511f       0x92 ../C_eng_job4_bsp/\libhal_bsp.a(altera_nios2_gen2_irq.o)
 .debug_info    0x00000000000051b1       0x9c ../C_eng_job4_bsp/\libhal_bsp.a(alt_exception_entry.o)
 .debug_info    0x000000000000524d      0x2e6 ../C_eng_job4_bsp/\libhal_bsp.a(alt_find_file.o)
 .debug_info    0x0000000000005533      0x310 ../C_eng_job4_bsp/\libhal_bsp.a(alt_get_fd.o)
 .debug_info    0x0000000000005843      0x1e7 ../C_eng_job4_bsp/\libhal_bsp.a(alt_instruction_exception_entry.o)
 .debug_info    0x0000000000005a2a       0xe5 c:/altera_lite/16.0/nios2eds/bin/gnu/h-x86_64-mingw32/bin/../lib/gcc/nios2-elf/5.2.0/../../../../../H-x86_64-mingw32/nios2-elf/lib/mno-hw-mul\libsmallc.a(lib_a-exit.o)
 .debug_info    0x0000000000005b0f       0x8a c:/altera_lite/16.0/nios2eds/bin/gnu/h-x86_64-mingw32/bin/../lib/gcc/nios2-elf/5.2.0/../../../../../H-x86_64-mingw32/nios2-elf/lib/mno-hw-mul\libsmallc.a(lib_a-int_errno.o)
 .debug_info    0x0000000000005b99       0xf4 c:/altera_lite/16.0/nios2eds/bin/gnu/h-x86_64-mingw32/bin/../lib/gcc/nios2-elf/5.2.0/../../../../../H-x86_64-mingw32/nios2-elf/lib/mno-hw-mul\libsmallc.a(lib_a-memcmp.o)
 .debug_info    0x0000000000005c8d      0x67b c:/altera_lite/16.0/nios2eds/bin/gnu/h-x86_64-mingw32/bin/../lib/gcc/nios2-elf/5.2.0/../../../../../H-x86_64-mingw32/nios2-elf/lib/mno-hw-mul\libsmallc.a(lib_a-__call_atexit.o)
 .debug_info    0x0000000000006308      0x5a9 c:/altera_lite/16.0/nios2eds/bin/gnu/h-x86_64-mingw32/bin/../lib/gcc/nios2-elf/5.2.0/../../../../../H-x86_64-mingw32/nios2-elf/lib/mno-hw-mul\libsmallc.a(lib_a-impure.o)
 .debug_info    0x00000000000068b1       0xec ../C_eng_job4_bsp/\libhal_bsp.a(alt_exit.o)

.debug_abbrev   0x0000000000000000     0x2574
 *(.debug_abbrev)
 .debug_abbrev  0x0000000000000000       0x12 ../C_eng_job4_bsp//obj/HAL/src/crt0.o
 .debug_abbrev  0x0000000000000012      0x132 obj/default/main.o
 .debug_abbrev  0x0000000000000144      0x18c obj/default/sensor.o
 .debug_abbrev  0x00000000000002d0      0x181 obj/default/vga_util.o
 .debug_abbrev  0x0000000000000451      0x10e c:/altera_lite/16.0/nios2eds/bin/gnu/h-x86_64-mingw32/bin/../lib/gcc/nios2-elf/5.2.0/mno-hw-mul\libgcc.a(lib2-divmod.o)
 .debug_abbrev  0x000000000000055f       0x6f c:/altera_lite/16.0/nios2eds/bin/gnu/h-x86_64-mingw32/bin/../lib/gcc/nios2-elf/5.2.0/mno-hw-mul\libgcc.a(lib2-mul.o)
 .debug_abbrev  0x00000000000005ce      0x135 c:/altera_lite/16.0/nios2eds/bin/gnu/h-x86_64-mingw32/bin/../lib/gcc/nios2-elf/5.2.0/mno-hw-mul\libgcc.a(fixsfsi.o)
 .debug_abbrev  0x0000000000000703       0x9c c:/altera_lite/16.0/nios2eds/bin/gnu/h-x86_64-mingw32/bin/../lib/gcc/nios2-elf/5.2.0/../../../../../H-x86_64-mingw32/nios2-elf/lib/mno-hw-mul\libsmallc.a(lib_a-memcpy.o)
 .debug_abbrev  0x000000000000079f       0x8e c:/altera_lite/16.0/nios2eds/bin/gnu/h-x86_64-mingw32/bin/../lib/gcc/nios2-elf/5.2.0/../../../../../H-x86_64-mingw32/nios2-elf/lib/mno-hw-mul\libsmallc.a(lib_a-memset.o)
 .debug_abbrev  0x000000000000082d       0x7f c:/altera_lite/16.0/nios2eds/bin/gnu/h-x86_64-mingw32/bin/../lib/gcc/nios2-elf/5.2.0/../../../../../H-x86_64-mingw32/nios2-elf/lib/mno-hw-mul\libsmallc.a(lib_a-strlen.o)
 .debug_abbrev  0x00000000000008ac       0x9f ../C_eng_job4_bsp/\libhal_bsp.a(alt_load.o)
 .debug_abbrev  0x000000000000094b       0xba ../C_eng_job4_bsp/\libhal_bsp.a(alt_main.o)
 .debug_abbrev  0x0000000000000a05      0x160 ../C_eng_job4_bsp/\libhal_bsp.a(alt_sys_init.o)
 .debug_abbrev  0x0000000000000b65       0xf7 ../C_eng_job4_bsp/\libhal_bsp.a(altera_avalon_jtag_uart_fd.o)
 .debug_abbrev  0x0000000000000c5c       0xd5 ../C_eng_job4_bsp/\libhal_bsp.a(altera_avalon_jtag_uart_read.o)
 .debug_abbrev  0x0000000000000d31       0xd5 ../C_eng_job4_bsp/\libhal_bsp.a(altera_avalon_jtag_uart_write.o)
 .debug_abbrev  0x0000000000000e06       0x8a ../C_eng_job4_bsp/\libhal_bsp.a(altera_avalon_spi.o)
 .debug_abbrev  0x0000000000000e90      0x239 ../C_eng_job4_bsp/\libhal_bsp.a(altera_modular_adc.o)
 .debug_abbrev  0x00000000000010c9      0x11f ../C_eng_job4_bsp/\libhal_bsp.a(alt_close.o)
 .debug_abbrev  0x00000000000011e8       0x42 ../C_eng_job4_bsp/\libhal_bsp.a(alt_dcache_flush_all.o)
 .debug_abbrev  0x000000000000122a       0xd9 ../C_eng_job4_bsp/\libhal_bsp.a(alt_dev.o)
 .debug_abbrev  0x0000000000001303      0x114 ../C_eng_job4_bsp/\libhal_bsp.a(alt_dev_llist_insert.o)
 .debug_abbrev  0x0000000000001417       0x5a ../C_eng_job4_bsp/\libhal_bsp.a(alt_errno.o)
 .debug_abbrev  0x0000000000001471       0xf0 ../C_eng_job4_bsp/\libhal_bsp.a(alt_find_dev.o)
 .debug_abbrev  0x0000000000001561       0x42 ../C_eng_job4_bsp/\libhal_bsp.a(alt_icache_flush_all.o)
 .debug_abbrev  0x00000000000015a3      0x163 ../C_eng_job4_bsp/\libhal_bsp.a(alt_iic.o)
 .debug_abbrev  0x0000000000001706      0x169 ../C_eng_job4_bsp/\libhal_bsp.a(alt_iic_isr_register.o)
 .debug_abbrev  0x000000000000186f      0x114 ../C_eng_job4_bsp/\libhal_bsp.a(alt_io_redirect.o)
 .debug_abbrev  0x0000000000001983       0x12 ../C_eng_job4_bsp/\libhal_bsp.a(alt_irq_entry.o)
 .debug_abbrev  0x0000000000001995      0x122 ../C_eng_job4_bsp/\libhal_bsp.a(alt_irq_handler.o)
 .debug_abbrev  0x0000000000001ab7       0x40 ../C_eng_job4_bsp/\libhal_bsp.a(alt_irq_vars.o)
 .debug_abbrev  0x0000000000001af7      0x148 ../C_eng_job4_bsp/\libhal_bsp.a(alt_open.o)
 .debug_abbrev  0x0000000000001c3f       0xde ../C_eng_job4_bsp/\libhal_bsp.a(alt_release_fd.o)
 .debug_abbrev  0x0000000000001d1d       0x42 ../C_eng_job4_bsp/\libhal_bsp.a(altera_nios2_gen2_irq.o)
 .debug_abbrev  0x0000000000001d5f       0x12 ../C_eng_job4_bsp/\libhal_bsp.a(alt_exception_entry.o)
 .debug_abbrev  0x0000000000001d71       0xf0 ../C_eng_job4_bsp/\libhal_bsp.a(alt_find_file.o)
 .debug_abbrev  0x0000000000001e61      0x10d ../C_eng_job4_bsp/\libhal_bsp.a(alt_get_fd.o)
 .debug_abbrev  0x0000000000001f6e       0xdc ../C_eng_job4_bsp/\libhal_bsp.a(alt_instruction_exception_entry.o)
 .debug_abbrev  0x000000000000204a       0x8b c:/altera_lite/16.0/nios2eds/bin/gnu/h-x86_64-mingw32/bin/../lib/gcc/nios2-elf/5.2.0/../../../../../H-x86_64-mingw32/nios2-elf/lib/mno-hw-mul\libsmallc.a(lib_a-exit.o)
 .debug_abbrev  0x00000000000020d5       0x37 c:/altera_lite/16.0/nios2eds/bin/gnu/h-x86_64-mingw32/bin/../lib/gcc/nios2-elf/5.2.0/../../../../../H-x86_64-mingw32/nios2-elf/lib/mno-hw-mul\libsmallc.a(lib_a-int_errno.o)
 .debug_abbrev  0x000000000000210c       0x7f c:/altera_lite/16.0/nios2eds/bin/gnu/h-x86_64-mingw32/bin/../lib/gcc/nios2-elf/5.2.0/../../../../../H-x86_64-mingw32/nios2-elf/lib/mno-hw-mul\libsmallc.a(lib_a-memcmp.o)
 .debug_abbrev  0x000000000000218b      0x1f6 c:/altera_lite/16.0/nios2eds/bin/gnu/h-x86_64-mingw32/bin/../lib/gcc/nios2-elf/5.2.0/../../../../../H-x86_64-mingw32/nios2-elf/lib/mno-hw-mul\libsmallc.a(lib_a-__call_atexit.o)
 .debug_abbrev  0x0000000000002381      0x14a c:/altera_lite/16.0/nios2eds/bin/gnu/h-x86_64-mingw32/bin/../lib/gcc/nios2-elf/5.2.0/../../../../../H-x86_64-mingw32/nios2-elf/lib/mno-hw-mul\libsmallc.a(lib_a-impure.o)
 .debug_abbrev  0x00000000000024cb       0xa9 ../C_eng_job4_bsp/\libhal_bsp.a(alt_exit.o)

.debug_line     0x0000000000000000     0x29d3
 *(.debug_line)
 .debug_line    0x0000000000000000       0x66 ../C_eng_job4_bsp//obj/HAL/src/crt0.o
 .debug_line    0x0000000000000066      0x118 obj/default/main.o
 .debug_line    0x000000000000017e      0x1bb obj/default/sensor.o
 .debug_line    0x0000000000000339      0x27a obj/default/vga_util.o
 .debug_line    0x00000000000005b3      0x105 c:/altera_lite/16.0/nios2eds/bin/gnu/h-x86_64-mingw32/bin/../lib/gcc/nios2-elf/5.2.0/mno-hw-mul\libgcc.a(lib2-divmod.o)
 .debug_line    0x00000000000006b8       0x80 c:/altera_lite/16.0/nios2eds/bin/gnu/h-x86_64-mingw32/bin/../lib/gcc/nios2-elf/5.2.0/mno-hw-mul\libgcc.a(lib2-mul.o)
 .debug_line    0x0000000000000738       0x9a c:/altera_lite/16.0/nios2eds/bin/gnu/h-x86_64-mingw32/bin/../lib/gcc/nios2-elf/5.2.0/mno-hw-mul\libgcc.a(fixsfsi.o)
 .debug_line    0x00000000000007d2      0x15e c:/altera_lite/16.0/nios2eds/bin/gnu/h-x86_64-mingw32/bin/../lib/gcc/nios2-elf/5.2.0/../../../../../H-x86_64-mingw32/nios2-elf/lib/mno-hw-mul\libsmallc.a(lib_a-memcpy.o)
 .debug_line    0x0000000000000930      0x15d c:/altera_lite/16.0/nios2eds/bin/gnu/h-x86_64-mingw32/bin/../lib/gcc/nios2-elf/5.2.0/../../../../../H-x86_64-mingw32/nios2-elf/lib/mno-hw-mul\libsmallc.a(lib_a-memset.o)
 .debug_line    0x0000000000000a8d      0x15c c:/altera_lite/16.0/nios2eds/bin/gnu/h-x86_64-mingw32/bin/../lib/gcc/nios2-elf/5.2.0/../../../../../H-x86_64-mingw32/nios2-elf/lib/mno-hw-mul\libsmallc.a(lib_a-strlen.o)
 .debug_line    0x0000000000000be9       0x8e ../C_eng_job4_bsp/\libhal_bsp.a(alt_load.o)
 .debug_line    0x0000000000000c77       0x9e ../C_eng_job4_bsp/\libhal_bsp.a(alt_main.o)
 .debug_line    0x0000000000000d15      0x141 ../C_eng_job4_bsp/\libhal_bsp.a(alt_sys_init.o)
 .debug_line    0x0000000000000e56      0x112 ../C_eng_job4_bsp/\libhal_bsp.a(altera_avalon_jtag_uart_fd.o)
 .debug_line    0x0000000000000f68       0xfd ../C_eng_job4_bsp/\libhal_bsp.a(altera_avalon_jtag_uart_read.o)
 .debug_line    0x0000000000001065       0xf4 ../C_eng_job4_bsp/\libhal_bsp.a(altera_avalon_jtag_uart_write.o)
 .debug_line    0x0000000000001159       0xb7 ../C_eng_job4_bsp/\libhal_bsp.a(altera_avalon_spi.o)
 .debug_line    0x0000000000001210      0x240 ../C_eng_job4_bsp/\libhal_bsp.a(altera_modular_adc.o)
 .debug_line    0x0000000000001450      0x163 ../C_eng_job4_bsp/\libhal_bsp.a(alt_close.o)
 .debug_line    0x00000000000015b3       0x51 ../C_eng_job4_bsp/\libhal_bsp.a(alt_dcache_flush_all.o)
 .debug_line    0x0000000000001604       0xf5 ../C_eng_job4_bsp/\libhal_bsp.a(alt_dev.o)
 .debug_line    0x00000000000016f9       0xd0 ../C_eng_job4_bsp/\libhal_bsp.a(alt_dev_llist_insert.o)
 .debug_line    0x00000000000017c9       0x51 ../C_eng_job4_bsp/\libhal_bsp.a(alt_errno.o)
 .debug_line    0x000000000000181a       0xb5 ../C_eng_job4_bsp/\libhal_bsp.a(alt_find_dev.o)
 .debug_line    0x00000000000018cf       0x4f ../C_eng_job4_bsp/\libhal_bsp.a(alt_icache_flush_all.o)
 .debug_line    0x000000000000191e       0xef ../C_eng_job4_bsp/\libhal_bsp.a(alt_iic.o)
 .debug_line    0x0000000000001a0d       0xdb ../C_eng_job4_bsp/\libhal_bsp.a(alt_iic_isr_register.o)
 .debug_line    0x0000000000001ae8      0x132 ../C_eng_job4_bsp/\libhal_bsp.a(alt_io_redirect.o)
 .debug_line    0x0000000000001c1a       0x6b ../C_eng_job4_bsp/\libhal_bsp.a(alt_irq_entry.o)
 .debug_line    0x0000000000001c85       0xaa ../C_eng_job4_bsp/\libhal_bsp.a(alt_irq_handler.o)
 .debug_line    0x0000000000001d2f       0x50 ../C_eng_job4_bsp/\libhal_bsp.a(alt_irq_vars.o)
 .debug_line    0x0000000000001d7f      0x12d ../C_eng_job4_bsp/\libhal_bsp.a(alt_open.o)
 .debug_line    0x0000000000001eac       0xb0 ../C_eng_job4_bsp/\libhal_bsp.a(alt_release_fd.o)
 .debug_line    0x0000000000001f5c       0x51 ../C_eng_job4_bsp/\libhal_bsp.a(altera_nios2_gen2_irq.o)
 .debug_line    0x0000000000001fad       0xb3 ../C_eng_job4_bsp/\libhal_bsp.a(alt_exception_entry.o)
 .debug_line    0x0000000000002060       0xd1 ../C_eng_job4_bsp/\libhal_bsp.a(alt_find_file.o)
 .debug_line    0x0000000000002131       0xd8 ../C_eng_job4_bsp/\libhal_bsp.a(alt_get_fd.o)
 .debug_line    0x0000000000002209       0xb9 ../C_eng_job4_bsp/\libhal_bsp.a(alt_instruction_exception_entry.o)
 .debug_line    0x00000000000022c2      0x159 c:/altera_lite/16.0/nios2eds/bin/gnu/h-x86_64-mingw32/bin/../lib/gcc/nios2-elf/5.2.0/../../../../../H-x86_64-mingw32/nios2-elf/lib/mno-hw-mul\libsmallc.a(lib_a-exit.o)
 .debug_line    0x000000000000241b       0x5f c:/altera_lite/16.0/nios2eds/bin/gnu/h-x86_64-mingw32/bin/../lib/gcc/nios2-elf/5.2.0/../../../../../H-x86_64-mingw32/nios2-elf/lib/mno-hw-mul\libsmallc.a(lib_a-int_errno.o)
 .debug_line    0x000000000000247a      0x160 c:/altera_lite/16.0/nios2eds/bin/gnu/h-x86_64-mingw32/bin/../lib/gcc/nios2-elf/5.2.0/../../../../../H-x86_64-mingw32/nios2-elf/lib/mno-hw-mul\libsmallc.a(lib_a-memcmp.o)
 .debug_line    0x00000000000025da      0x232 c:/altera_lite/16.0/nios2eds/bin/gnu/h-x86_64-mingw32/bin/../lib/gcc/nios2-elf/5.2.0/../../../../../H-x86_64-mingw32/nios2-elf/lib/mno-hw-mul\libsmallc.a(lib_a-__call_atexit.o)
 .debug_line    0x000000000000280c      0x156 c:/altera_lite/16.0/nios2eds/bin/gnu/h-x86_64-mingw32/bin/../lib/gcc/nios2-elf/5.2.0/../../../../../H-x86_64-mingw32/nios2-elf/lib/mno-hw-mul\libsmallc.a(lib_a-impure.o)
 .debug_line    0x0000000000002962       0x71 ../C_eng_job4_bsp/\libhal_bsp.a(alt_exit.o)

.debug_frame    0x0000000000000000      0xfe4
 *(.debug_frame)
 .debug_frame   0x0000000000000000       0x34 obj/default/main.o
 .debug_frame   0x0000000000000034      0x218 obj/default/sensor.o
 .debug_frame   0x000000000000024c      0x2bc obj/default/vga_util.o
 .debug_frame   0x0000000000000508       0x50 c:/altera_lite/16.0/nios2eds/bin/gnu/h-x86_64-mingw32/bin/../lib/gcc/nios2-elf/5.2.0/mno-hw-mul\libgcc.a(lib2-divmod.o)
 .debug_frame   0x0000000000000558       0x20 c:/altera_lite/16.0/nios2eds/bin/gnu/h-x86_64-mingw32/bin/../lib/gcc/nios2-elf/5.2.0/mno-hw-mul\libgcc.a(lib2-mul.o)
 .debug_frame   0x0000000000000578       0x20 c:/altera_lite/16.0/nios2eds/bin/gnu/h-x86_64-mingw32/bin/../lib/gcc/nios2-elf/5.2.0/mno-hw-mul\libgcc.a(fixsfsi.o)
 .debug_frame   0x0000000000000598       0x20 c:/altera_lite/16.0/nios2eds/bin/gnu/h-x86_64-mingw32/bin/../lib/gcc/nios2-elf/5.2.0/../../../../../H-x86_64-mingw32/nios2-elf/lib/mno-hw-mul\libsmallc.a(lib_a-memcpy.o)
 .debug_frame   0x00000000000005b8       0x20 c:/altera_lite/16.0/nios2eds/bin/gnu/h-x86_64-mingw32/bin/../lib/gcc/nios2-elf/5.2.0/../../../../../H-x86_64-mingw32/nios2-elf/lib/mno-hw-mul\libsmallc.a(lib_a-memset.o)
 .debug_frame   0x00000000000005d8       0x20 c:/altera_lite/16.0/nios2eds/bin/gnu/h-x86_64-mingw32/bin/../lib/gcc/nios2-elf/5.2.0/../../../../../H-x86_64-mingw32/nios2-elf/lib/mno-hw-mul\libsmallc.a(lib_a-strlen.o)
 .debug_frame   0x00000000000005f8       0x5c ../C_eng_job4_bsp/\libhal_bsp.a(alt_load.o)
 .debug_frame   0x0000000000000654       0x2c ../C_eng_job4_bsp/\libhal_bsp.a(alt_main.o)
 .debug_frame   0x0000000000000680       0x88 ../C_eng_job4_bsp/\libhal_bsp.a(alt_sys_init.o)
 .debug_frame   0x0000000000000708       0x60 ../C_eng_job4_bsp/\libhal_bsp.a(altera_avalon_jtag_uart_fd.o)
 .debug_frame   0x0000000000000768       0x34 ../C_eng_job4_bsp/\libhal_bsp.a(altera_avalon_jtag_uart_read.o)
 .debug_frame   0x000000000000079c       0x34 ../C_eng_job4_bsp/\libhal_bsp.a(altera_avalon_jtag_uart_write.o)
 .debug_frame   0x00000000000007d0       0x34 ../C_eng_job4_bsp/\libhal_bsp.a(altera_avalon_spi.o)
 .debug_frame   0x0000000000000804      0x240 ../C_eng_job4_bsp/\libhal_bsp.a(altera_modular_adc.o)
 .debug_frame   0x0000000000000a44       0x60 ../C_eng_job4_bsp/\libhal_bsp.a(alt_close.o)
 .debug_frame   0x0000000000000aa4       0x34 ../C_eng_job4_bsp/\libhal_bsp.a(alt_dcache_flush_all.o)
 .debug_frame   0x0000000000000ad8       0x34 ../C_eng_job4_bsp/\libhal_bsp.a(alt_dev.o)
 .debug_frame   0x0000000000000b0c       0x60 ../C_eng_job4_bsp/\libhal_bsp.a(alt_dev_llist_insert.o)
 .debug_frame   0x0000000000000b6c       0x38 ../C_eng_job4_bsp/\libhal_bsp.a(alt_find_dev.o)
 .debug_frame   0x0000000000000ba4       0x34 ../C_eng_job4_bsp/\libhal_bsp.a(alt_icache_flush_all.o)
 .debug_frame   0x0000000000000bd8       0xa4 ../C_eng_job4_bsp/\libhal_bsp.a(alt_iic.o)
 .debug_frame   0x0000000000000c7c       0x38 ../C_eng_job4_bsp/\libhal_bsp.a(alt_iic_isr_register.o)
 .debug_frame   0x0000000000000cb4       0x64 ../C_eng_job4_bsp/\libhal_bsp.a(alt_io_redirect.o)
 .debug_frame   0x0000000000000d18       0x38 ../C_eng_job4_bsp/\libhal_bsp.a(alt_irq_handler.o)
 .debug_frame   0x0000000000000d50       0x8c ../C_eng_job4_bsp/\libhal_bsp.a(alt_open.o)
 .debug_frame   0x0000000000000ddc       0x3c ../C_eng_job4_bsp/\libhal_bsp.a(alt_release_fd.o)
 .debug_frame   0x0000000000000e18       0x34 ../C_eng_job4_bsp/\libhal_bsp.a(altera_nios2_gen2_irq.o)
 .debug_frame   0x0000000000000e4c       0x38 ../C_eng_job4_bsp/\libhal_bsp.a(alt_find_file.o)
 .debug_frame   0x0000000000000e84       0x3c ../C_eng_job4_bsp/\libhal_bsp.a(alt_get_fd.o)
 .debug_frame   0x0000000000000ec0       0x5c ../C_eng_job4_bsp/\libhal_bsp.a(alt_instruction_exception_entry.o)
 .debug_frame   0x0000000000000f1c       0x28 c:/altera_lite/16.0/nios2eds/bin/gnu/h-x86_64-mingw32/bin/../lib/gcc/nios2-elf/5.2.0/../../../../../H-x86_64-mingw32/nios2-elf/lib/mno-hw-mul\libsmallc.a(lib_a-exit.o)
 .debug_frame   0x0000000000000f44       0x20 c:/altera_lite/16.0/nios2eds/bin/gnu/h-x86_64-mingw32/bin/../lib/gcc/nios2-elf/5.2.0/../../../../../H-x86_64-mingw32/nios2-elf/lib/mno-hw-mul\libsmallc.a(lib_a-memcmp.o)
 .debug_frame   0x0000000000000f64       0x54 c:/altera_lite/16.0/nios2eds/bin/gnu/h-x86_64-mingw32/bin/../lib/gcc/nios2-elf/5.2.0/../../../../../H-x86_64-mingw32/nios2-elf/lib/mno-hw-mul\libsmallc.a(lib_a-__call_atexit.o)
 .debug_frame   0x0000000000000fb8       0x2c ../C_eng_job4_bsp/\libhal_bsp.a(alt_exit.o)

.debug_str      0x0000000000000000     0x1fac
 *(.debug_str)
 .debug_str     0x0000000000000000      0x241 obj/default/main.o
                                        0x2af (size before relaxing)
 .debug_str     0x0000000000000241      0x12e obj/default/sensor.o
                                        0x36b (size before relaxing)
 .debug_str     0x000000000000036f      0x1e1 obj/default/vga_util.o
                                        0x32a (size before relaxing)
 .debug_str     0x0000000000000550      0x187 c:/altera_lite/16.0/nios2eds/bin/gnu/h-x86_64-mingw32/bin/../lib/gcc/nios2-elf/5.2.0/mno-hw-mul\libgcc.a(lib2-divmod.o)
                                        0x1d2 (size before relaxing)
 .debug_str     0x00000000000006d7       0x40 c:/altera_lite/16.0/nios2eds/bin/gnu/h-x86_64-mingw32/bin/../lib/gcc/nios2-elf/5.2.0/mno-hw-mul\libgcc.a(lib2-mul.o)
                                        0x193 (size before relaxing)
 .debug_str     0x0000000000000717       0x85 c:/altera_lite/16.0/nios2eds/bin/gnu/h-x86_64-mingw32/bin/../lib/gcc/nios2-elf/5.2.0/mno-hw-mul\libgcc.a(fixsfsi.o)
                                        0x219 (size before relaxing)
 .debug_str     0x000000000000079c      0x155 c:/altera_lite/16.0/nios2eds/bin/gnu/h-x86_64-mingw32/bin/../lib/gcc/nios2-elf/5.2.0/../../../../../H-x86_64-mingw32/nios2-elf/lib/mno-hw-mul\libsmallc.a(lib_a-memcpy.o)
                                        0x1f3 (size before relaxing)
 .debug_str     0x00000000000008f1       0x44 c:/altera_lite/16.0/nios2eds/bin/gnu/h-x86_64-mingw32/bin/../lib/gcc/nios2-elf/5.2.0/../../../../../H-x86_64-mingw32/nios2-elf/lib/mno-hw-mul\libsmallc.a(lib_a-memset.o)
                                        0x1df (size before relaxing)
 .debug_str     0x0000000000000935       0x44 c:/altera_lite/16.0/nios2eds/bin/gnu/h-x86_64-mingw32/bin/../lib/gcc/nios2-elf/5.2.0/../../../../../H-x86_64-mingw32/nios2-elf/lib/mno-hw-mul\libsmallc.a(lib_a-strlen.o)
                                        0x1e5 (size before relaxing)
 .debug_str     0x0000000000000979      0x18a ../C_eng_job4_bsp/\libhal_bsp.a(alt_load.o)
                                        0x230 (size before relaxing)
 .debug_str     0x0000000000000b03       0x70 ../C_eng_job4_bsp/\libhal_bsp.a(alt_main.o)
                                        0x1bb (size before relaxing)
 .debug_str     0x0000000000000b73      0x1c4 ../C_eng_job4_bsp/\libhal_bsp.a(alt_sys_init.o)
                                        0x372 (size before relaxing)
 .debug_str     0x0000000000000d37       0x77 ../C_eng_job4_bsp/\libhal_bsp.a(altera_avalon_jtag_uart_fd.o)
                                        0x2f3 (size before relaxing)
 .debug_str     0x0000000000000dae       0x48 ../C_eng_job4_bsp/\libhal_bsp.a(altera_avalon_jtag_uart_read.o)
                                        0x23d (size before relaxing)
 .debug_str     0x0000000000000df6       0x4a ../C_eng_job4_bsp/\libhal_bsp.a(altera_avalon_jtag_uart_write.o)
                                        0x233 (size before relaxing)
 .debug_str     0x0000000000000e40       0xa5 ../C_eng_job4_bsp/\libhal_bsp.a(altera_avalon_spi.o)
                                        0x1fe (size before relaxing)
 .debug_str     0x0000000000000ee5      0x2c1 ../C_eng_job4_bsp/\libhal_bsp.a(altera_modular_adc.o)
                                        0x554 (size before relaxing)
 .debug_str     0x00000000000011a6       0x44 ../C_eng_job4_bsp/\libhal_bsp.a(alt_close.o)
                                        0x229 (size before relaxing)
 .debug_str     0x00000000000011ea       0x34 ../C_eng_job4_bsp/\libhal_bsp.a(alt_dcache_flush_all.o)
                                        0x173 (size before relaxing)
 .debug_str     0x000000000000121e       0x49 ../C_eng_job4_bsp/\libhal_bsp.a(alt_dev.o)
                                        0x323 (size before relaxing)
 .debug_str     0x0000000000001267       0x45 ../C_eng_job4_bsp/\libhal_bsp.a(alt_dev_llist_insert.o)
                                        0x1ea (size before relaxing)
 .debug_str     0x00000000000012ac       0x14 ../C_eng_job4_bsp/\libhal_bsp.a(alt_errno.o)
                                        0x163 (size before relaxing)
 .debug_str     0x00000000000012c0       0x24 ../C_eng_job4_bsp/\libhal_bsp.a(alt_find_dev.o)
                                        0x20a (size before relaxing)
 .debug_str     0x00000000000012e4       0x34 ../C_eng_job4_bsp/\libhal_bsp.a(alt_icache_flush_all.o)
                                        0x173 (size before relaxing)
 .debug_str     0x0000000000001318       0xb7 ../C_eng_job4_bsp/\libhal_bsp.a(alt_iic.o)
                                        0x25c (size before relaxing)
 .debug_str     0x00000000000013cf       0x4c ../C_eng_job4_bsp/\libhal_bsp.a(alt_iic_isr_register.o)
                                        0x206 (size before relaxing)
 .debug_str     0x000000000000141b       0x56 ../C_eng_job4_bsp/\libhal_bsp.a(alt_io_redirect.o)
                                        0x334 (size before relaxing)
 .debug_str     0x0000000000001471       0x3a ../C_eng_job4_bsp/\libhal_bsp.a(alt_irq_handler.o)
                                        0x1b5 (size before relaxing)
 .debug_str     0x00000000000014ab       0x17 ../C_eng_job4_bsp/\libhal_bsp.a(alt_irq_vars.o)
                                        0x158 (size before relaxing)
 .debug_str     0x00000000000014c2       0x29 ../C_eng_job4_bsp/\libhal_bsp.a(alt_open.o)
                                        0x269 (size before relaxing)
 .debug_str     0x00000000000014eb       0x28 ../C_eng_job4_bsp/\libhal_bsp.a(alt_release_fd.o)
                                        0x1f1 (size before relaxing)
 .debug_str     0x0000000000001513       0x3b ../C_eng_job4_bsp/\libhal_bsp.a(altera_nios2_gen2_irq.o)
                                        0x17a (size before relaxing)
 .debug_str     0x000000000000154e       0x26 ../C_eng_job4_bsp/\libhal_bsp.a(alt_find_file.o)
                                        0x218 (size before relaxing)
 .debug_str     0x0000000000001574       0x30 ../C_eng_job4_bsp/\libhal_bsp.a(alt_get_fd.o)
                                        0x23a (size before relaxing)
 .debug_str     0x00000000000015a4      0x48b ../C_eng_job4_bsp/\libhal_bsp.a(alt_instruction_exception_entry.o)
                                        0x5be (size before relaxing)
 .debug_str     0x0000000000001a2f       0xe1 c:/altera_lite/16.0/nios2eds/bin/gnu/h-x86_64-mingw32/bin/../lib/gcc/nios2-elf/5.2.0/../../../../../H-x86_64-mingw32/nios2-elf/lib/mno-hw-mul\libsmallc.a(lib_a-exit.o)
                                        0x1f0 (size before relaxing)
 .debug_str     0x0000000000001b10       0xd3 c:/altera_lite/16.0/nios2eds/bin/gnu/h-x86_64-mingw32/bin/../lib/gcc/nios2-elf/5.2.0/../../../../../H-x86_64-mingw32/nios2-elf/lib/mno-hw-mul\libsmallc.a(lib_a-int_errno.o)
                                        0x1d8 (size before relaxing)
 .debug_str     0x0000000000001be3       0x44 c:/altera_lite/16.0/nios2eds/bin/gnu/h-x86_64-mingw32/bin/../lib/gcc/nios2-elf/5.2.0/../../../../../H-x86_64-mingw32/nios2-elf/lib/mno-hw-mul\libsmallc.a(lib_a-memcmp.o)
                                        0x1df (size before relaxing)
 .debug_str     0x0000000000001c27      0x313 c:/altera_lite/16.0/nios2eds/bin/gnu/h-x86_64-mingw32/bin/../lib/gcc/nios2-elf/5.2.0/../../../../../H-x86_64-mingw32/nios2-elf/lib/mno-hw-mul\libsmallc.a(lib_a-__call_atexit.o)
                                        0x4eb (size before relaxing)
 .debug_str     0x0000000000001f3a       0x48 c:/altera_lite/16.0/nios2eds/bin/gnu/h-x86_64-mingw32/bin/../lib/gcc/nios2-elf/5.2.0/../../../../../H-x86_64-mingw32/nios2-elf/lib/mno-hw-mul\libsmallc.a(lib_a-impure.o)
                                        0x4be (size before relaxing)
 .debug_str     0x0000000000001f82       0x2a ../C_eng_job4_bsp/\libhal_bsp.a(alt_exit.o)
                                        0x16f (size before relaxing)

.debug_loc      0x0000000000000000      0xa05
 *(.debug_loc)
 .debug_loc     0x0000000000000000      0x4ae c:/altera_lite/16.0/nios2eds/bin/gnu/h-x86_64-mingw32/bin/../lib/gcc/nios2-elf/5.2.0/mno-hw-mul\libgcc.a(lib2-divmod.o)
 .debug_loc     0x00000000000004ae       0x93 c:/altera_lite/16.0/nios2eds/bin/gnu/h-x86_64-mingw32/bin/../lib/gcc/nios2-elf/5.2.0/mno-hw-mul\libgcc.a(lib2-mul.o)
 .debug_loc     0x0000000000000541       0xc3 c:/altera_lite/16.0/nios2eds/bin/gnu/h-x86_64-mingw32/bin/../lib/gcc/nios2-elf/5.2.0/mno-hw-mul\libgcc.a(fixsfsi.o)
 .debug_loc     0x0000000000000604      0x135 c:/altera_lite/16.0/nios2eds/bin/gnu/h-x86_64-mingw32/bin/../lib/gcc/nios2-elf/5.2.0/../../../../../H-x86_64-mingw32/nios2-elf/lib/mno-hw-mul\libsmallc.a(lib_a-memcpy.o)
 .debug_loc     0x0000000000000739       0xa5 c:/altera_lite/16.0/nios2eds/bin/gnu/h-x86_64-mingw32/bin/../lib/gcc/nios2-elf/5.2.0/../../../../../H-x86_64-mingw32/nios2-elf/lib/mno-hw-mul\libsmallc.a(lib_a-memset.o)
 .debug_loc     0x00000000000007de       0x1e c:/altera_lite/16.0/nios2eds/bin/gnu/h-x86_64-mingw32/bin/../lib/gcc/nios2-elf/5.2.0/../../../../../H-x86_64-mingw32/nios2-elf/lib/mno-hw-mul\libsmallc.a(lib_a-strlen.o)
 .debug_loc     0x00000000000007fc       0x1e c:/altera_lite/16.0/nios2eds/bin/gnu/h-x86_64-mingw32/bin/../lib/gcc/nios2-elf/5.2.0/../../../../../H-x86_64-mingw32/nios2-elf/lib/mno-hw-mul\libsmallc.a(lib_a-exit.o)
 .debug_loc     0x000000000000081a       0x94 c:/altera_lite/16.0/nios2eds/bin/gnu/h-x86_64-mingw32/bin/../lib/gcc/nios2-elf/5.2.0/../../../../../H-x86_64-mingw32/nios2-elf/lib/mno-hw-mul\libsmallc.a(lib_a-memcmp.o)
 .debug_loc     0x00000000000008ae      0x157 c:/altera_lite/16.0/nios2eds/bin/gnu/h-x86_64-mingw32/bin/../lib/gcc/nios2-elf/5.2.0/../../../../../H-x86_64-mingw32/nios2-elf/lib/mno-hw-mul\libsmallc.a(lib_a-__call_atexit.o)

.debug_macinfo
 *(.debug_macinfo)

.debug_weaknames
 *(.debug_weaknames)

.debug_funcnames
 *(.debug_funcnames)

.debug_typenames
 *(.debug_typenames)

.debug_varnames
 *(.debug_varnames)

.debug_alt_sim_info
                0x0000000000000000       0x10
 *(.debug_alt_sim_info)
 .debug_alt_sim_info
                0x0000000000000000       0x10 ../C_eng_job4_bsp//obj/HAL/src/crt0.o
                0x0000000001000000                __alt_data_end = 0x1000000
                0x0000000001000000                PROVIDE (__alt_stack_pointer, __alt_data_end)
                [!provide]                        PROVIDE (__alt_stack_limit, __alt_stack_base)
                [!provide]                        PROVIDE (__alt_heap_start, end)
                [!provide]                        PROVIDE (__alt_heap_limit, 0x1000000)
OUTPUT(C_eng_job4.elf elf32-littlenios2)

.debug_ranges   0x0000000000000000      0x1c0
 .debug_ranges  0x0000000000000000       0x20 ../C_eng_job4_bsp//obj/HAL/src/crt0.o
 .debug_ranges  0x0000000000000020       0x60 c:/altera_lite/16.0/nios2eds/bin/gnu/h-x86_64-mingw32/bin/../lib/gcc/nios2-elf/5.2.0/mno-hw-mul\libgcc.a(lib2-divmod.o)
 .debug_ranges  0x0000000000000080       0x30 c:/altera_lite/16.0/nios2eds/bin/gnu/h-x86_64-mingw32/bin/../lib/gcc/nios2-elf/5.2.0/mno-hw-mul\libgcc.a(fixsfsi.o)
 .debug_ranges  0x00000000000000b0       0x10 c:/altera_lite/16.0/nios2eds/bin/gnu/h-x86_64-mingw32/bin/../lib/gcc/nios2-elf/5.2.0/../../../../../H-x86_64-mingw32/nios2-elf/lib/mno-hw-mul\libsmallc.a(lib_a-memcpy.o)
 .debug_ranges  0x00000000000000c0       0x10 c:/altera_lite/16.0/nios2eds/bin/gnu/h-x86_64-mingw32/bin/../lib/gcc/nios2-elf/5.2.0/../../../../../H-x86_64-mingw32/nios2-elf/lib/mno-hw-mul\libsmallc.a(lib_a-memset.o)
 .debug_ranges  0x00000000000000d0       0x10 c:/altera_lite/16.0/nios2eds/bin/gnu/h-x86_64-mingw32/bin/../lib/gcc/nios2-elf/5.2.0/../../../../../H-x86_64-mingw32/nios2-elf/lib/mno-hw-mul\libsmallc.a(lib_a-strlen.o)
 .debug_ranges  0x00000000000000e0       0x18 ../C_eng_job4_bsp/\libhal_bsp.a(altera_avalon_jtag_uart_read.o)
 .debug_ranges  0x00000000000000f8       0x28 ../C_eng_job4_bsp/\libhal_bsp.a(alt_irq_entry.o)
 .debug_ranges  0x0000000000000120       0x10 ../C_eng_job4_bsp/\libhal_bsp.a(alt_irq_handler.o)
 .debug_ranges  0x0000000000000130       0x30 ../C_eng_job4_bsp/\libhal_bsp.a(alt_exception_entry.o)
 .debug_ranges  0x0000000000000160       0x18 ../C_eng_job4_bsp/\libhal_bsp.a(alt_instruction_exception_entry.o)
 .debug_ranges  0x0000000000000178       0x10 c:/altera_lite/16.0/nios2eds/bin/gnu/h-x86_64-mingw32/bin/../lib/gcc/nios2-elf/5.2.0/../../../../../H-x86_64-mingw32/nios2-elf/lib/mno-hw-mul\libsmallc.a(lib_a-exit.o)
 .debug_ranges  0x0000000000000188       0x10 c:/altera_lite/16.0/nios2eds/bin/gnu/h-x86_64-mingw32/bin/../lib/gcc/nios2-elf/5.2.0/../../../../../H-x86_64-mingw32/nios2-elf/lib/mno-hw-mul\libsmallc.a(lib_a-memcmp.o)
 .debug_ranges  0x0000000000000198       0x28 c:/altera_lite/16.0/nios2eds/bin/gnu/h-x86_64-mingw32/bin/../lib/gcc/nios2-elf/5.2.0/../../../../../H-x86_64-mingw32/nios2-elf/lib/mno-hw-mul\libsmallc.a(lib_a-__call_atexit.o)
